EN pfb_fir_entity_9a25c942c7 NULL /scratch/zaki/workspace/roachfengine/pfb_fir_1024ch_core/synth_model/pfb_fir_1024ch_core.vhd sub01/vhpl128 1337103204
PB conv_pkg conv_pkg /scratch/zaki/workspace/roachfengine/pfb_fir_1024ch_core/synth_model/pfb_fir_1024ch_core.vhd sub00/vhpl17 1337103093
AR adder_tree2_entity_8005ab3795 structural /scratch/zaki/workspace/roachfengine/pfb_fir_1024ch_core/synth_model/pfb_fir_1024ch_core.vhd sub01/vhpl117 1337103193
EN delay_bram_entity_e42143ed65 NULL /scratch/zaki/workspace/roachfengine/pfb_fir_1024ch_core/synth_model/pfb_fir_1024ch_core.vhd sub01/vhpl104 1337103180
EN relational_acb3c05dd0 NULL /scratch/zaki/workspace/roachfengine/pfb_fir_1024ch_core/synth_model/pfb_fir_1024ch_core.vhd sub00/vhpl68 1337103144
AR constant_fd28b32bf8 behavior /scratch/zaki/workspace/roachfengine/pfb_fir_1024ch_core/synth_model/pfb_fir_1024ch_core.vhd sub00/vhpl59 1337103135
AR xlregister behavior /scratch/zaki/workspace/roachfengine/pfb_fir_1024ch_core/synth_model/pfb_fir_1024ch_core.vhd sub00/vhpl49 1337103125
AR mux_1bef4ba0e4 behavior /scratch/zaki/workspace/roachfengine/pfb_fir_1024ch_core/synth_model/pfb_fir_1024ch_core.vhd sub00/vhpl65 1337103141
AR c_to_ri_entity_0953f06f08 structural /scratch/zaki/workspace/roachfengine/pfb_fir_1024ch_core/synth_model/pfb_fir_1024ch_core.vhd sub01/vhpl101 1337103177
AR xldelay behavior /scratch/zaki/workspace/roachfengine/pfb_fir_1024ch_core/synth_model/pfb_fir_1024ch_core.vhd sub00/vhpl45 1337103121
AR concat_62c4475a80 behavior /scratch/zaki/workspace/roachfengine/pfb_fir_1024ch_core/synth_model/pfb_fir_1024ch_core.vhd sub00/vhpl95 1337103171
AR concat_8e53793314 behavior /scratch/zaki/workspace/roachfengine/pfb_fir_1024ch_core/synth_model/pfb_fir_1024ch_core.vhd sub00/vhpl99 1337103175
EN delay_c53de546ea NULL /scratch/zaki/workspace/roachfengine/pfb_fir_1024ch_core/synth_model/pfb_fir_1024ch_core.vhd sub00/vhpl74 1337103150
EN constant_fd28b32bf8 NULL /scratch/zaki/workspace/roachfengine/pfb_fir_1024ch_core/synth_model/pfb_fir_1024ch_core.vhd sub00/vhpl58 1337103134
EN xldelay NULL /scratch/zaki/workspace/roachfengine/pfb_fir_1024ch_core/synth_model/pfb_fir_1024ch_core.vhd sub00/vhpl44 1337103120
AR reinterpret_7025463ea8 behavior /scratch/zaki/workspace/roachfengine/pfb_fir_1024ch_core/synth_model/pfb_fir_1024ch_core.vhd sub00/vhpl55 1337103131
EN scale_fa7c2ab9f6 NULL /scratch/zaki/workspace/roachfengine/pfb_fir_1024ch_core/synth_model/pfb_fir_1024ch_core.vhd sub00/vhpl90 1337103166
EN convert_func_call NULL /scratch/zaki/workspace/roachfengine/pfb_fir_1024ch_core/synth_model/pfb_fir_1024ch_core.vhd sub00/vhpl86 1337103162
EN cntr_11_0_92cf1c8e61537910 NULL /scratch/zaki/workspace/roachfengine/pfb_fir_1024ch_core/synth_model/pfb_fir_1024ch_core.vhd sub00/vhpl08 1337103084
AR addsb_11_0_386215f5ee0a1ff2 addsb_11_0_386215f5ee0a1ff2_a /scratch/zaki/workspace/roachfengine/pfb_fir_1024ch_core/synth_model/pfb_fir_1024ch_core.vhd sub00/vhpl07 1337103083
AR bmg_62_13b9b50a4ba14112 bmg_62_13b9b50a4ba14112_a /scratch/zaki/workspace/roachfengine/pfb_fir_1024ch_core/synth_model/pfb_fir_1024ch_core.vhd sub00/vhpl11 1337103087
AR cntr_11_0_d8f886b0b4d10089 cntr_11_0_d8f886b0b4d10089_a /scratch/zaki/workspace/roachfengine/pfb_fir_1024ch_core/synth_model/pfb_fir_1024ch_core.vhd sub00/vhpl05 1337103081
EN cntr_11_0_d8f886b0b4d10089 NULL /scratch/zaki/workspace/roachfengine/pfb_fir_1024ch_core/synth_model/pfb_fir_1024ch_core.vhd sub00/vhpl04 1337103080
AR concat_0e2072f8e1 behavior /scratch/zaki/workspace/roachfengine/pfb_fir_1024ch_core/synth_model/pfb_fir_1024ch_core.vhd sub00/vhpl97 1337103173
EN pfb_coeff_gen_entity_555bc0c513 NULL /scratch/zaki/workspace/roachfengine/pfb_fir_1024ch_core/synth_model/pfb_fir_1024ch_core.vhd sub01/vhpl106 1337103182
AR pfb_fir_1024ch_core_cw structural /scratch/zaki/workspace/roachfengine/pfb_fir_1024ch_core/synth_model/pfb_fir_1024ch_core_cw.vhd sub01/vhpl139 1337103215
AR default_clock_driver structural /scratch/zaki/workspace/roachfengine/pfb_fir_1024ch_core/synth_model/pfb_fir_1024ch_core_cw.vhd sub01/vhpl137 1337103213
AR pfb_coeff_gen_entity_555bc0c513 structural /scratch/zaki/workspace/roachfengine/pfb_fir_1024ch_core/synth_model/pfb_fir_1024ch_core.vhd sub01/vhpl107 1337103183
AR pfb_fir_entity_9a25c942c7 structural /scratch/zaki/workspace/roachfengine/pfb_fir_1024ch_core/synth_model/pfb_fir_1024ch_core.vhd sub01/vhpl129 1337103205
AR reinterpret_151459306d behavior /scratch/zaki/workspace/roachfengine/pfb_fir_1024ch_core/synth_model/pfb_fir_1024ch_core.vhd sub00/vhpl81 1337103157
EN xlconvert_pipeline NULL /scratch/zaki/workspace/roachfengine/pfb_fir_1024ch_core/synth_model/pfb_fir_1024ch_core.vhd sub00/vhpl84 1337103160
AR convert_func_call behavior /scratch/zaki/workspace/roachfengine/pfb_fir_1024ch_core/synth_model/pfb_fir_1024ch_core.vhd sub00/vhpl87 1337103163
EN concat_0e2072f8e1 NULL /scratch/zaki/workspace/roachfengine/pfb_fir_1024ch_core/synth_model/pfb_fir_1024ch_core.vhd sub00/vhpl96 1337103172
EN xladdsub NULL /scratch/zaki/workspace/roachfengine/pfb_fir_1024ch_core/synth_model/pfb_fir_1024ch_core.vhd sub00/vhpl72 1337103148
EN pfb_add_tree_entity_10b9fde98e NULL /scratch/zaki/workspace/roachfengine/pfb_fir_1024ch_core/synth_model/pfb_fir_1024ch_core.vhd sub01/vhpl120 1337103196
AR c_to_ri_entity_50c898e2b8 structural /scratch/zaki/workspace/roachfengine/pfb_fir_1024ch_core/synth_model/pfb_fir_1024ch_core.vhd sub01/vhpl103 1337103179
AR sync_delay_entity_8e0c2fc94c structural /scratch/zaki/workspace/roachfengine/pfb_fir_1024ch_core/synth_model/pfb_fir_1024ch_core.vhd sub01/vhpl111 1337103187
EN ri_to_c_entity_0ea894d367 NULL /scratch/zaki/workspace/roachfengine/pfb_fir_1024ch_core/synth_model/pfb_fir_1024ch_core.vhd sub01/vhpl118 1337103194
EN xlcounter_free NULL /scratch/zaki/workspace/roachfengine/pfb_fir_1024ch_core/synth_model/pfb_fir_1024ch_core.vhd sub00/vhpl42 1337103118
EN pol1_in1_tap3_entity_d8ac257bf2 NULL /scratch/zaki/workspace/roachfengine/pfb_fir_1024ch_core/synth_model/pfb_fir_1024ch_core.vhd sub01/vhpl126 1337103202
EN sync_delay_entity_8e0c2fc94c NULL /scratch/zaki/workspace/roachfengine/pfb_fir_1024ch_core/synth_model/pfb_fir_1024ch_core.vhd sub01/vhpl110 1337103186
AR scale_fa7c2ab9f6 behavior /scratch/zaki/workspace/roachfengine/pfb_fir_1024ch_core/synth_model/pfb_fir_1024ch_core.vhd sub00/vhpl91 1337103167
EN c_to_ri_entity_50c898e2b8 NULL /scratch/zaki/workspace/roachfengine/pfb_fir_1024ch_core/synth_model/pfb_fir_1024ch_core.vhd sub01/vhpl102 1337103178
AR bmg_62_251c08a4fe5aabec bmg_62_251c08a4fe5aabec_a /scratch/zaki/workspace/roachfengine/pfb_fir_1024ch_core/synth_model/pfb_fir_1024ch_core.vhd sub00/vhpl03 1337103079
AR constant_6293007044 behavior /scratch/zaki/workspace/roachfengine/pfb_fir_1024ch_core/synth_model/pfb_fir_1024ch_core.vhd sub00/vhpl35 1337103111
EN reinterpret_4389dc89bf NULL /scratch/zaki/workspace/roachfengine/pfb_fir_1024ch_core/synth_model/pfb_fir_1024ch_core.vhd sub00/vhpl32 1337103108
AR xlconvert_pipeline behavior /scratch/zaki/workspace/roachfengine/pfb_fir_1024ch_core/synth_model/pfb_fir_1024ch_core.vhd sub00/vhpl85 1337103161
EN c_to_ri_entity_0953f06f08 NULL /scratch/zaki/workspace/roachfengine/pfb_fir_1024ch_core/synth_model/pfb_fir_1024ch_core.vhd sub01/vhpl100 1337103176
AR pfb_fir_1024ch_core structural /scratch/zaki/workspace/roachfengine/pfb_fir_1024ch_core/synth_model/pfb_fir_1024ch_core.vhd sub01/vhpl133 1337103209
AR relational_d36fe12c1c behavior /scratch/zaki/workspace/roachfengine/pfb_fir_1024ch_core/synth_model/pfb_fir_1024ch_core.vhd sub00/vhpl67 1337103143
AR pfb_add_tree_entity_10b9fde98e structural /scratch/zaki/workspace/roachfengine/pfb_fir_1024ch_core/synth_model/pfb_fir_1024ch_core.vhd sub01/vhpl121 1337103197
EN single_reg_w_init NULL /scratch/zaki/workspace/roachfengine/pfb_fir_1024ch_core/synth_model/pfb_fir_1024ch_core.vhd sub00/vhpl24 1337103100
AR srl17e structural /scratch/zaki/workspace/roachfengine/pfb_fir_1024ch_core/synth_model/pfb_fir_1024ch_core.vhd sub00/vhpl19 1337103095
AR delay_c53de546ea behavior /scratch/zaki/workspace/roachfengine/pfb_fir_1024ch_core/synth_model/pfb_fir_1024ch_core.vhd sub00/vhpl75 1337103151
PH conv_pkg NULL /scratch/zaki/workspace/roachfengine/pfb_fir_1024ch_core/synth_model/pfb_fir_1024ch_core.vhd sub00/vhpl16 1337103092
AR pol1_in1_tap2_entity_ed80e16bb0 structural /scratch/zaki/workspace/roachfengine/pfb_fir_1024ch_core/synth_model/pfb_fir_1024ch_core.vhd sub01/vhpl125 1337103201
AR xlcounter_free behavior /scratch/zaki/workspace/roachfengine/pfb_fir_1024ch_core/synth_model/pfb_fir_1024ch_core.vhd sub00/vhpl43 1337103119
AR constant_e054d850c5 behavior /scratch/zaki/workspace/roachfengine/pfb_fir_1024ch_core/synth_model/pfb_fir_1024ch_core.vhd sub00/vhpl61 1337103137
AR convert_pipeline behavior /scratch/zaki/workspace/roachfengine/pfb_fir_1024ch_core/synth_model/pfb_fir_1024ch_core.vhd sub00/vhpl83 1337103159
AR bmg_62_499e71ff1ce34aaf bmg_62_499e71ff1ce34aaf_a /scratch/zaki/workspace/roachfengine/pfb_fir_1024ch_core/synth_model/pfb_fir_1024ch_core.vhd sub00/vhpl01 1337103077
EN srl17e NULL /scratch/zaki/workspace/roachfengine/pfb_fir_1024ch_core/synth_model/pfb_fir_1024ch_core.vhd sub00/vhpl18 1337103094
AR mult_1f4d330bcc behavior /scratch/zaki/workspace/roachfengine/pfb_fir_1024ch_core/synth_model/pfb_fir_1024ch_core.vhd sub00/vhpl71 1337103147
AR single_reg_w_init structural /scratch/zaki/workspace/roachfengine/pfb_fir_1024ch_core/synth_model/pfb_fir_1024ch_core.vhd sub00/vhpl25 1337103101
EN logical_aacf6e1b0e NULL /scratch/zaki/workspace/roachfengine/pfb_fir_1024ch_core/synth_model/pfb_fir_1024ch_core.vhd sub00/vhpl62 1337103138
AR reinterpret_9a0fa0f632 behavior /scratch/zaki/workspace/roachfengine/pfb_fir_1024ch_core/synth_model/pfb_fir_1024ch_core.vhd sub00/vhpl29 1337103105
AR pol1_in1_last_tap_entity_7b0cb11a5f structural /scratch/zaki/workspace/roachfengine/pfb_fir_1024ch_core/synth_model/pfb_fir_1024ch_core.vhd sub01/vhpl123 1337103199
AR concat_b198bd62b0 behavior /scratch/zaki/workspace/roachfengine/pfb_fir_1024ch_core/synth_model/pfb_fir_1024ch_core.vhd sub00/vhpl77 1337103153
EN convert_pipeline NULL /scratch/zaki/workspace/roachfengine/pfb_fir_1024ch_core/synth_model/pfb_fir_1024ch_core.vhd sub00/vhpl82 1337103158
AR pol1_in1_first_tap_entity_d12c303672 structural /scratch/zaki/workspace/roachfengine/pfb_fir_1024ch_core/synth_model/pfb_fir_1024ch_core.vhd sub01/vhpl113 1337103189
EN constant_6293007044 NULL /scratch/zaki/workspace/roachfengine/pfb_fir_1024ch_core/synth_model/pfb_fir_1024ch_core.vhd sub00/vhpl34 1337103110
EN xlspram NULL /scratch/zaki/workspace/roachfengine/pfb_fir_1024ch_core/synth_model/pfb_fir_1024ch_core.vhd sub00/vhpl38 1337103114
EN concat_b198bd62b0 NULL /scratch/zaki/workspace/roachfengine/pfb_fir_1024ch_core/synth_model/pfb_fir_1024ch_core.vhd sub00/vhpl76 1337103152
AR constant_7c91b1b314 behavior /scratch/zaki/workspace/roachfengine/pfb_fir_1024ch_core/synth_model/pfb_fir_1024ch_core.vhd sub00/vhpl57 1337103133
EN pol1_in1_last_tap_entity_7b0cb11a5f NULL /scratch/zaki/workspace/roachfengine/pfb_fir_1024ch_core/synth_model/pfb_fir_1024ch_core.vhd sub01/vhpl122 1337103198
AR xlspram behavior /scratch/zaki/workspace/roachfengine/pfb_fir_1024ch_core/synth_model/pfb_fir_1024ch_core.vhd sub00/vhpl39 1337103115
EN bmg_62_499e71ff1ce34aaf NULL /scratch/zaki/workspace/roachfengine/pfb_fir_1024ch_core/synth_model/pfb_fir_1024ch_core.vhd sub00/vhpl00 1337103076
EN synth_reg_w_init NULL /scratch/zaki/workspace/roachfengine/pfb_fir_1024ch_core/synth_model/pfb_fir_1024ch_core.vhd sub00/vhpl26 1337103102
EN concat_65b7cc6f0e NULL /scratch/zaki/workspace/roachfengine/pfb_fir_1024ch_core/synth_model/pfb_fir_1024ch_core.vhd sub00/vhpl92 1337103168
EN pfb_fir_1024ch_core NULL /scratch/zaki/workspace/roachfengine/pfb_fir_1024ch_core/synth_model/pfb_fir_1024ch_core.vhd sub01/vhpl132 1337103208
AR concat_a1e126f11c behavior /scratch/zaki/workspace/roachfengine/pfb_fir_1024ch_core/synth_model/pfb_fir_1024ch_core.vhd sub00/vhpl41 1337103117
AR synth_reg structural /scratch/zaki/workspace/roachfengine/pfb_fir_1024ch_core/synth_model/pfb_fir_1024ch_core.vhd sub00/vhpl21 1337103097
AR synth_reg_reg behav /scratch/zaki/workspace/roachfengine/pfb_fir_1024ch_core/synth_model/pfb_fir_1024ch_core.vhd sub00/vhpl23 1337103099
AR adder_tree1_entity_3b2e73ca7b structural /scratch/zaki/workspace/roachfengine/pfb_fir_1024ch_core/synth_model/pfb_fir_1024ch_core.vhd sub01/vhpl115 1337103191
EN reinterpret_7025463ea8 NULL /scratch/zaki/workspace/roachfengine/pfb_fir_1024ch_core/synth_model/pfb_fir_1024ch_core.vhd sub00/vhpl54 1337103130
AR delay_bram_entity_e42143ed65 structural /scratch/zaki/workspace/roachfengine/pfb_fir_1024ch_core/synth_model/pfb_fir_1024ch_core.vhd sub01/vhpl105 1337103181
EN adder_tree1_entity_3b2e73ca7b NULL /scratch/zaki/workspace/roachfengine/pfb_fir_1024ch_core/synth_model/pfb_fir_1024ch_core.vhd sub01/vhpl114 1337103190
AR ri_to_c_entity_0ea894d367 structural /scratch/zaki/workspace/roachfengine/pfb_fir_1024ch_core/synth_model/pfb_fir_1024ch_core.vhd sub01/vhpl119 1337103195
EN constant_7c91b1b314 NULL /scratch/zaki/workspace/roachfengine/pfb_fir_1024ch_core/synth_model/pfb_fir_1024ch_core.vhd sub00/vhpl56 1337103132
AR reinterpret_4389dc89bf behavior /scratch/zaki/workspace/roachfengine/pfb_fir_1024ch_core/synth_model/pfb_fir_1024ch_core.vhd sub00/vhpl33 1337103109
AR xlclockdriver behavior /scratch/zaki/workspace/roachfengine/pfb_fir_1024ch_core/synth_model/pfb_fir_1024ch_core_cw.vhd sub01/vhpl135 1337103211
EN addsb_11_0_386215f5ee0a1ff2 NULL /scratch/zaki/workspace/roachfengine/pfb_fir_1024ch_core/synth_model/pfb_fir_1024ch_core.vhd sub00/vhpl06 1337103082
AR pol1_in1_tap3_entity_d8ac257bf2 structural /scratch/zaki/workspace/roachfengine/pfb_fir_1024ch_core/synth_model/pfb_fir_1024ch_core.vhd sub01/vhpl127 1337103203
AR xlconvert behavior /scratch/zaki/workspace/roachfengine/pfb_fir_1024ch_core/synth_model/pfb_fir_1024ch_core.vhd sub00/vhpl89 1337103165
EN reinterpret_d51df7ac30 NULL /scratch/zaki/workspace/roachfengine/pfb_fir_1024ch_core/synth_model/pfb_fir_1024ch_core.vhd sub00/vhpl50 1337103126
AR xlslice behavior /scratch/zaki/workspace/roachfengine/pfb_fir_1024ch_core/synth_model/pfb_fir_1024ch_core.vhd sub00/vhpl31 1337103107
EN synth_reg NULL /scratch/zaki/workspace/roachfengine/pfb_fir_1024ch_core/synth_model/pfb_fir_1024ch_core.vhd sub00/vhpl20 1337103096
EN xlclockdriver NULL /scratch/zaki/workspace/roachfengine/pfb_fir_1024ch_core/synth_model/pfb_fir_1024ch_core_cw.vhd sub01/vhpl134 1337103210
EN constant_e054d850c5 NULL /scratch/zaki/workspace/roachfengine/pfb_fir_1024ch_core/synth_model/pfb_fir_1024ch_core.vhd sub00/vhpl60 1337103136
AR reinterpret_d51df7ac30 behavior /scratch/zaki/workspace/roachfengine/pfb_fir_1024ch_core/synth_model/pfb_fir_1024ch_core.vhd sub00/vhpl51 1337103127
EN concat_a1e126f11c NULL /scratch/zaki/workspace/roachfengine/pfb_fir_1024ch_core/synth_model/pfb_fir_1024ch_core.vhd sub00/vhpl40 1337103116
EN mult_1f4d330bcc NULL /scratch/zaki/workspace/roachfengine/pfb_fir_1024ch_core/synth_model/pfb_fir_1024ch_core.vhd sub00/vhpl70 1337103146
EN pfb_fir_1024ch_core_cw NULL /scratch/zaki/workspace/roachfengine/pfb_fir_1024ch_core/synth_model/pfb_fir_1024ch_core_cw.vhd sub01/vhpl138 1337103214
EN ri_to_c_entity_2ed1f8e6ea NULL /scratch/zaki/workspace/roachfengine/pfb_fir_1024ch_core/synth_model/pfb_fir_1024ch_core.vhd sub01/vhpl130 1337103206
AR relational_acb3c05dd0 behavior /scratch/zaki/workspace/roachfengine/pfb_fir_1024ch_core/synth_model/pfb_fir_1024ch_core.vhd sub00/vhpl69 1337103145
EN bmg_62_13b9b50a4ba14112 NULL /scratch/zaki/workspace/roachfengine/pfb_fir_1024ch_core/synth_model/pfb_fir_1024ch_core.vhd sub00/vhpl10 1337103086
EN relational_d36fe12c1c NULL /scratch/zaki/workspace/roachfengine/pfb_fir_1024ch_core/synth_model/pfb_fir_1024ch_core.vhd sub00/vhpl66 1337103142
AR concat_a369e00c6b behavior /scratch/zaki/workspace/roachfengine/pfb_fir_1024ch_core/synth_model/pfb_fir_1024ch_core.vhd sub00/vhpl53 1337103129
EN xlconvert NULL /scratch/zaki/workspace/roachfengine/pfb_fir_1024ch_core/synth_model/pfb_fir_1024ch_core.vhd sub00/vhpl88 1337103164
EN bmg_62_735f28ddf1ae429b NULL /scratch/zaki/workspace/roachfengine/pfb_fir_1024ch_core/synth_model/pfb_fir_1024ch_core.vhd sub00/vhpl12 1337103088
AR ri_to_c_entity_946cdcdfa8 structural /scratch/zaki/workspace/roachfengine/pfb_fir_1024ch_core/synth_model/pfb_fir_1024ch_core.vhd sub01/vhpl109 1337103185
EN bmg_62_251c08a4fe5aabec NULL /scratch/zaki/workspace/roachfengine/pfb_fir_1024ch_core/synth_model/pfb_fir_1024ch_core.vhd sub00/vhpl02 1337103078
EN pol1_in1_first_tap_entity_d12c303672 NULL /scratch/zaki/workspace/roachfengine/pfb_fir_1024ch_core/synth_model/pfb_fir_1024ch_core.vhd sub01/vhpl112 1337103188
EN concat_8e53793314 NULL /scratch/zaki/workspace/roachfengine/pfb_fir_1024ch_core/synth_model/pfb_fir_1024ch_core.vhd sub00/vhpl98 1337103174
EN concat_62c4475a80 NULL /scratch/zaki/workspace/roachfengine/pfb_fir_1024ch_core/synth_model/pfb_fir_1024ch_core.vhd sub00/vhpl94 1337103170
AR xlcounter_limit behavior /scratch/zaki/workspace/roachfengine/pfb_fir_1024ch_core/synth_model/pfb_fir_1024ch_core.vhd sub00/vhpl37 1337103113
EN ri_to_c_entity_946cdcdfa8 NULL /scratch/zaki/workspace/roachfengine/pfb_fir_1024ch_core/synth_model/pfb_fir_1024ch_core.vhd sub01/vhpl108 1337103184
EN reinterpret_9a0fa0f632 NULL /scratch/zaki/workspace/roachfengine/pfb_fir_1024ch_core/synth_model/pfb_fir_1024ch_core.vhd sub00/vhpl28 1337103104
EN xlslice NULL /scratch/zaki/workspace/roachfengine/pfb_fir_1024ch_core/synth_model/pfb_fir_1024ch_core.vhd sub00/vhpl30 1337103106
AR bmg_62_beb524cb9c89c7df bmg_62_beb524cb9c89c7df_a /scratch/zaki/workspace/roachfengine/pfb_fir_1024ch_core/synth_model/pfb_fir_1024ch_core.vhd sub00/vhpl15 1337103091
EN reinterpret_580feec131 NULL /scratch/zaki/workspace/roachfengine/pfb_fir_1024ch_core/synth_model/pfb_fir_1024ch_core.vhd sub00/vhpl78 1337103154
AR ri_to_c_entity_2ed1f8e6ea structural /scratch/zaki/workspace/roachfengine/pfb_fir_1024ch_core/synth_model/pfb_fir_1024ch_core.vhd sub01/vhpl131 1337103207
AR logical_aacf6e1b0e behavior /scratch/zaki/workspace/roachfengine/pfb_fir_1024ch_core/synth_model/pfb_fir_1024ch_core.vhd sub00/vhpl63 1337103139
EN adder_tree2_entity_8005ab3795 NULL /scratch/zaki/workspace/roachfengine/pfb_fir_1024ch_core/synth_model/pfb_fir_1024ch_core.vhd sub01/vhpl116 1337103192
AR xlsprom behavior /scratch/zaki/workspace/roachfengine/pfb_fir_1024ch_core/synth_model/pfb_fir_1024ch_core.vhd sub00/vhpl47 1337103123
AR concat_65b7cc6f0e behavior /scratch/zaki/workspace/roachfengine/pfb_fir_1024ch_core/synth_model/pfb_fir_1024ch_core.vhd sub00/vhpl93 1337103169
AR bmg_62_735f28ddf1ae429b bmg_62_735f28ddf1ae429b_a /scratch/zaki/workspace/roachfengine/pfb_fir_1024ch_core/synth_model/pfb_fir_1024ch_core.vhd sub00/vhpl13 1337103089
AR cntr_11_0_92cf1c8e61537910 cntr_11_0_92cf1c8e61537910_a /scratch/zaki/workspace/roachfengine/pfb_fir_1024ch_core/synth_model/pfb_fir_1024ch_core.vhd sub00/vhpl09 1337103085
EN pol1_in1_tap2_entity_ed80e16bb0 NULL /scratch/zaki/workspace/roachfengine/pfb_fir_1024ch_core/synth_model/pfb_fir_1024ch_core.vhd sub01/vhpl124 1337103200
EN xlsprom NULL /scratch/zaki/workspace/roachfengine/pfb_fir_1024ch_core/synth_model/pfb_fir_1024ch_core.vhd sub00/vhpl46 1337103122
AR xladdsub behavior /scratch/zaki/workspace/roachfengine/pfb_fir_1024ch_core/synth_model/pfb_fir_1024ch_core.vhd sub00/vhpl73 1337103149
EN default_clock_driver NULL /scratch/zaki/workspace/roachfengine/pfb_fir_1024ch_core/synth_model/pfb_fir_1024ch_core_cw.vhd sub01/vhpl136 1337103212
EN reinterpret_151459306d NULL /scratch/zaki/workspace/roachfengine/pfb_fir_1024ch_core/synth_model/pfb_fir_1024ch_core.vhd sub00/vhpl80 1337103156
AR reinterpret_580feec131 behavior /scratch/zaki/workspace/roachfengine/pfb_fir_1024ch_core/synth_model/pfb_fir_1024ch_core.vhd sub00/vhpl79 1337103155
EN synth_reg_reg NULL /scratch/zaki/workspace/roachfengine/pfb_fir_1024ch_core/synth_model/pfb_fir_1024ch_core.vhd sub00/vhpl22 1337103098
AR synth_reg_w_init structural /scratch/zaki/workspace/roachfengine/pfb_fir_1024ch_core/synth_model/pfb_fir_1024ch_core.vhd sub00/vhpl27 1337103103
EN xlcounter_limit NULL /scratch/zaki/workspace/roachfengine/pfb_fir_1024ch_core/synth_model/pfb_fir_1024ch_core.vhd sub00/vhpl36 1337103112
EN concat_a369e00c6b NULL /scratch/zaki/workspace/roachfengine/pfb_fir_1024ch_core/synth_model/pfb_fir_1024ch_core.vhd sub00/vhpl52 1337103128
EN bmg_62_beb524cb9c89c7df NULL /scratch/zaki/workspace/roachfengine/pfb_fir_1024ch_core/synth_model/pfb_fir_1024ch_core.vhd sub00/vhpl14 1337103090
EN xlregister NULL /scratch/zaki/workspace/roachfengine/pfb_fir_1024ch_core/synth_model/pfb_fir_1024ch_core.vhd sub00/vhpl48 1337103124
EN mux_1bef4ba0e4 NULL /scratch/zaki/workspace/roachfengine/pfb_fir_1024ch_core/synth_model/pfb_fir_1024ch_core.vhd sub00/vhpl64 1337103140
