V3 216
FL /scratch/zaki/workspace/roachfengine/pfb_fir_1024ch_core/synth_model/pfb_fir_1024ch_core.vhd 2012/05/15.10:31:06 O.76xd
EN work/bmg_62_499e71ff1ce34aaf 1337103076 \
      FL /scratch/zaki/workspace/roachfengine/pfb_fir_1024ch_core/synth_model/pfb_fir_1024ch_core.vhd \
      PB ieee/std_logic_1164 1317710503
AR work/bmg_62_499e71ff1ce34aaf/bmg_62_499e71ff1ce34aaf_a 1337103077 \
      FL /scratch/zaki/workspace/roachfengine/pfb_fir_1024ch_core/synth_model/pfb_fir_1024ch_core.vhd \
      EN work/bmg_62_499e71ff1ce34aaf 1337103076
EN work/bmg_62_251c08a4fe5aabec 1337103078 \
      FL /scratch/zaki/workspace/roachfengine/pfb_fir_1024ch_core/synth_model/pfb_fir_1024ch_core.vhd \
      PB ieee/std_logic_1164 1317710503
AR work/bmg_62_251c08a4fe5aabec/bmg_62_251c08a4fe5aabec_a 1337103079 \
      FL /scratch/zaki/workspace/roachfengine/pfb_fir_1024ch_core/synth_model/pfb_fir_1024ch_core.vhd \
      EN work/bmg_62_251c08a4fe5aabec 1337103078
EN work/cntr_11_0_d8f886b0b4d10089 1337103080 \
      FL /scratch/zaki/workspace/roachfengine/pfb_fir_1024ch_core/synth_model/pfb_fir_1024ch_core.vhd \
      PB ieee/std_logic_1164 1317710503
AR work/cntr_11_0_d8f886b0b4d10089/cntr_11_0_d8f886b0b4d10089_a 1337103081 \
      FL /scratch/zaki/workspace/roachfengine/pfb_fir_1024ch_core/synth_model/pfb_fir_1024ch_core.vhd \
      EN work/cntr_11_0_d8f886b0b4d10089 1337103080
EN work/addsb_11_0_386215f5ee0a1ff2 1337103082 \
      FL /scratch/zaki/workspace/roachfengine/pfb_fir_1024ch_core/synth_model/pfb_fir_1024ch_core.vhd \
      PB ieee/std_logic_1164 1317710503
AR work/addsb_11_0_386215f5ee0a1ff2/addsb_11_0_386215f5ee0a1ff2_a 1337103083 \
      FL /scratch/zaki/workspace/roachfengine/pfb_fir_1024ch_core/synth_model/pfb_fir_1024ch_core.vhd \
      EN work/addsb_11_0_386215f5ee0a1ff2 1337103082
EN work/cntr_11_0_92cf1c8e61537910 1337103084 \
      FL /scratch/zaki/workspace/roachfengine/pfb_fir_1024ch_core/synth_model/pfb_fir_1024ch_core.vhd \
      PB ieee/std_logic_1164 1317710503
AR work/cntr_11_0_92cf1c8e61537910/cntr_11_0_92cf1c8e61537910_a 1337103085 \
      FL /scratch/zaki/workspace/roachfengine/pfb_fir_1024ch_core/synth_model/pfb_fir_1024ch_core.vhd \
      EN work/cntr_11_0_92cf1c8e61537910 1337103084
EN work/bmg_62_13b9b50a4ba14112 1337103086 \
      FL /scratch/zaki/workspace/roachfengine/pfb_fir_1024ch_core/synth_model/pfb_fir_1024ch_core.vhd \
      PB ieee/std_logic_1164 1317710503
AR work/bmg_62_13b9b50a4ba14112/bmg_62_13b9b50a4ba14112_a 1337103087 \
      FL /scratch/zaki/workspace/roachfengine/pfb_fir_1024ch_core/synth_model/pfb_fir_1024ch_core.vhd \
      EN work/bmg_62_13b9b50a4ba14112 1337103086
EN work/bmg_62_735f28ddf1ae429b 1337103088 \
      FL /scratch/zaki/workspace/roachfengine/pfb_fir_1024ch_core/synth_model/pfb_fir_1024ch_core.vhd \
      PB ieee/std_logic_1164 1317710503
AR work/bmg_62_735f28ddf1ae429b/bmg_62_735f28ddf1ae429b_a 1337103089 \
      FL /scratch/zaki/workspace/roachfengine/pfb_fir_1024ch_core/synth_model/pfb_fir_1024ch_core.vhd \
      EN work/bmg_62_735f28ddf1ae429b 1337103088
EN work/bmg_62_beb524cb9c89c7df 1337103090 \
      FL /scratch/zaki/workspace/roachfengine/pfb_fir_1024ch_core/synth_model/pfb_fir_1024ch_core.vhd \
      PB ieee/std_logic_1164 1317710503
AR work/bmg_62_beb524cb9c89c7df/bmg_62_beb524cb9c89c7df_a 1337103091 \
      FL /scratch/zaki/workspace/roachfengine/pfb_fir_1024ch_core/synth_model/pfb_fir_1024ch_core.vhd \
      EN work/bmg_62_beb524cb9c89c7df 1337103090
PH work/conv_pkg 1337103092 \
      FL /scratch/zaki/workspace/roachfengine/pfb_fir_1024ch_core/synth_model/pfb_fir_1024ch_core.vhd \
      PB ieee/std_logic_1164 1317710503 PB ieee/NUMERIC_STD 1317710508
PB work/conv_pkg 1337103093 \
      FL /scratch/zaki/workspace/roachfengine/pfb_fir_1024ch_core/synth_model/pfb_fir_1024ch_core.vhd \
      PH work/conv_pkg 1337103092
EN work/srl17e 1337103094 \
      FL /scratch/zaki/workspace/roachfengine/pfb_fir_1024ch_core/synth_model/pfb_fir_1024ch_core.vhd \
      PB ieee/std_logic_1164 1317710503 PB work/conv_pkg 1337103093
AR work/srl17e/structural 1337103095 \
      FL /scratch/zaki/workspace/roachfengine/pfb_fir_1024ch_core/synth_model/pfb_fir_1024ch_core.vhd \
      EN work/srl17e 1337103094 CP srl16e CP fde
EN work/synth_reg 1337103096 \
      FL /scratch/zaki/workspace/roachfengine/pfb_fir_1024ch_core/synth_model/pfb_fir_1024ch_core.vhd \
      PB ieee/std_logic_1164 1317710503 PB work/conv_pkg 1337103093
AR work/synth_reg/structural 1337103097 \
      FL /scratch/zaki/workspace/roachfengine/pfb_fir_1024ch_core/synth_model/pfb_fir_1024ch_core.vhd \
      EN work/synth_reg 1337103096 CP srl17e
EN work/synth_reg_reg 1337103098 \
      FL /scratch/zaki/workspace/roachfengine/pfb_fir_1024ch_core/synth_model/pfb_fir_1024ch_core.vhd \
      PB ieee/std_logic_1164 1317710503 PB work/conv_pkg 1337103093
AR work/synth_reg_reg/behav 1337103099 \
      FL /scratch/zaki/workspace/roachfengine/pfb_fir_1024ch_core/synth_model/pfb_fir_1024ch_core.vhd \
      EN work/synth_reg_reg 1337103098
EN work/single_reg_w_init 1337103100 \
      FL /scratch/zaki/workspace/roachfengine/pfb_fir_1024ch_core/synth_model/pfb_fir_1024ch_core.vhd \
      PB ieee/std_logic_1164 1317710503 PB work/conv_pkg 1337103093
AR work/single_reg_w_init/structural 1337103101 \
      FL /scratch/zaki/workspace/roachfengine/pfb_fir_1024ch_core/synth_model/pfb_fir_1024ch_core.vhd \
      EN work/single_reg_w_init 1337103100 CP fdre CP fdse
EN work/synth_reg_w_init 1337103102 \
      FL /scratch/zaki/workspace/roachfengine/pfb_fir_1024ch_core/synth_model/pfb_fir_1024ch_core.vhd \
      PB ieee/std_logic_1164 1317710503 PB work/conv_pkg 1337103093
AR work/synth_reg_w_init/structural 1337103103 \
      FL /scratch/zaki/workspace/roachfengine/pfb_fir_1024ch_core/synth_model/pfb_fir_1024ch_core.vhd \
      EN work/synth_reg_w_init 1337103102 CP single_reg_w_init
EN work/reinterpret_9a0fa0f632 1337103104 \
      FL /scratch/zaki/workspace/roachfengine/pfb_fir_1024ch_core/synth_model/pfb_fir_1024ch_core.vhd \
      PB ieee/std_logic_1164 1317710503 PB ieee/NUMERIC_STD 1317710508 \
      PB work/conv_pkg 1337103093
AR work/reinterpret_9a0fa0f632/behavior 1337103105 \
      FL /scratch/zaki/workspace/roachfengine/pfb_fir_1024ch_core/synth_model/pfb_fir_1024ch_core.vhd \
      EN work/reinterpret_9a0fa0f632 1337103104
EN work/xlslice 1337103106 \
      FL /scratch/zaki/workspace/roachfengine/pfb_fir_1024ch_core/synth_model/pfb_fir_1024ch_core.vhd \
      PB ieee/std_logic_1164 1317710503 PB ieee/std_logic_arith 1317710504 \
      PB work/conv_pkg 1337103093
AR work/xlslice/behavior 1337103107 \
      FL /scratch/zaki/workspace/roachfengine/pfb_fir_1024ch_core/synth_model/pfb_fir_1024ch_core.vhd \
      EN work/xlslice 1337103106
EN work/reinterpret_4389dc89bf 1337103108 \
      FL /scratch/zaki/workspace/roachfengine/pfb_fir_1024ch_core/synth_model/pfb_fir_1024ch_core.vhd \
      PB ieee/std_logic_1164 1317710503 PB ieee/NUMERIC_STD 1317710508 \
      PB work/conv_pkg 1337103093
AR work/reinterpret_4389dc89bf/behavior 1337103109 \
      FL /scratch/zaki/workspace/roachfengine/pfb_fir_1024ch_core/synth_model/pfb_fir_1024ch_core.vhd \
      EN work/reinterpret_4389dc89bf 1337103108
EN work/constant_6293007044 1337103110 \
      FL /scratch/zaki/workspace/roachfengine/pfb_fir_1024ch_core/synth_model/pfb_fir_1024ch_core.vhd \
      PB ieee/std_logic_1164 1317710503 PB ieee/NUMERIC_STD 1317710508 \
      PB work/conv_pkg 1337103093
AR work/constant_6293007044/behavior 1337103111 \
      FL /scratch/zaki/workspace/roachfengine/pfb_fir_1024ch_core/synth_model/pfb_fir_1024ch_core.vhd \
      EN work/constant_6293007044 1337103110
EN work/xlcounter_limit 1337103112 \
      FL /scratch/zaki/workspace/roachfengine/pfb_fir_1024ch_core/synth_model/pfb_fir_1024ch_core.vhd \
      PB ieee/std_logic_1164 1317710503 PB ieee/NUMERIC_STD 1317710508 \
      PB work/conv_pkg 1337103093
AR work/xlcounter_limit/behavior 1337103113 \
      FL /scratch/zaki/workspace/roachfengine/pfb_fir_1024ch_core/synth_model/pfb_fir_1024ch_core.vhd \
      EN work/xlcounter_limit 1337103112 CP cntr_11_0_92cf1c8e61537910
EN work/xlspram 1337103114 \
      FL /scratch/zaki/workspace/roachfengine/pfb_fir_1024ch_core/synth_model/pfb_fir_1024ch_core.vhd \
      PB ieee/std_logic_1164 1317710503 PB work/conv_pkg 1337103093
AR work/xlspram/behavior 1337103115 \
      FL /scratch/zaki/workspace/roachfengine/pfb_fir_1024ch_core/synth_model/pfb_fir_1024ch_core.vhd \
      EN work/xlspram 1337103114 CP bmg_62_251c08a4fe5aabec CP synth_reg
EN work/concat_a1e126f11c 1337103116 \
      FL /scratch/zaki/workspace/roachfengine/pfb_fir_1024ch_core/synth_model/pfb_fir_1024ch_core.vhd \
      PB ieee/std_logic_1164 1317710503 PB ieee/NUMERIC_STD 1317710508 \
      PB work/conv_pkg 1337103093
AR work/concat_a1e126f11c/behavior 1337103117 \
      FL /scratch/zaki/workspace/roachfengine/pfb_fir_1024ch_core/synth_model/pfb_fir_1024ch_core.vhd \
      EN work/concat_a1e126f11c 1337103116
EN work/xlcounter_free 1337103118 \
      FL /scratch/zaki/workspace/roachfengine/pfb_fir_1024ch_core/synth_model/pfb_fir_1024ch_core.vhd \
      PB ieee/std_logic_1164 1317710503 PB work/conv_pkg 1337103093
AR work/xlcounter_free/behavior 1337103119 \
      FL /scratch/zaki/workspace/roachfengine/pfb_fir_1024ch_core/synth_model/pfb_fir_1024ch_core.vhd \
      EN work/xlcounter_free 1337103118 CP cntr_11_0_92cf1c8e61537910 \
      CP cntr_11_0_d8f886b0b4d10089
EN work/xldelay 1337103120 \
      FL /scratch/zaki/workspace/roachfengine/pfb_fir_1024ch_core/synth_model/pfb_fir_1024ch_core.vhd \
      PB ieee/std_logic_1164 1317710503 PB work/conv_pkg 1337103093
AR work/xldelay/behavior 1337103121 \
      FL /scratch/zaki/workspace/roachfengine/pfb_fir_1024ch_core/synth_model/pfb_fir_1024ch_core.vhd \
      EN work/xldelay 1337103120 CP synth_reg CP synth_reg_reg
EN work/xlsprom 1337103122 \
      FL /scratch/zaki/workspace/roachfengine/pfb_fir_1024ch_core/synth_model/pfb_fir_1024ch_core.vhd \
      PB ieee/std_logic_1164 1317710503 PB ieee/std_logic_arith 1317710504 \
      PB work/conv_pkg 1337103093
AR work/xlsprom/behavior 1337103123 \
      FL /scratch/zaki/workspace/roachfengine/pfb_fir_1024ch_core/synth_model/pfb_fir_1024ch_core.vhd \
      EN work/xlsprom 1337103122 CP bmg_62_499e71ff1ce34aaf \
      CP bmg_62_beb524cb9c89c7df CP bmg_62_13b9b50a4ba14112 \
      CP bmg_62_735f28ddf1ae429b CP synth_reg
EN work/xlregister 1337103124 \
      FL /scratch/zaki/workspace/roachfengine/pfb_fir_1024ch_core/synth_model/pfb_fir_1024ch_core.vhd \
      PB ieee/std_logic_1164 1317710503 PB work/conv_pkg 1337103093
AR work/xlregister/behavior 1337103125 \
      FL /scratch/zaki/workspace/roachfengine/pfb_fir_1024ch_core/synth_model/pfb_fir_1024ch_core.vhd \
      EN work/xlregister 1337103124 CP synth_reg_w_init
EN work/reinterpret_d51df7ac30 1337103126 \
      FL /scratch/zaki/workspace/roachfengine/pfb_fir_1024ch_core/synth_model/pfb_fir_1024ch_core.vhd \
      PB ieee/std_logic_1164 1317710503 PB ieee/NUMERIC_STD 1317710508 \
      PB work/conv_pkg 1337103093
AR work/reinterpret_d51df7ac30/behavior 1337103127 \
      FL /scratch/zaki/workspace/roachfengine/pfb_fir_1024ch_core/synth_model/pfb_fir_1024ch_core.vhd \
      EN work/reinterpret_d51df7ac30 1337103126
EN work/concat_a369e00c6b 1337103128 \
      FL /scratch/zaki/workspace/roachfengine/pfb_fir_1024ch_core/synth_model/pfb_fir_1024ch_core.vhd \
      PB ieee/std_logic_1164 1317710503 PB ieee/NUMERIC_STD 1317710508 \
      PB work/conv_pkg 1337103093
AR work/concat_a369e00c6b/behavior 1337103129 \
      FL /scratch/zaki/workspace/roachfengine/pfb_fir_1024ch_core/synth_model/pfb_fir_1024ch_core.vhd \
      EN work/concat_a369e00c6b 1337103128
EN work/reinterpret_7025463ea8 1337103130 \
      FL /scratch/zaki/workspace/roachfengine/pfb_fir_1024ch_core/synth_model/pfb_fir_1024ch_core.vhd \
      PB ieee/std_logic_1164 1317710503 PB ieee/NUMERIC_STD 1317710508 \
      PB work/conv_pkg 1337103093
AR work/reinterpret_7025463ea8/behavior 1337103131 \
      FL /scratch/zaki/workspace/roachfengine/pfb_fir_1024ch_core/synth_model/pfb_fir_1024ch_core.vhd \
      EN work/reinterpret_7025463ea8 1337103130
EN work/constant_7c91b1b314 1337103132 \
      FL /scratch/zaki/workspace/roachfengine/pfb_fir_1024ch_core/synth_model/pfb_fir_1024ch_core.vhd \
      PB ieee/std_logic_1164 1317710503 PB ieee/NUMERIC_STD 1317710508 \
      PB work/conv_pkg 1337103093
AR work/constant_7c91b1b314/behavior 1337103133 \
      FL /scratch/zaki/workspace/roachfengine/pfb_fir_1024ch_core/synth_model/pfb_fir_1024ch_core.vhd \
      EN work/constant_7c91b1b314 1337103132
EN work/constant_fd28b32bf8 1337103134 \
      FL /scratch/zaki/workspace/roachfengine/pfb_fir_1024ch_core/synth_model/pfb_fir_1024ch_core.vhd \
      PB ieee/std_logic_1164 1317710503 PB ieee/NUMERIC_STD 1317710508 \
      PB work/conv_pkg 1337103093
AR work/constant_fd28b32bf8/behavior 1337103135 \
      FL /scratch/zaki/workspace/roachfengine/pfb_fir_1024ch_core/synth_model/pfb_fir_1024ch_core.vhd \
      EN work/constant_fd28b32bf8 1337103134
EN work/constant_e054d850c5 1337103136 \
      FL /scratch/zaki/workspace/roachfengine/pfb_fir_1024ch_core/synth_model/pfb_fir_1024ch_core.vhd \
      PB ieee/std_logic_1164 1317710503 PB ieee/NUMERIC_STD 1317710508 \
      PB work/conv_pkg 1337103093
AR work/constant_e054d850c5/behavior 1337103137 \
      FL /scratch/zaki/workspace/roachfengine/pfb_fir_1024ch_core/synth_model/pfb_fir_1024ch_core.vhd \
      EN work/constant_e054d850c5 1337103136
EN work/logical_aacf6e1b0e 1337103138 \
      FL /scratch/zaki/workspace/roachfengine/pfb_fir_1024ch_core/synth_model/pfb_fir_1024ch_core.vhd \
      PB ieee/std_logic_1164 1317710503 PB ieee/NUMERIC_STD 1317710508 \
      PB work/conv_pkg 1337103093
AR work/logical_aacf6e1b0e/behavior 1337103139 \
      FL /scratch/zaki/workspace/roachfengine/pfb_fir_1024ch_core/synth_model/pfb_fir_1024ch_core.vhd \
      EN work/logical_aacf6e1b0e 1337103138
EN work/mux_1bef4ba0e4 1337103140 \
      FL /scratch/zaki/workspace/roachfengine/pfb_fir_1024ch_core/synth_model/pfb_fir_1024ch_core.vhd \
      PB ieee/std_logic_1164 1317710503 PB ieee/NUMERIC_STD 1317710508 \
      PB work/conv_pkg 1337103093
AR work/mux_1bef4ba0e4/behavior 1337103141 \
      FL /scratch/zaki/workspace/roachfengine/pfb_fir_1024ch_core/synth_model/pfb_fir_1024ch_core.vhd \
      EN work/mux_1bef4ba0e4 1337103140
EN work/relational_d36fe12c1c 1337103142 \
      FL /scratch/zaki/workspace/roachfengine/pfb_fir_1024ch_core/synth_model/pfb_fir_1024ch_core.vhd \
      PB ieee/std_logic_1164 1317710503 PB ieee/NUMERIC_STD 1317710508 \
      PB work/conv_pkg 1337103093
AR work/relational_d36fe12c1c/behavior 1337103143 \
      FL /scratch/zaki/workspace/roachfengine/pfb_fir_1024ch_core/synth_model/pfb_fir_1024ch_core.vhd \
      EN work/relational_d36fe12c1c 1337103142
EN work/relational_acb3c05dd0 1337103144 \
      FL /scratch/zaki/workspace/roachfengine/pfb_fir_1024ch_core/synth_model/pfb_fir_1024ch_core.vhd \
      PB ieee/std_logic_1164 1317710503 PB ieee/NUMERIC_STD 1317710508 \
      PB work/conv_pkg 1337103093
AR work/relational_acb3c05dd0/behavior 1337103145 \
      FL /scratch/zaki/workspace/roachfengine/pfb_fir_1024ch_core/synth_model/pfb_fir_1024ch_core.vhd \
      EN work/relational_acb3c05dd0 1337103144
EN work/mult_1f4d330bcc 1337103146 \
      FL /scratch/zaki/workspace/roachfengine/pfb_fir_1024ch_core/synth_model/pfb_fir_1024ch_core.vhd \
      PB ieee/std_logic_1164 1317710503 PB ieee/NUMERIC_STD 1317710508 \
      PB work/conv_pkg 1337103093
AR work/mult_1f4d330bcc/behavior 1337103147 \
      FL /scratch/zaki/workspace/roachfengine/pfb_fir_1024ch_core/synth_model/pfb_fir_1024ch_core.vhd \
      EN work/mult_1f4d330bcc 1337103146
EN work/xladdsub 1337103148 \
      FL /scratch/zaki/workspace/roachfengine/pfb_fir_1024ch_core/synth_model/pfb_fir_1024ch_core.vhd \
      PB ieee/std_logic_1164 1317710503 PB ieee/std_logic_arith 1317710504 \
      PB work/conv_pkg 1337103093
AR work/xladdsub/behavior 1337103149 \
      FL /scratch/zaki/workspace/roachfengine/pfb_fir_1024ch_core/synth_model/pfb_fir_1024ch_core.vhd \
      EN work/xladdsub 1337103148 CP addsb_11_0_386215f5ee0a1ff2 CP synth_reg
EN work/delay_c53de546ea 1337103150 \
      FL /scratch/zaki/workspace/roachfengine/pfb_fir_1024ch_core/synth_model/pfb_fir_1024ch_core.vhd \
      PB ieee/std_logic_1164 1317710503 PB ieee/NUMERIC_STD 1317710508 \
      PB work/conv_pkg 1337103093
AR work/delay_c53de546ea/behavior 1337103151 \
      FL /scratch/zaki/workspace/roachfengine/pfb_fir_1024ch_core/synth_model/pfb_fir_1024ch_core.vhd \
      EN work/delay_c53de546ea 1337103150
EN work/concat_b198bd62b0 1337103152 \
      FL /scratch/zaki/workspace/roachfengine/pfb_fir_1024ch_core/synth_model/pfb_fir_1024ch_core.vhd \
      PB ieee/std_logic_1164 1317710503 PB ieee/NUMERIC_STD 1317710508 \
      PB work/conv_pkg 1337103093
AR work/concat_b198bd62b0/behavior 1337103153 \
      FL /scratch/zaki/workspace/roachfengine/pfb_fir_1024ch_core/synth_model/pfb_fir_1024ch_core.vhd \
      EN work/concat_b198bd62b0 1337103152
EN work/reinterpret_580feec131 1337103154 \
      FL /scratch/zaki/workspace/roachfengine/pfb_fir_1024ch_core/synth_model/pfb_fir_1024ch_core.vhd \
      PB ieee/std_logic_1164 1317710503 PB ieee/NUMERIC_STD 1317710508 \
      PB work/conv_pkg 1337103093
AR work/reinterpret_580feec131/behavior 1337103155 \
      FL /scratch/zaki/workspace/roachfengine/pfb_fir_1024ch_core/synth_model/pfb_fir_1024ch_core.vhd \
      EN work/reinterpret_580feec131 1337103154
EN work/reinterpret_151459306d 1337103156 \
      FL /scratch/zaki/workspace/roachfengine/pfb_fir_1024ch_core/synth_model/pfb_fir_1024ch_core.vhd \
      PB ieee/std_logic_1164 1317710503 PB ieee/NUMERIC_STD 1317710508 \
      PB work/conv_pkg 1337103093
AR work/reinterpret_151459306d/behavior 1337103157 \
      FL /scratch/zaki/workspace/roachfengine/pfb_fir_1024ch_core/synth_model/pfb_fir_1024ch_core.vhd \
      EN work/reinterpret_151459306d 1337103156
EN work/convert_pipeline 1337103158 \
      FL /scratch/zaki/workspace/roachfengine/pfb_fir_1024ch_core/synth_model/pfb_fir_1024ch_core.vhd \
      PB ieee/std_logic_1164 1317710503 PB work/conv_pkg 1337103093
AR work/convert_pipeline/behavior 1337103159 \
      FL /scratch/zaki/workspace/roachfengine/pfb_fir_1024ch_core/synth_model/pfb_fir_1024ch_core.vhd \
      EN work/convert_pipeline 1337103158 CP synth_reg
EN work/xlconvert_pipeline 1337103160 \
      FL /scratch/zaki/workspace/roachfengine/pfb_fir_1024ch_core/synth_model/pfb_fir_1024ch_core.vhd \
      PB ieee/std_logic_1164 1317710503 PB work/conv_pkg 1337103093
AR work/xlconvert_pipeline/behavior 1337103161 \
      FL /scratch/zaki/workspace/roachfengine/pfb_fir_1024ch_core/synth_model/pfb_fir_1024ch_core.vhd \
      EN work/xlconvert_pipeline 1337103160 CP convert_pipeline
EN work/convert_func_call 1337103162 \
      FL /scratch/zaki/workspace/roachfengine/pfb_fir_1024ch_core/synth_model/pfb_fir_1024ch_core.vhd \
      PB ieee/std_logic_1164 1317710503 PB work/conv_pkg 1337103093
AR work/convert_func_call/behavior 1337103163 \
      FL /scratch/zaki/workspace/roachfengine/pfb_fir_1024ch_core/synth_model/pfb_fir_1024ch_core.vhd \
      EN work/convert_func_call 1337103162
EN work/xlconvert 1337103164 \
      FL /scratch/zaki/workspace/roachfengine/pfb_fir_1024ch_core/synth_model/pfb_fir_1024ch_core.vhd \
      PB ieee/std_logic_1164 1317710503 PB work/conv_pkg 1337103093
AR work/xlconvert/behavior 1337103165 \
      FL /scratch/zaki/workspace/roachfengine/pfb_fir_1024ch_core/synth_model/pfb_fir_1024ch_core.vhd \
      EN work/xlconvert 1337103164 CP convert_func_call CP synth_reg
EN work/scale_fa7c2ab9f6 1337103166 \
      FL /scratch/zaki/workspace/roachfengine/pfb_fir_1024ch_core/synth_model/pfb_fir_1024ch_core.vhd \
      PB ieee/std_logic_1164 1317710503 PB ieee/NUMERIC_STD 1317710508 \
      PB work/conv_pkg 1337103093
AR work/scale_fa7c2ab9f6/behavior 1337103167 \
      FL /scratch/zaki/workspace/roachfengine/pfb_fir_1024ch_core/synth_model/pfb_fir_1024ch_core.vhd \
      EN work/scale_fa7c2ab9f6 1337103166
EN work/concat_65b7cc6f0e 1337103168 \
      FL /scratch/zaki/workspace/roachfengine/pfb_fir_1024ch_core/synth_model/pfb_fir_1024ch_core.vhd \
      PB ieee/std_logic_1164 1317710503 PB ieee/NUMERIC_STD 1317710508 \
      PB work/conv_pkg 1337103093
AR work/concat_65b7cc6f0e/behavior 1337103169 \
      FL /scratch/zaki/workspace/roachfengine/pfb_fir_1024ch_core/synth_model/pfb_fir_1024ch_core.vhd \
      EN work/concat_65b7cc6f0e 1337103168
EN work/concat_62c4475a80 1337103170 \
      FL /scratch/zaki/workspace/roachfengine/pfb_fir_1024ch_core/synth_model/pfb_fir_1024ch_core.vhd \
      PB ieee/std_logic_1164 1317710503 PB ieee/NUMERIC_STD 1317710508 \
      PB work/conv_pkg 1337103093
AR work/concat_62c4475a80/behavior 1337103171 \
      FL /scratch/zaki/workspace/roachfengine/pfb_fir_1024ch_core/synth_model/pfb_fir_1024ch_core.vhd \
      EN work/concat_62c4475a80 1337103170
EN work/concat_0e2072f8e1 1337103172 \
      FL /scratch/zaki/workspace/roachfengine/pfb_fir_1024ch_core/synth_model/pfb_fir_1024ch_core.vhd \
      PB ieee/std_logic_1164 1317710503 PB ieee/NUMERIC_STD 1317710508 \
      PB work/conv_pkg 1337103093
AR work/concat_0e2072f8e1/behavior 1337103173 \
      FL /scratch/zaki/workspace/roachfengine/pfb_fir_1024ch_core/synth_model/pfb_fir_1024ch_core.vhd \
      EN work/concat_0e2072f8e1 1337103172
EN work/concat_8e53793314 1337103174 \
      FL /scratch/zaki/workspace/roachfengine/pfb_fir_1024ch_core/synth_model/pfb_fir_1024ch_core.vhd \
      PB ieee/std_logic_1164 1317710503 PB ieee/NUMERIC_STD 1317710508 \
      PB work/conv_pkg 1337103093
AR work/concat_8e53793314/behavior 1337103175 \
      FL /scratch/zaki/workspace/roachfengine/pfb_fir_1024ch_core/synth_model/pfb_fir_1024ch_core.vhd \
      EN work/concat_8e53793314 1337103174
EN work/c_to_ri_entity_0953f06f08 1337103176 \
      FL /scratch/zaki/workspace/roachfengine/pfb_fir_1024ch_core/synth_model/pfb_fir_1024ch_core.vhd \
      PB ieee/std_logic_1164 1317710503 PB work/conv_pkg 1337103093
AR work/c_to_ri_entity_0953f06f08/structural 1337103177 \
      FL /scratch/zaki/workspace/roachfengine/pfb_fir_1024ch_core/synth_model/pfb_fir_1024ch_core.vhd \
      EN work/c_to_ri_entity_0953f06f08 1337103176 CP work/reinterpret_9a0fa0f632 \
      CP work/xlslice
EN work/c_to_ri_entity_50c898e2b8 1337103178 \
      FL /scratch/zaki/workspace/roachfengine/pfb_fir_1024ch_core/synth_model/pfb_fir_1024ch_core.vhd \
      PB ieee/std_logic_1164 1317710503 PB work/conv_pkg 1337103093
AR work/c_to_ri_entity_50c898e2b8/structural 1337103179 \
      FL /scratch/zaki/workspace/roachfengine/pfb_fir_1024ch_core/synth_model/pfb_fir_1024ch_core.vhd \
      EN work/c_to_ri_entity_50c898e2b8 1337103178 CP work/reinterpret_4389dc89bf \
      CP work/xlslice
EN work/delay_bram_entity_e42143ed65 1337103180 \
      FL /scratch/zaki/workspace/roachfengine/pfb_fir_1024ch_core/synth_model/pfb_fir_1024ch_core.vhd \
      PB ieee/std_logic_1164 1317710503 PB work/conv_pkg 1337103093
AR work/delay_bram_entity_e42143ed65/structural 1337103181 \
      FL /scratch/zaki/workspace/roachfengine/pfb_fir_1024ch_core/synth_model/pfb_fir_1024ch_core.vhd \
      EN work/delay_bram_entity_e42143ed65 1337103180 CP work/constant_6293007044 \
      CP work/xlcounter_limit CP work/xlspram
EN work/pfb_coeff_gen_entity_555bc0c513 1337103182 \
      FL /scratch/zaki/workspace/roachfengine/pfb_fir_1024ch_core/synth_model/pfb_fir_1024ch_core.vhd \
      PB ieee/std_logic_1164 1317710503 PB work/conv_pkg 1337103093
AR work/pfb_coeff_gen_entity_555bc0c513/structural 1337103183 \
      FL /scratch/zaki/workspace/roachfengine/pfb_fir_1024ch_core/synth_model/pfb_fir_1024ch_core.vhd \
      EN work/pfb_coeff_gen_entity_555bc0c513 1337103182 \
      CP work/concat_a1e126f11c CP work/xlcounter_free CP work/xldelay \
      CP work/xlregister CP work/reinterpret_d51df7ac30 CP work/xlsprom
EN work/ri_to_c_entity_946cdcdfa8 1337103184 \
      FL /scratch/zaki/workspace/roachfengine/pfb_fir_1024ch_core/synth_model/pfb_fir_1024ch_core.vhd \
      PB ieee/std_logic_1164 1317710503 PB work/conv_pkg 1337103093
AR work/ri_to_c_entity_946cdcdfa8/structural 1337103185 \
      FL /scratch/zaki/workspace/roachfengine/pfb_fir_1024ch_core/synth_model/pfb_fir_1024ch_core.vhd \
      EN work/ri_to_c_entity_946cdcdfa8 1337103184 CP work/concat_a369e00c6b \
      CP work/reinterpret_7025463ea8
EN work/sync_delay_entity_8e0c2fc94c 1337103186 \
      FL /scratch/zaki/workspace/roachfengine/pfb_fir_1024ch_core/synth_model/pfb_fir_1024ch_core.vhd \
      PB ieee/std_logic_1164 1317710503 PB work/conv_pkg 1337103093
AR work/sync_delay_entity_8e0c2fc94c/structural 1337103187 \
      FL /scratch/zaki/workspace/roachfengine/pfb_fir_1024ch_core/synth_model/pfb_fir_1024ch_core.vhd \
      EN work/sync_delay_entity_8e0c2fc94c 1337103186 CP work/constant_fd28b32bf8 \
      CP work/constant_e054d850c5 CP work/constant_6293007044 \
      CP work/constant_7c91b1b314 CP work/xlcounter_free \
      CP work/logical_aacf6e1b0e CP work/mux_1bef4ba0e4 \
      CP work/relational_d36fe12c1c CP work/relational_acb3c05dd0
EN work/pol1_in1_first_tap_entity_d12c303672 1337103188 \
      FL /scratch/zaki/workspace/roachfengine/pfb_fir_1024ch_core/synth_model/pfb_fir_1024ch_core.vhd \
      PB ieee/std_logic_1164 1317710503 PB work/conv_pkg 1337103093
AR work/pol1_in1_first_tap_entity_d12c303672/structural 1337103189 \
      FL /scratch/zaki/workspace/roachfengine/pfb_fir_1024ch_core/synth_model/pfb_fir_1024ch_core.vhd \
      EN work/pol1_in1_first_tap_entity_d12c303672 1337103188 \
      CP work/c_to_ri_entity_50c898e2b8 CP work/delay_bram_entity_e42143ed65 \
      CP work/mult_1f4d330bcc CP work/pfb_coeff_gen_entity_555bc0c513 \
      CP work/reinterpret_4389dc89bf CP work/ri_to_c_entity_946cdcdfa8 \
      CP work/xlslice CP work/sync_delay_entity_8e0c2fc94c
EN work/adder_tree1_entity_3b2e73ca7b 1337103190 \
      FL /scratch/zaki/workspace/roachfengine/pfb_fir_1024ch_core/synth_model/pfb_fir_1024ch_core.vhd \
      PB ieee/std_logic_1164 1317710503 PB work/conv_pkg 1337103093
AR work/adder_tree1_entity_3b2e73ca7b/structural 1337103191 \
      FL /scratch/zaki/workspace/roachfengine/pfb_fir_1024ch_core/synth_model/pfb_fir_1024ch_core.vhd \
      EN work/adder_tree1_entity_3b2e73ca7b 1337103190 CP work/xladdsub \
      CP work/delay_c53de546ea
EN work/adder_tree2_entity_8005ab3795 1337103192 \
      FL /scratch/zaki/workspace/roachfengine/pfb_fir_1024ch_core/synth_model/pfb_fir_1024ch_core.vhd \
      PB ieee/std_logic_1164 1317710503 PB work/conv_pkg 1337103093
AR work/adder_tree2_entity_8005ab3795/structural 1337103193 \
      FL /scratch/zaki/workspace/roachfengine/pfb_fir_1024ch_core/synth_model/pfb_fir_1024ch_core.vhd \
      EN work/adder_tree2_entity_8005ab3795 1337103192 CP work/xladdsub
EN work/ri_to_c_entity_0ea894d367 1337103194 \
      FL /scratch/zaki/workspace/roachfengine/pfb_fir_1024ch_core/synth_model/pfb_fir_1024ch_core.vhd \
      PB ieee/std_logic_1164 1317710503 PB work/conv_pkg 1337103093
AR work/ri_to_c_entity_0ea894d367/structural 1337103195 \
      FL /scratch/zaki/workspace/roachfengine/pfb_fir_1024ch_core/synth_model/pfb_fir_1024ch_core.vhd \
      EN work/ri_to_c_entity_0ea894d367 1337103194 CP work/concat_b198bd62b0 \
      CP work/reinterpret_580feec131
EN work/pfb_add_tree_entity_10b9fde98e 1337103196 \
      FL /scratch/zaki/workspace/roachfengine/pfb_fir_1024ch_core/synth_model/pfb_fir_1024ch_core.vhd \
      PB ieee/std_logic_1164 1317710503 PB work/conv_pkg 1337103093
AR work/pfb_add_tree_entity_10b9fde98e/structural 1337103197 \
      FL /scratch/zaki/workspace/roachfengine/pfb_fir_1024ch_core/synth_model/pfb_fir_1024ch_core.vhd \
      EN work/pfb_add_tree_entity_10b9fde98e 1337103196 \
      CP work/adder_tree1_entity_3b2e73ca7b CP work/adder_tree2_entity_8005ab3795 \
      CP work/xlconvert_pipeline CP work/xlconvert CP work/xldelay \
      CP work/reinterpret_151459306d CP work/ri_to_c_entity_0ea894d367 \
      CP work/scale_fa7c2ab9f6 CP work/xlslice
EN work/pol1_in1_last_tap_entity_7b0cb11a5f 1337103198 \
      FL /scratch/zaki/workspace/roachfengine/pfb_fir_1024ch_core/synth_model/pfb_fir_1024ch_core.vhd \
      PB ieee/std_logic_1164 1317710503 PB work/conv_pkg 1337103093
AR work/pol1_in1_last_tap_entity_7b0cb11a5f/structural 1337103199 \
      FL /scratch/zaki/workspace/roachfengine/pfb_fir_1024ch_core/synth_model/pfb_fir_1024ch_core.vhd \
      EN work/pol1_in1_last_tap_entity_7b0cb11a5f 1337103198 \
      CP work/c_to_ri_entity_50c898e2b8 CP work/concat_65b7cc6f0e CP work/xldelay \
      CP work/mult_1f4d330bcc CP work/pfb_add_tree_entity_10b9fde98e \
      CP work/reinterpret_4389dc89bf CP work/ri_to_c_entity_946cdcdfa8
EN work/pol1_in1_tap2_entity_ed80e16bb0 1337103200 \
      FL /scratch/zaki/workspace/roachfengine/pfb_fir_1024ch_core/synth_model/pfb_fir_1024ch_core.vhd \
      PB ieee/std_logic_1164 1317710503 PB work/conv_pkg 1337103093
AR work/pol1_in1_tap2_entity_ed80e16bb0/structural 1337103201 \
      FL /scratch/zaki/workspace/roachfengine/pfb_fir_1024ch_core/synth_model/pfb_fir_1024ch_core.vhd \
      EN work/pol1_in1_tap2_entity_ed80e16bb0 1337103200 \
      CP work/c_to_ri_entity_50c898e2b8 CP work/concat_62c4475a80 \
      CP work/delay_bram_entity_e42143ed65 CP work/mult_1f4d330bcc \
      CP work/reinterpret_4389dc89bf CP work/ri_to_c_entity_946cdcdfa8 \
      CP work/xlslice CP work/sync_delay_entity_8e0c2fc94c
EN work/pol1_in1_tap3_entity_d8ac257bf2 1337103202 \
      FL /scratch/zaki/workspace/roachfengine/pfb_fir_1024ch_core/synth_model/pfb_fir_1024ch_core.vhd \
      PB ieee/std_logic_1164 1317710503 PB work/conv_pkg 1337103093
AR work/pol1_in1_tap3_entity_d8ac257bf2/structural 1337103203 \
      FL /scratch/zaki/workspace/roachfengine/pfb_fir_1024ch_core/synth_model/pfb_fir_1024ch_core.vhd \
      EN work/pol1_in1_tap3_entity_d8ac257bf2 1337103202 \
      CP work/c_to_ri_entity_50c898e2b8 CP work/concat_0e2072f8e1 \
      CP work/delay_bram_entity_e42143ed65 CP work/mult_1f4d330bcc \
      CP work/reinterpret_4389dc89bf CP work/ri_to_c_entity_946cdcdfa8 \
      CP work/xlslice CP work/sync_delay_entity_8e0c2fc94c
EN work/pfb_fir_entity_9a25c942c7 1337103204 \
      FL /scratch/zaki/workspace/roachfengine/pfb_fir_1024ch_core/synth_model/pfb_fir_1024ch_core.vhd \
      PB ieee/std_logic_1164 1317710503 PB work/conv_pkg 1337103093
AR work/pfb_fir_entity_9a25c942c7/structural 1337103205 \
      FL /scratch/zaki/workspace/roachfengine/pfb_fir_1024ch_core/synth_model/pfb_fir_1024ch_core.vhd \
      EN work/pfb_fir_entity_9a25c942c7 1337103204 \
      CP work/pol1_in1_first_tap_entity_d12c303672 \
      CP work/pol1_in1_last_tap_entity_7b0cb11a5f \
      CP work/pol1_in1_tap2_entity_ed80e16bb0 \
      CP work/pol1_in1_tap3_entity_d8ac257bf2
EN work/ri_to_c_entity_2ed1f8e6ea 1337103206 \
      FL /scratch/zaki/workspace/roachfengine/pfb_fir_1024ch_core/synth_model/pfb_fir_1024ch_core.vhd \
      PB ieee/std_logic_1164 1317710503 PB work/conv_pkg 1337103093
AR work/ri_to_c_entity_2ed1f8e6ea/structural 1337103207 \
      FL /scratch/zaki/workspace/roachfengine/pfb_fir_1024ch_core/synth_model/pfb_fir_1024ch_core.vhd \
      EN work/ri_to_c_entity_2ed1f8e6ea 1337103206 CP work/concat_8e53793314 \
      CP work/reinterpret_d51df7ac30
EN work/pfb_fir_1024ch_core 1337103208 \
      FL /scratch/zaki/workspace/roachfengine/pfb_fir_1024ch_core/synth_model/pfb_fir_1024ch_core.vhd \
      PB ieee/std_logic_1164 1317710503 PB work/conv_pkg 1337103093
AR work/pfb_fir_1024ch_core/structural 1337103209 \
      FL /scratch/zaki/workspace/roachfengine/pfb_fir_1024ch_core/synth_model/pfb_fir_1024ch_core.vhd \
      EN work/pfb_fir_1024ch_core 1337103208 CP work/c_to_ri_entity_0953f06f08 \
      CP work/pfb_fir_entity_9a25c942c7 CP work/ri_to_c_entity_2ed1f8e6ea
FL /scratch/zaki/workspace/roachfengine/pfb_fir_1024ch_core/synth_model/pfb_fir_1024ch_core_cw.vhd 2012/05/15.10:31:06 O.76xd
EN work/xlclockdriver 1337103210 \
      FL /scratch/zaki/workspace/roachfengine/pfb_fir_1024ch_core/synth_model/pfb_fir_1024ch_core_cw.vhd \
      PB ieee/std_logic_1164 1317710503 PB ieee/NUMERIC_STD 1317710508 \
      PB work/conv_pkg 1337103093
AR work/xlclockdriver/behavior 1337103211 \
      FL /scratch/zaki/workspace/roachfengine/pfb_fir_1024ch_core/synth_model/pfb_fir_1024ch_core_cw.vhd \
      EN work/xlclockdriver 1337103210 CP synth_reg_w_init CP bufg
EN work/default_clock_driver 1337103212 \
      FL /scratch/zaki/workspace/roachfengine/pfb_fir_1024ch_core/synth_model/pfb_fir_1024ch_core_cw.vhd \
      PB ieee/std_logic_1164 1317710503 PB work/conv_pkg 1337103093
AR work/default_clock_driver/structural 1337103213 \
      FL /scratch/zaki/workspace/roachfengine/pfb_fir_1024ch_core/synth_model/pfb_fir_1024ch_core_cw.vhd \
      EN work/default_clock_driver 1337103212 CP work/xlclockdriver
EN work/pfb_fir_1024ch_core_cw 1337103214 \
      FL /scratch/zaki/workspace/roachfengine/pfb_fir_1024ch_core/synth_model/pfb_fir_1024ch_core_cw.vhd \
      PB ieee/std_logic_1164 1317710503 PB work/conv_pkg 1337103093
AR work/pfb_fir_1024ch_core_cw/structural 1337103215 \
      FL /scratch/zaki/workspace/roachfengine/pfb_fir_1024ch_core/synth_model/pfb_fir_1024ch_core_cw.vhd \
      EN work/pfb_fir_1024ch_core_cw 1337103214 CP work/default_clock_driver \
      CP xlpersistentdff CP work/pfb_fir_1024ch_core
