AR calc_add_entity_0cbd79f346 structural /scratch/zaki/workspace/roachfengine/roachf_2048ch/sysgen/synth_model/roachf_2048ch.vhd sub04/vhpl491 1324332476
AR eq0_entity_ddb3a018ef structural /scratch/zaki/workspace/roachfengine/roachf_2048ch/sysgen/synth_model/roachf_2048ch.vhd sub04/vhpl421 1324332406
AR dmg_43_7b326199bbc0575c dmg_43_7b326199bbc0575c_a /scratch/zaki/workspace/roachfengine/roachf_2048ch/sysgen/synth_model/roachf_2048ch.vhd sub00/vhpl15 1324332000
EN transpose_entity_198441fceb NULL /scratch/zaki/workspace/roachfengine/roachf_2048ch/sysgen/synth_model/roachf_2048ch.vhd sub05/vhpl516 1324332501
AR roachf_2048ch structural /scratch/zaki/workspace/roachfengine/roachf_2048ch/sysgen/synth_model/roachf_2048ch.vhd sub05/vhpl575 1324332560
AR xlregister behavior /scratch/zaki/workspace/roachfengine/roachf_2048ch/sysgen/synth_model/roachf_2048ch.vhd sub01/vhpl145 1324332130
AR reinterpret_9a13f6a2a0 behavior /scratch/zaki/workspace/roachfengine/roachf_2048ch/sysgen/synth_model/roachf_2048ch.vhd sub01/vhpl165 1324332150
EN convert_entity_04484d0c91 NULL /scratch/zaki/workspace/roachfengine/roachf_2048ch/sysgen/synth_model/roachf_2048ch.vhd sub05/vhpl518 1324332503
EN relational_93c11c0f86 NULL /scratch/zaki/workspace/roachfengine/roachf_2048ch/sysgen/synth_model/roachf_2048ch.vhd sub01/vhpl106 1324332091
AR constant_a3d619979c behavior /scratch/zaki/workspace/roachfengine/roachf_2048ch/sysgen/synth_model/roachf_2048ch.vhd sub01/vhpl119 1324332104
AR p24_extender_entity_d3d592de41 structural /scratch/zaki/workspace/roachfengine/roachf_2048ch/sysgen/synth_model/roachf_2048ch.vhd sub05/vhpl527 1324332512
EN addsub_542df25df6 NULL /scratch/zaki/workspace/roachfengine/roachf_2048ch/sysgen/synth_model/roachf_2048ch.vhd sub03/vhpl340 1324332325
PB conv_pkg conv_pkg /scratch/zaki/workspace/roachfengine/roachf_2048ch/sysgen/synth_model/roachf_2048ch.vhd sub00/vhpl65 1324332050
EN cntr_11_0_7082ab16cd93bab0 NULL /scratch/zaki/workspace/roachfengine/roachf_2048ch/sysgen/synth_model/roachf_2048ch.vhd sub00/vhpl56 1324332041
AR delay_c53de546ea behavior /scratch/zaki/workspace/roachfengine/roachf_2048ch/sysgen/synth_model/roachf_2048ch.vhd sub01/vhpl191 1324332176
EN logical_5773759131 NULL /scratch/zaki/workspace/roachfengine/roachf_2048ch/sysgen/synth_model/roachf_2048ch.vhd sub01/vhpl198 1324332183
AR bitbasher_a85d9bdfd2 behavior /scratch/zaki/workspace/roachfengine/roachf_2048ch/sysgen/synth_model/roachf_2048ch.vhd sub03/vhpl383 1324332368
EN concat_31382efd95 NULL /scratch/zaki/workspace/roachfengine/roachf_2048ch/sysgen/synth_model/roachf_2048ch.vhd sub04/vhpl404 1324332389
AR reinterpret_299ca43e25 behavior /scratch/zaki/workspace/roachfengine/roachf_2048ch/sysgen/synth_model/roachf_2048ch.vhd sub02/vhpl233 1324332218
AR ip_generator_entity_af302315d5 structural /scratch/zaki/workspace/roachfengine/roachf_2048ch/sysgen/synth_model/roachf_2048ch.vhd sub04/vhpl477 1324332462
EN adc_clip_detect0_entity_a311d87c68 NULL /scratch/zaki/workspace/roachfengine/roachf_2048ch/sysgen/synth_model/roachf_2048ch.vhd sub04/vhpl414 1324332399
AR mlt_11_2_2e9321d80be8bb8a mlt_11_2_2e9321d80be8bb8a_a /scratch/zaki/workspace/roachfengine/roachf_2048ch/sysgen/synth_model/roachf_2048ch.vhd sub00/vhpl01 1324331986
EN logical_f1acd27428 NULL /scratch/zaki/workspace/roachfengine/roachf_2048ch/sysgen/synth_model/roachf_2048ch.vhd sub03/vhpl362 1324332347
EN roachf_2048ch NULL /scratch/zaki/workspace/roachfengine/roachf_2048ch/sysgen/synth_model/roachf_2048ch.vhd sub05/vhpl574 1324332559
EN relational_770e12e4ab NULL /scratch/zaki/workspace/roachfengine/roachf_2048ch/sysgen/synth_model/roachf_2048ch.vhd sub01/vhpl176 1324332161
EN constant_3a9a3daeb9 NULL /scratch/zaki/workspace/roachfengine/roachf_2048ch/sysgen/synth_model/roachf_2048ch.vhd sub03/vhpl392 1324332377
AR relational_464c5d53fc behavior /scratch/zaki/workspace/roachfengine/roachf_2048ch/sysgen/synth_model/roachf_2048ch.vhd sub02/vhpl209 1324332194
EN loop_cnt0_entity_50bec196fd NULL /scratch/zaki/workspace/roachfengine/roachf_2048ch/sysgen/synth_model/roachf_2048ch.vhd sub04/vhpl444 1324332429
EN mux_286b77e019 NULL /scratch/zaki/workspace/roachfengine/roachf_2048ch/sysgen/synth_model/roachf_2048ch.vhd sub02/vhpl288 1324332273
AR packetiser_entity_0516551d20 structural /scratch/zaki/workspace/roachfengine/roachf_2048ch/sysgen/synth_model/roachf_2048ch.vhd sub04/vhpl481 1324332466
EN shift_a3d6e8e72f NULL /scratch/zaki/workspace/roachfengine/roachf_2048ch/sysgen/synth_model/roachf_2048ch.vhd sub03/vhpl356 1324332341
AR cntr_11_0_39c11ed0260a265a cntr_11_0_39c11ed0260a265a_a /scratch/zaki/workspace/roachfengine/roachf_2048ch/sysgen/synth_model/roachf_2048ch.vhd sub00/vhpl11 1324331996
EN r_edge_detect_entity_9800ee55f4 NULL /scratch/zaki/workspace/roachfengine/roachf_2048ch/sysgen/synth_model/roachf_2048ch.vhd sub05/vhpl528 1324332513
EN gbe_gpu_entity_812522528c NULL /scratch/zaki/workspace/roachfengine/roachf_2048ch/sysgen/synth_model/roachf_2048ch.vhd sub04/vhpl408 1324332393
EN logical_e77c53f8bd NULL /scratch/zaki/workspace/roachfengine/roachf_2048ch/sysgen/synth_model/roachf_2048ch.vhd sub01/vhpl168 1324332153
EN logical_dfe2dded7f NULL /scratch/zaki/workspace/roachfengine/roachf_2048ch/sysgen/synth_model/roachf_2048ch.vhd sub03/vhpl398 1324332383
AR u2n_entity_1c7835b1a8 structural /scratch/zaki/workspace/roachfengine/roachf_2048ch/sysgen/synth_model/roachf_2048ch.vhd sub05/vhpl537 1324332522
EN fifo_fg53_e01c93fed44dafc4 NULL /scratch/zaki/workspace/roachfengine/roachf_2048ch/sysgen/synth_model/roachf_2048ch.vhd sub00/vhpl16 1324332001
AR bitbasher_1f3692b5e0 behavior /scratch/zaki/workspace/roachfengine/roachf_2048ch/sysgen/synth_model/roachf_2048ch.vhd sub03/vhpl385 1324332370
AR relational_8759749125 behavior /scratch/zaki/workspace/roachfengine/roachf_2048ch/sysgen/synth_model/roachf_2048ch.vhd sub02/vhpl267 1324332252
EN delay16_entity_ae22af2a7f NULL /scratch/zaki/workspace/roachfengine/roachf_2048ch/sysgen/synth_model/roachf_2048ch.vhd sub04/vhpl440 1324332425
EN delay_672d2b8d1e NULL /scratch/zaki/workspace/roachfengine/roachf_2048ch/sysgen/synth_model/roachf_2048ch.vhd sub02/vhpl252 1324332237
EN xldpram NULL /scratch/zaki/workspace/roachfengine/roachf_2048ch/sysgen/synth_model/roachf_2048ch.vhd sub01/vhpl142 1324332127
EN pulse_ext2_entity_418120b57d NULL /scratch/zaki/workspace/roachfengine/roachf_2048ch/sysgen/synth_model/roachf_2048ch.vhd sub04/vhpl430 1324332415
AR bmg_33_2ddf565839052280 bmg_33_2ddf565839052280_a /scratch/zaki/workspace/roachfengine/roachf_2048ch/sysgen/synth_model/roachf_2048ch.vhd sub00/vhpl39 1324332024
AR bitbasher_0b7a692256 behavior /scratch/zaki/workspace/roachfengine/roachf_2048ch/sysgen/synth_model/roachf_2048ch.vhd sub03/vhpl395 1324332380
EN eq_coeff3_entity_612df1250a NULL /scratch/zaki/workspace/roachfengine/roachf_2048ch/sysgen/synth_model/roachf_2048ch.vhd sub05/vhpl554 1324332539
EN relational_b4b277ae0f NULL /scratch/zaki/workspace/roachfengine/roachf_2048ch/sysgen/synth_model/roachf_2048ch.vhd sub01/vhpl184 1324332169
EN delay_entity_3d34693509 NULL /scratch/zaki/workspace/roachfengine/roachf_2048ch/sysgen/synth_model/roachf_2048ch.vhd sub05/vhpl546 1324332531
EN mux_087d0a62e6 NULL /scratch/zaki/workspace/roachfengine/roachf_2048ch/sysgen/synth_model/roachf_2048ch.vhd sub02/vhpl290 1324332275
AR round1_entity_99dae1512b structural /scratch/zaki/workspace/roachfengine/roachf_2048ch/sysgen/synth_model/roachf_2048ch.vhd sub04/vhpl419 1324332404
EN pfbs_entity_f76fcc13f8 NULL /scratch/zaki/workspace/roachfengine/roachf_2048ch/sysgen/synth_model/roachf_2048ch.vhd sub04/vhpl474 1324332459
AR logical_6cb8f0ce02 behavior /scratch/zaki/workspace/roachfengine/roachf_2048ch/sysgen/synth_model/roachf_2048ch.vhd sub01/vhpl197 1324332182
EN mux_81f00cece7 NULL /scratch/zaki/workspace/roachfengine/roachf_2048ch/sysgen/synth_model/roachf_2048ch.vhd sub03/vhpl322 1324332307
EN counter_8ec3f4ab23 NULL /scratch/zaki/workspace/roachfengine/roachf_2048ch/sysgen/synth_model/roachf_2048ch.vhd sub00/vhpl82 1324332067
AR delay_6b2b456c91 behavior /scratch/zaki/workspace/roachfengine/roachf_2048ch/sysgen/synth_model/roachf_2048ch.vhd sub01/vhpl163 1324332148
AR xldelay behavior /scratch/zaki/workspace/roachfengine/roachf_2048ch/sysgen/synth_model/roachf_2048ch.vhd sub00/vhpl85 1324332070
AR x2gpu_entity_3a72aaf025 structural /scratch/zaki/workspace/roachfengine/roachf_2048ch/sysgen/synth_model/roachf_2048ch.vhd sub04/vhpl413 1324332398
EN roachf_2048ch_cw NULL /scratch/zaki/workspace/roachfengine/roachf_2048ch/sysgen/synth_model/roachf_2048ch_cw.vhd sub05/vhpl580 1324332565
EN xlregister NULL /scratch/zaki/workspace/roachfengine/roachf_2048ch/sysgen/synth_model/roachf_2048ch.vhd sub01/vhpl144 1324332129
AR concat_a1e126f11c behavior /scratch/zaki/workspace/roachfengine/roachf_2048ch/sysgen/synth_model/roachf_2048ch.vhd sub01/vhpl147 1324332132
AR xlconvert behavior /scratch/zaki/workspace/roachfengine/roachf_2048ch/sysgen/synth_model/roachf_2048ch.vhd sub00/vhpl79 1324332064
AR concat_1a070f1f35 behavior /scratch/zaki/workspace/roachfengine/roachf_2048ch/sysgen/synth_model/roachf_2048ch.vhd sub01/vhpl111 1324332096
EN constant_fd85eb7067 NULL /scratch/zaki/workspace/roachfengine/roachf_2048ch/sysgen/synth_model/roachf_2048ch.vhd sub03/vhpl312 1324332297
AR mux_e463a7ff8d behavior /scratch/zaki/workspace/roachfengine/roachf_2048ch/sysgen/synth_model/roachf_2048ch.vhd sub02/vhpl275 1324332260
EN constant_a3d619979c NULL /scratch/zaki/workspace/roachfengine/roachf_2048ch/sysgen/synth_model/roachf_2048ch.vhd sub01/vhpl118 1324332103
EN concat_798afc5ec0 NULL /scratch/zaki/workspace/roachfengine/roachf_2048ch/sysgen/synth_model/roachf_2048ch.vhd sub02/vhpl272 1324332257
EN constant_a7e2bb9e12 NULL /scratch/zaki/workspace/roachfengine/roachf_2048ch/sysgen/synth_model/roachf_2048ch.vhd sub01/vhpl188 1324332173
EN barrel_switcher_entity_15309d9171 NULL /scratch/zaki/workspace/roachfengine/roachf_2048ch/sysgen/synth_model/roachf_2048ch.vhd sub05/vhpl508 1324332493
EN delay_6b2b456c91 NULL /scratch/zaki/workspace/roachfengine/roachf_2048ch/sysgen/synth_model/roachf_2048ch.vhd sub01/vhpl162 1324332147
EN xldelay NULL /scratch/zaki/workspace/roachfengine/roachf_2048ch/sysgen/synth_model/roachf_2048ch.vhd sub00/vhpl84 1324332069
AR shift_a3d6e8e72f behavior /scratch/zaki/workspace/roachfengine/roachf_2048ch/sysgen/synth_model/roachf_2048ch.vhd sub03/vhpl357 1324332342
AR default_clock_driver structural /scratch/zaki/workspace/roachfengine/roachf_2048ch/sysgen/synth_model/roachf_2048ch_cw.vhd sub05/vhpl579 1324332564
AR loop_cnt0_entity_50bec196fd structural /scratch/zaki/workspace/roachfengine/roachf_2048ch/sysgen/synth_model/roachf_2048ch.vhd sub04/vhpl445 1324332430
EN xlfifogen NULL /scratch/zaki/workspace/roachfengine/roachf_2048ch/sysgen/synth_model/roachf_2048ch.vhd sub00/vhpl86 1324332071
EN constant_95b0f967bc NULL /scratch/zaki/workspace/roachfengine/roachf_2048ch/sysgen/synth_model/roachf_2048ch.vhd sub01/vhpl138 1324332123
EN xlsprom_dist NULL /scratch/zaki/workspace/roachfengine/roachf_2048ch/sysgen/synth_model/roachf_2048ch.vhd sub03/vhpl326 1324332311
EN constant_cda50df78a NULL /scratch/zaki/workspace/roachfengine/roachf_2048ch/sysgen/synth_model/roachf_2048ch.vhd sub03/vhpl386 1324332371
EN timebase_entity_3df436d1fe NULL /scratch/zaki/workspace/roachfengine/roachf_2048ch/sysgen/synth_model/roachf_2048ch.vhd sub04/vhpl488 1324332473
EN mux_2af8d8c05a NULL /scratch/zaki/workspace/roachfengine/roachf_2048ch/sysgen/synth_model/roachf_2048ch.vhd sub03/vhpl308 1324332293
EN switch_entity_100927dfbc NULL /scratch/zaki/workspace/roachfengine/roachf_2048ch/sysgen/synth_model/roachf_2048ch.vhd sub04/vhpl482 1324332467
EN logical_127a315f20 NULL /scratch/zaki/workspace/roachfengine/roachf_2048ch/sysgen/synth_model/roachf_2048ch.vhd sub01/vhpl122 1324332107
EN square_transposer1_entity_19803c4e55 NULL /scratch/zaki/workspace/roachfengine/roachf_2048ch/sysgen/synth_model/roachf_2048ch.vhd sub05/vhpl510 1324332495
AR control_entity_d92b92adcf structural /scratch/zaki/workspace/roachfengine/roachf_2048ch/sysgen/synth_model/roachf_2048ch.vhd sub05/vhpl567 1324332552
EN pack_it_entity_5b269f0234 NULL /scratch/zaki/workspace/roachfengine/roachf_2048ch/sysgen/synth_model/roachf_2048ch.vhd sub04/vhpl410 1324332395
EN logical_1e8142cab4 NULL /scratch/zaki/workspace/roachfengine/roachf_2048ch/sysgen/synth_model/roachf_2048ch.vhd sub03/vhpl348 1324332333
EN dbuf_ct_bram_entity_5b8d605eb7 NULL /scratch/zaki/workspace/roachfengine/roachf_2048ch/sysgen/synth_model/roachf_2048ch.vhd sub04/vhpl498 1324332483
AR reinterpret_60ea556961 behavior /scratch/zaki/workspace/roachfengine/roachf_2048ch/sysgen/synth_model/roachf_2048ch.vhd sub02/vhpl231 1324332216
EN delay_3f5b23b538 NULL /scratch/zaki/workspace/roachfengine/roachf_2048ch/sysgen/synth_model/roachf_2048ch.vhd sub01/vhpl194 1324332179
EN constant_6a1bb6dda6 NULL /scratch/zaki/workspace/roachfengine/roachf_2048ch/sysgen/synth_model/roachf_2048ch.vhd sub04/vhpl406 1324332391
EN concat_5ac5b45345 NULL /scratch/zaki/workspace/roachfengine/roachf_2048ch/sysgen/synth_model/roachf_2048ch.vhd sub02/vhpl218 1324332203
AR constant_91ef1678ca behavior /scratch/zaki/workspace/roachfengine/roachf_2048ch/sysgen/synth_model/roachf_2048ch.vhd sub03/vhpl331 1324332316
EN rd_pkt_loop_entity_9849abb26b NULL /scratch/zaki/workspace/roachfengine/roachf_2048ch/sysgen/synth_model/roachf_2048ch.vhd sub04/vhpl458 1324332443
AR addsub_2969055f39 behavior /scratch/zaki/workspace/roachfengine/roachf_2048ch/sysgen/synth_model/roachf_2048ch.vhd sub02/vhpl227 1324332212
EN fft2x_tvg_entity_c6501e0603 NULL /scratch/zaki/workspace/roachfengine/roachf_2048ch/sysgen/synth_model/roachf_2048ch.vhd sub05/vhpl502 1324332487
AR constant_79cd191324 behavior /scratch/zaki/workspace/roachfengine/roachf_2048ch/sysgen/synth_model/roachf_2048ch.vhd sub03/vhpl367 1324332352
EN fft_core NULL /scratch/zaki/workspace/roachfengine/roachf_2048ch/sysgen/synth_model/roachf_2048ch.vhd sub02/vhpl240 1324332225
EN concat_423465bf23 NULL /scratch/zaki/workspace/roachfengine/roachf_2048ch/sysgen/synth_model/roachf_2048ch.vhd sub02/vhpl276 1324332261
EN rd_pkt_gbe_entity_7eff7ba846 NULL /scratch/zaki/workspace/roachfengine/roachf_2048ch/sysgen/synth_model/roachf_2048ch.vhd sub04/vhpl456 1324332441
EN mux_86a34309e7 NULL /scratch/zaki/workspace/roachfengine/roachf_2048ch/sysgen/synth_model/roachf_2048ch.vhd sub03/vhpl364 1324332349
EN shift_9c14cd27bd NULL /scratch/zaki/workspace/roachfengine/roachf_2048ch/sysgen/synth_model/roachf_2048ch.vhd sub03/vhpl358 1324332343
AR tt800_seed_gen_entity_c2328df602 structural /scratch/zaki/workspace/roachfengine/roachf_2048ch/sysgen/synth_model/roachf_2048ch.vhd sub05/vhpl531 1324332516
EN delay_423c6c1400 NULL /scratch/zaki/workspace/roachfengine/roachf_2048ch/sysgen/synth_model/roachf_2048ch.vhd sub03/vhpl324 1324332309
EN logical_938d99ac11 NULL /scratch/zaki/workspace/roachfengine/roachf_2048ch/sysgen/synth_model/roachf_2048ch.vhd sub02/vhpl234 1324332219
AR xlcounter_limit behavior /scratch/zaki/workspace/roachfengine/roachf_2048ch/sysgen/synth_model/roachf_2048ch.vhd sub02/vhpl213 1324332198
EN reinterpret_299ca43e25 NULL /scratch/zaki/workspace/roachfengine/roachf_2048ch/sysgen/synth_model/roachf_2048ch.vhd sub02/vhpl232 1324332217
EN logical_80f90b97d0 NULL /scratch/zaki/workspace/roachfengine/roachf_2048ch/sysgen/synth_model/roachf_2048ch.vhd sub00/vhpl90 1324332075
EN logical_0fa52c7c40 NULL /scratch/zaki/workspace/roachfengine/roachf_2048ch/sysgen/synth_model/roachf_2048ch.vhd sub03/vhpl350 1324332335
AR set_cnt_entity_103deff16c structural /scratch/zaki/workspace/roachfengine/roachf_2048ch/sysgen/synth_model/roachf_2048ch.vhd sub04/vhpl449 1324332434
EN tt800_uprng_entity_5cb037c292 NULL /scratch/zaki/workspace/roachfengine/roachf_2048ch/sysgen/synth_model/roachf_2048ch.vhd sub05/vhpl532 1324332517
AR eq_coeff1_entity_cdc6713ab4 structural /scratch/zaki/workspace/roachfengine/roachf_2048ch/sysgen/synth_model/roachf_2048ch.vhd sub05/vhpl551 1324332536
AR mult_ce1935c401 behavior /scratch/zaki/workspace/roachfengine/roachf_2048ch/sysgen/synth_model/roachf_2048ch.vhd sub01/vhpl125 1324332110
AR constant_98b461a391 behavior /scratch/zaki/workspace/roachfengine/roachf_2048ch/sysgen/synth_model/roachf_2048ch.vhd sub02/vhpl221 1324332206
EN constant_b713aad2a7 NULL /scratch/zaki/workspace/roachfengine/roachf_2048ch/sysgen/synth_model/roachf_2048ch.vhd sub01/vhpl154 1324332139
AR concat_f133931c1f behavior /scratch/zaki/workspace/roachfengine/roachf_2048ch/sysgen/synth_model/roachf_2048ch.vhd sub02/vhpl223 1324332208
AR shift_9c14cd27bd behavior /scratch/zaki/workspace/roachfengine/roachf_2048ch/sysgen/synth_model/roachf_2048ch.vhd sub03/vhpl359 1324332344
AR negedge1_entity_482fc0ff88 structural /scratch/zaki/workspace/roachfengine/roachf_2048ch/sysgen/synth_model/roachf_2048ch.vhd sub04/vhpl455 1324332440
AR switch_entity_100927dfbc structural /scratch/zaki/workspace/roachfengine/roachf_2048ch/sysgen/synth_model/roachf_2048ch.vhd sub04/vhpl483 1324332468
EN posedge_entity_cdb830dc95 NULL /scratch/zaki/workspace/roachfengine/roachf_2048ch/sysgen/synth_model/roachf_2048ch.vhd sub04/vhpl428 1324332413
AR bmg_33_e4cac21e8ed012aa bmg_33_e4cac21e8ed012aa_a /scratch/zaki/workspace/roachfengine/roachf_2048ch/sysgen/synth_model/roachf_2048ch.vhd sub00/vhpl27 1324332012
EN adc_monitor_entity_35caae8101 NULL /scratch/zaki/workspace/roachfengine/roachf_2048ch/sysgen/synth_model/roachf_2048ch.vhd sub04/vhpl416 1324332401
AR constant_fd85eb7067 behavior /scratch/zaki/workspace/roachfengine/roachf_2048ch/sysgen/synth_model/roachf_2048ch.vhd sub03/vhpl313 1324332298
AR transpose_entity_198441fceb structural /scratch/zaki/workspace/roachfengine/roachf_2048ch/sysgen/synth_model/roachf_2048ch.vhd sub05/vhpl517 1324332502
EN xlconvert NULL /scratch/zaki/workspace/roachfengine/roachf_2048ch/sysgen/synth_model/roachf_2048ch.vhd sub00/vhpl78 1324332063
EN set_cnt_entity_103deff16c NULL /scratch/zaki/workspace/roachfengine/roachf_2048ch/sysgen/synth_model/roachf_2048ch.vhd sub04/vhpl448 1324332433
AR reinterpret_df53fd8fe7 behavior /scratch/zaki/workspace/roachfengine/roachf_2048ch/sysgen/synth_model/roachf_2048ch.vhd sub01/vhpl131 1324332116
AR constant_f8d41441cb behavior /scratch/zaki/workspace/roachfengine/roachf_2048ch/sysgen/synth_model/roachf_2048ch.vhd sub03/vhpl353 1324332338
EN constant_6293007044 NULL /scratch/zaki/workspace/roachfengine/roachf_2048ch/sysgen/synth_model/roachf_2048ch.vhd sub00/vhpl98 1324332083
EN concat_32afb77cd2 NULL /scratch/zaki/workspace/roachfengine/roachf_2048ch/sysgen/synth_model/roachf_2048ch.vhd sub01/vhpl112 1324332097
EN preshift0_entity_1fa9bc3eb3 NULL /scratch/zaki/workspace/roachfengine/roachf_2048ch/sysgen/synth_model/roachf_2048ch.vhd sub04/vhpl468 1324332453
EN relational_8759749125 NULL /scratch/zaki/workspace/roachfengine/roachf_2048ch/sysgen/synth_model/roachf_2048ch.vhd sub02/vhpl266 1324332251
AR one_ant_a_time_entity_c184c2cce3 structural /scratch/zaki/workspace/roachfengine/roachf_2048ch/sysgen/synth_model/roachf_2048ch.vhd sub05/vhpl513 1324332498
AR constant_3afb0a580d behavior /scratch/zaki/workspace/roachfengine/roachf_2048ch/sysgen/synth_model/roachf_2048ch.vhd sub02/vhpl261 1324332246
AR pack_it_entity_5b269f0234 structural /scratch/zaki/workspace/roachfengine/roachf_2048ch/sysgen/synth_model/roachf_2048ch.vhd sub04/vhpl411 1324332396
AR constant_cda50df78a behavior /scratch/zaki/workspace/roachfengine/roachf_2048ch/sysgen/synth_model/roachf_2048ch.vhd sub03/vhpl387 1324332372
EN relational_7a7af7b80d NULL /scratch/zaki/workspace/roachfengine/roachf_2048ch/sysgen/synth_model/roachf_2048ch.vhd sub02/vhpl284 1324332269
EN sync_delay_en_entity_f168686ccc NULL /scratch/zaki/workspace/roachfengine/roachf_2048ch/sysgen/synth_model/roachf_2048ch.vhd sub05/vhpl504 1324332489
AR delay14_entity_aaea730e0a structural /scratch/zaki/workspace/roachfengine/roachf_2048ch/sysgen/synth_model/roachf_2048ch.vhd sub04/vhpl437 1324332422
EN addsub_c13097e33e NULL /scratch/zaki/workspace/roachfengine/roachf_2048ch/sysgen/synth_model/roachf_2048ch.vhd sub02/vhpl270 1324332255
AR constant_3a9a3daeb9 behavior /scratch/zaki/workspace/roachfengine/roachf_2048ch/sysgen/synth_model/roachf_2048ch.vhd sub03/vhpl393 1324332378
EN bmg_33_ea646125a4d80bcf NULL /scratch/zaki/workspace/roachfengine/roachf_2048ch/sysgen/synth_model/roachf_2048ch.vhd sub00/vhpl28 1324332013
AR logical_5773759131 behavior /scratch/zaki/workspace/roachfengine/roachf_2048ch/sysgen/synth_model/roachf_2048ch.vhd sub01/vhpl199 1324332184
AR relational_831189b190 behavior /scratch/zaki/workspace/roachfengine/roachf_2048ch/sysgen/synth_model/roachf_2048ch.vhd sub01/vhpl153 1324332138
AR preshift0_entity_1fa9bc3eb3 structural /scratch/zaki/workspace/roachfengine/roachf_2048ch/sysgen/synth_model/roachf_2048ch.vhd sub04/vhpl469 1324332454
EN constant_7a5a41eeb1 NULL /scratch/zaki/workspace/roachfengine/roachf_2048ch/sysgen/synth_model/roachf_2048ch.vhd sub03/vhpl354 1324332339
AR cntr_11_0_7a62a1023205fc04 cntr_11_0_7a62a1023205fc04_a /scratch/zaki/workspace/roachfengine/roachf_2048ch/sysgen/synth_model/roachf_2048ch.vhd sub00/vhpl45 1324332030
AR constant_3d1b04c74c behavior /scratch/zaki/workspace/roachfengine/roachf_2048ch/sysgen/synth_model/roachf_2048ch.vhd sub01/vhpl117 1324332102
EN cntr_11_0_4766397a2cb82e6c NULL /scratch/zaki/workspace/roachfengine/roachf_2048ch/sysgen/synth_model/roachf_2048ch.vhd sub00/vhpl58 1324332043
EN constant_822933f89b NULL /scratch/zaki/workspace/roachfengine/roachf_2048ch/sysgen/synth_model/roachf_2048ch.vhd sub02/vhpl298 1324332283
AR relational_78eac2928d behavior /scratch/zaki/workspace/roachfengine/roachf_2048ch/sysgen/synth_model/roachf_2048ch.vhd sub03/vhpl319 1324332304
EN edge2_entity_e8d0c540c2 NULL /scratch/zaki/workspace/roachfengine/roachf_2048ch/sysgen/synth_model/roachf_2048ch.vhd sub04/vhpl478 1324332463
AR preshift0_entity_8b881f3c82 structural /scratch/zaki/workspace/roachfengine/roachf_2048ch/sysgen/synth_model/roachf_2048ch.vhd sub04/vhpl471 1324332456
EN concat_39a9232e16 NULL /scratch/zaki/workspace/roachfengine/roachf_2048ch/sysgen/synth_model/roachf_2048ch.vhd sub01/vhpl160 1324332145
EN logical_954ee29728 NULL /scratch/zaki/workspace/roachfengine/roachf_2048ch/sysgen/synth_model/roachf_2048ch.vhd sub00/vhpl92 1324332077
AR mux_81f00cece7 behavior /scratch/zaki/workspace/roachfengine/roachf_2048ch/sysgen/synth_model/roachf_2048ch.vhd sub03/vhpl323 1324332308
EN constant_98b461a391 NULL /scratch/zaki/workspace/roachfengine/roachf_2048ch/sysgen/synth_model/roachf_2048ch.vhd sub02/vhpl220 1324332205
EN mux_9723c3381b NULL /scratch/zaki/workspace/roachfengine/roachf_2048ch/sysgen/synth_model/roachf_2048ch.vhd sub01/vhpl126 1324332111
AR input_mux_entity_e4124e5313 structural /scratch/zaki/workspace/roachfengine/roachf_2048ch/sysgen/synth_model/roachf_2048ch.vhd sub05/vhpl571 1324332556
AR cntr_11_0_dc314b8b6483eda0 cntr_11_0_dc314b8b6483eda0_a /scratch/zaki/workspace/roachfengine/roachf_2048ch/sysgen/synth_model/roachf_2048ch.vhd sub00/vhpl09 1324331994
AR cntr_11_0_286e61d5bf87dbe2 cntr_11_0_286e61d5bf87dbe2_a /scratch/zaki/workspace/roachfengine/roachf_2048ch/sysgen/synth_model/roachf_2048ch.vhd sub00/vhpl43 1324332028
AR cntr_11_0_7082ab16cd93bab0 cntr_11_0_7082ab16cd93bab0_a /scratch/zaki/workspace/roachfengine/roachf_2048ch/sysgen/synth_model/roachf_2048ch.vhd sub00/vhpl57 1324332042
EN eq_coeff1_entity_cdc6713ab4 NULL /scratch/zaki/workspace/roachfengine/roachf_2048ch/sysgen/synth_model/roachf_2048ch.vhd sub05/vhpl550 1324332535
EN concat_54b15613a0 NULL /scratch/zaki/workspace/roachfengine/roachf_2048ch/sysgen/synth_model/roachf_2048ch.vhd sub00/vhpl80 1324332065
AR led1_arm_entity_bfb1c8c0b9 structural /scratch/zaki/workspace/roachfengine/roachf_2048ch/sysgen/synth_model/roachf_2048ch.vhd sub04/vhpl427 1324332412
EN relational_831189b190 NULL /scratch/zaki/workspace/roachfengine/roachf_2048ch/sysgen/synth_model/roachf_2048ch.vhd sub01/vhpl152 1324332137
AR reinterpret_573890e1c0 behavior /scratch/zaki/workspace/roachfengine/roachf_2048ch/sysgen/synth_model/roachf_2048ch.vhd sub03/vhpl339 1324332324
AR logical_80f90b97d0 behavior /scratch/zaki/workspace/roachfengine/roachf_2048ch/sysgen/synth_model/roachf_2048ch.vhd sub00/vhpl91 1324332076
EN rx_pkt_fifo0_entity_060e97aac2 NULL /scratch/zaki/workspace/roachfengine/roachf_2048ch/sysgen/synth_model/roachf_2048ch.vhd sub04/vhpl462 1324332447
EN xlspram NULL /scratch/zaki/workspace/roachfengine/roachf_2048ch/sysgen/synth_model/roachf_2048ch.vhd sub02/vhpl292 1324332277
AR bitbasher_5b1e76c782 behavior /scratch/zaki/workspace/roachfengine/roachf_2048ch/sysgen/synth_model/roachf_2048ch.vhd sub04/vhpl401 1324332386
AR adc_clip_detect0_entity_a311d87c68 structural /scratch/zaki/workspace/roachfengine/roachf_2048ch/sysgen/synth_model/roachf_2048ch.vhd sub04/vhpl415 1324332400
AR r_edge_detect_entity_9800ee55f4 structural /scratch/zaki/workspace/roachfengine/roachf_2048ch/sysgen/synth_model/roachf_2048ch.vhd sub05/vhpl529 1324332514
AR constant_e8ddc079e9 behavior /scratch/zaki/workspace/roachfengine/roachf_2048ch/sysgen/synth_model/roachf_2048ch.vhd sub03/vhpl391 1324332376
AR gbe_gpu_entity_812522528c structural /scratch/zaki/workspace/roachfengine/roachf_2048ch/sysgen/synth_model/roachf_2048ch.vhd sub04/vhpl409 1324332394
AR eq_entity_5c2c12863f structural /scratch/zaki/workspace/roachfengine/roachf_2048ch/sysgen/synth_model/roachf_2048ch.vhd sub04/vhpl425 1324332410
AR constant_418a7c3a16 behavior /scratch/zaki/workspace/roachfengine/roachf_2048ch/sysgen/synth_model/roachf_2048ch.vhd sub01/vhpl179 1324332164
AR logical_19a8cd80c8 behavior /scratch/zaki/workspace/roachfengine/roachf_2048ch/sysgen/synth_model/roachf_2048ch.vhd sub01/vhpl109 1324332094
AR logical_aacf6e1b0e behavior /scratch/zaki/workspace/roachfengine/roachf_2048ch/sysgen/synth_model/roachf_2048ch.vhd sub01/vhpl175 1324332160
AR relational_502d6cf7c0 behavior /scratch/zaki/workspace/roachfengine/roachf_2048ch/sysgen/synth_model/roachf_2048ch.vhd sub01/vhpl157 1324332142
EN logical_19a8cd80c8 NULL /scratch/zaki/workspace/roachfengine/roachf_2048ch/sysgen/synth_model/roachf_2048ch.vhd sub01/vhpl108 1324332093
EN subsystem12_entity_d73b4e9e36 NULL /scratch/zaki/workspace/roachfengine/roachf_2048ch/sysgen/synth_model/roachf_2048ch.vhd sub04/vhpl442 1324332427
AR expr_52ec6336d5 behavior /scratch/zaki/workspace/roachfengine/roachf_2048ch/sysgen/synth_model/roachf_2048ch.vhd sub03/vhpl373 1324332358
AR xladdsub behavior /scratch/zaki/workspace/roachfengine/roachf_2048ch/sysgen/synth_model/roachf_2048ch.vhd sub02/vhpl243 1324332228
AR armed_trigger_entity_c050484b7b structural /scratch/zaki/workspace/roachfengine/roachf_2048ch/sysgen/synth_model/roachf_2048ch.vhd sub05/vhpl563 1324332548
AR logical_1e8142cab4 behavior /scratch/zaki/workspace/roachfengine/roachf_2048ch/sysgen/synth_model/roachf_2048ch.vhd sub03/vhpl349 1324332334
AR concat_62c4475a80 behavior /scratch/zaki/workspace/roachfengine/roachf_2048ch/sysgen/synth_model/roachf_2048ch.vhd sub02/vhpl249 1324332234
AR addsb_11_0_a25ab30f6829c208 addsb_11_0_a25ab30f6829c208_a /scratch/zaki/workspace/roachfengine/roachf_2048ch/sysgen/synth_model/roachf_2048ch.vhd sub00/vhpl47 1324332032
AR bootstrap_entity_63cba6091d structural /scratch/zaki/workspace/roachfengine/roachf_2048ch/sysgen/synth_model/roachf_2048ch.vhd sub05/vhpl525 1324332510
EN addrmaker_real_entity_9abd237bd6 NULL /scratch/zaki/workspace/roachfengine/roachf_2048ch/sysgen/synth_model/roachf_2048ch.vhd sub04/vhpl494 1324332479
EN control_entity_d92b92adcf NULL /scratch/zaki/workspace/roachfengine/roachf_2048ch/sysgen/synth_model/roachf_2048ch.vhd sub05/vhpl566 1324332551
AR bmg_33_7de9efda5baafcf4 bmg_33_7de9efda5baafcf4_a /scratch/zaki/workspace/roachfengine/roachf_2048ch/sysgen/synth_model/roachf_2048ch.vhd sub00/vhpl61 1324332046
EN tt800_seed_gen_entity_c2328df602 NULL /scratch/zaki/workspace/roachfengine/roachf_2048ch/sysgen/synth_model/roachf_2048ch.vhd sub05/vhpl530 1324332515
EN eq_entity_5c2c12863f NULL /scratch/zaki/workspace/roachfengine/roachf_2048ch/sysgen/synth_model/roachf_2048ch.vhd sub04/vhpl424 1324332409
AR constant_0f59f02ba5 behavior /scratch/zaki/workspace/roachfengine/roachf_2048ch/sysgen/synth_model/roachf_2048ch.vhd sub03/vhpl305 1324332290
AR output_entity_f6d0a24100 structural /scratch/zaki/workspace/roachfengine/roachf_2048ch/sysgen/synth_model/roachf_2048ch.vhd sub05/vhpl521 1324332506
EN output_entity_f6d0a24100 NULL /scratch/zaki/workspace/roachfengine/roachf_2048ch/sysgen/synth_model/roachf_2048ch.vhd sub05/vhpl520 1324332505
EN mux_9d682a1165 NULL /scratch/zaki/workspace/roachfengine/roachf_2048ch/sysgen/synth_model/roachf_2048ch.vhd sub03/vhpl306 1324332291
AR concat_d90e7950ae behavior /scratch/zaki/workspace/roachfengine/roachf_2048ch/sysgen/synth_model/roachf_2048ch.vhd sub02/vhpl295 1324332280
EN expr_52ec6336d5 NULL /scratch/zaki/workspace/roachfengine/roachf_2048ch/sysgen/synth_model/roachf_2048ch.vhd sub03/vhpl372 1324332357
AR cntr_11_0_29076546cca80226 cntr_11_0_29076546cca80226_a /scratch/zaki/workspace/roachfengine/roachf_2048ch/sysgen/synth_model/roachf_2048ch.vhd sub00/vhpl31 1324332016
AR insel_entity_f24df7e05b structural /scratch/zaki/workspace/roachfengine/roachf_2048ch/sysgen/synth_model/roachf_2048ch.vhd sub05/vhpl559 1324332544
EN xlslice NULL /scratch/zaki/workspace/roachfengine/roachf_2048ch/sysgen/synth_model/roachf_2048ch.vhd sub00/vhpl96 1324332081
EN reinterpret_60ea556961 NULL /scratch/zaki/workspace/roachfengine/roachf_2048ch/sysgen/synth_model/roachf_2048ch.vhd sub02/vhpl230 1324332215
EN concat_62c4475a80 NULL /scratch/zaki/workspace/roachfengine/roachf_2048ch/sysgen/synth_model/roachf_2048ch.vhd sub02/vhpl248 1324332233
AR cntr_11_0_05e2750227d8d748 cntr_11_0_05e2750227d8d748_a /scratch/zaki/workspace/roachfengine/roachf_2048ch/sysgen/synth_model/roachf_2048ch.vhd sub00/vhpl25 1324332010
AR bmg_33_ceba1f83ce9d2509 bmg_33_ceba1f83ce9d2509_a /scratch/zaki/workspace/roachfengine/roachf_2048ch/sysgen/synth_model/roachf_2048ch.vhd sub00/vhpl07 1324331992
EN mux_52ae77d946 NULL /scratch/zaki/workspace/roachfengine/roachf_2048ch/sysgen/synth_model/roachf_2048ch.vhd sub03/vhpl334 1324332319
EN mux_1bef4ba0e4 NULL /scratch/zaki/workspace/roachfengine/roachf_2048ch/sysgen/synth_model/roachf_2048ch.vhd sub02/vhpl262 1324332247
EN reinterpret_f21e7f2ddf NULL /scratch/zaki/workspace/roachfengine/roachf_2048ch/sysgen/synth_model/roachf_2048ch.vhd sub02/vhpl244 1324332229
EN delay_9f02caa990 NULL /scratch/zaki/workspace/roachfengine/roachf_2048ch/sysgen/synth_model/roachf_2048ch.vhd sub01/vhpl192 1324332177
EN eq_coeff0_entity_f9f63337e4 NULL /scratch/zaki/workspace/roachfengine/roachf_2048ch/sysgen/synth_model/roachf_2048ch.vhd sub05/vhpl548 1324332533
EN logical_3640e86e6c NULL /scratch/zaki/workspace/roachfengine/roachf_2048ch/sysgen/synth_model/roachf_2048ch.vhd sub02/vhpl200 1324332185
AR delay_23d71a76f2 behavior /scratch/zaki/workspace/roachfengine/roachf_2048ch/sysgen/synth_model/roachf_2048ch.vhd sub01/vhpl183 1324332168
EN relational_6c3ee657fa NULL /scratch/zaki/workspace/roachfengine/roachf_2048ch/sysgen/synth_model/roachf_2048ch.vhd sub03/vhpl316 1324332301
AR constant_f5d769813d behavior /scratch/zaki/workspace/roachfengine/roachf_2048ch/sysgen/synth_model/roachf_2048ch.vhd sub03/vhpl343 1324332328
EN cntr_11_0_7a62a1023205fc04 NULL /scratch/zaki/workspace/roachfengine/roachf_2048ch/sysgen/synth_model/roachf_2048ch.vhd sub00/vhpl44 1324332029
EN bitbasher_0b7a692256 NULL /scratch/zaki/workspace/roachfengine/roachf_2048ch/sysgen/synth_model/roachf_2048ch.vhd sub03/vhpl394 1324332379
AR concat_5ac5b45345 behavior /scratch/zaki/workspace/roachfengine/roachf_2048ch/sysgen/synth_model/roachf_2048ch.vhd sub02/vhpl219 1324332204
AR convert_func_call behavior /scratch/zaki/workspace/roachfengine/roachf_2048ch/sysgen/synth_model/roachf_2048ch.vhd sub00/vhpl77 1324332062
EN xlsprom NULL /scratch/zaki/workspace/roachfengine/roachf_2048ch/sysgen/synth_model/roachf_2048ch.vhd sub03/vhpl376 1324332361
AR inverter_251f82b86b behavior /scratch/zaki/workspace/roachfengine/roachf_2048ch/sysgen/synth_model/roachf_2048ch.vhd sub02/vhpl269 1324332254
AR logical_dfe2dded7f behavior /scratch/zaki/workspace/roachfengine/roachf_2048ch/sysgen/synth_model/roachf_2048ch.vhd sub03/vhpl399 1324332384
AR relational_770e12e4ab behavior /scratch/zaki/workspace/roachfengine/roachf_2048ch/sysgen/synth_model/roachf_2048ch.vhd sub01/vhpl177 1324332162
EN eq_coeff2_entity_526e4dfb61 NULL /scratch/zaki/workspace/roachfengine/roachf_2048ch/sysgen/synth_model/roachf_2048ch.vhd sub05/vhpl552 1324332537
AR shift_82822b2849 behavior /scratch/zaki/workspace/roachfengine/roachf_2048ch/sysgen/synth_model/roachf_2048ch.vhd sub03/vhpl369 1324332354
EN pfb_fir_core NULL /scratch/zaki/workspace/roachfengine/roachf_2048ch/sysgen/synth_model/roachf_2048ch.vhd sub02/vhpl241 1324332226
EN delay_d8eaaced1c NULL /scratch/zaki/workspace/roachfengine/roachf_2048ch/sysgen/synth_model/roachf_2048ch.vhd sub02/vhpl254 1324332239
EN bmg_33_c09e2494d7a7b5a4 NULL /scratch/zaki/workspace/roachfengine/roachf_2048ch/sysgen/synth_model/roachf_2048ch.vhd sub00/vhpl36 1324332021
AR constant_4c449dd556 behavior /scratch/zaki/workspace/roachfengine/roachf_2048ch/sysgen/synth_model/roachf_2048ch.vhd sub02/vhpl251 1324332236
AR counter_8ec3f4ab23 behavior /scratch/zaki/workspace/roachfengine/roachf_2048ch/sysgen/synth_model/roachf_2048ch.vhd sub00/vhpl83 1324332068
AR constant_1f5cc32f1e behavior /scratch/zaki/workspace/roachfengine/roachf_2048ch/sysgen/synth_model/roachf_2048ch.vhd sub03/vhpl303 1324332288
AR xlsprom behavior /scratch/zaki/workspace/roachfengine/roachf_2048ch/sysgen/synth_model/roachf_2048ch.vhd sub03/vhpl377 1324332362
EN bmg_33_ceba1f83ce9d2509 NULL /scratch/zaki/workspace/roachfengine/roachf_2048ch/sysgen/synth_model/roachf_2048ch.vhd sub00/vhpl06 1324331991
AR sync_delay1_entity_ca80a8dca7 structural /scratch/zaki/workspace/roachfengine/roachf_2048ch/sysgen/synth_model/roachf_2048ch.vhd sub04/vhpl497 1324332482
EN shared_bram_entity_738a1b8876 NULL /scratch/zaki/workspace/roachfengine/roachf_2048ch/sysgen/synth_model/roachf_2048ch.vhd sub04/vhpl492 1324332477
EN constant_0604807f72 NULL /scratch/zaki/workspace/roachfengine/roachf_2048ch/sysgen/synth_model/roachf_2048ch.vhd sub01/vhpl180 1324332165
AR posedge_entity_cdb830dc95 structural /scratch/zaki/workspace/roachfengine/roachf_2048ch/sysgen/synth_model/roachf_2048ch.vhd sub04/vhpl429 1324332414
AR xlsprom_dist behavior /scratch/zaki/workspace/roachfengine/roachf_2048ch/sysgen/synth_model/roachf_2048ch.vhd sub03/vhpl327 1324332312
AR mux_dc8b84fd59 behavior /scratch/zaki/workspace/roachfengine/roachf_2048ch/sysgen/synth_model/roachf_2048ch.vhd sub02/vhpl257 1324332242
AR bmg_33_4c2b84f72036519d bmg_33_4c2b84f72036519d_a /scratch/zaki/workspace/roachfengine/roachf_2048ch/sysgen/synth_model/roachf_2048ch.vhd sub00/vhpl53 1324332038
AR dbuf_ct_bram_entity_5b8d605eb7 structural /scratch/zaki/workspace/roachfengine/roachf_2048ch/sysgen/synth_model/roachf_2048ch.vhd sub04/vhpl499 1324332484
EN concat_a369e00c6b NULL /scratch/zaki/workspace/roachfengine/roachf_2048ch/sysgen/synth_model/roachf_2048ch.vhd sub01/vhpl186 1324332171
EN constant_75c298d4bc NULL /scratch/zaki/workspace/roachfengine/roachf_2048ch/sysgen/synth_model/roachf_2048ch.vhd sub01/vhpl102 1324332087
EN constant_f5d769813d NULL /scratch/zaki/workspace/roachfengine/roachf_2048ch/sysgen/synth_model/roachf_2048ch.vhd sub03/vhpl342 1324332327
EN sync_delay_entity_4578d9610d NULL /scratch/zaki/workspace/roachfengine/roachf_2048ch/sysgen/synth_model/roachf_2048ch.vhd sub04/vhpl484 1324332469
AR concat_ca389bcebb behavior /scratch/zaki/workspace/roachfengine/roachf_2048ch/sysgen/synth_model/roachf_2048ch.vhd sub02/vhpl297 1324332282
AR noise0_entity_b1b8512dea structural /scratch/zaki/workspace/roachfengine/roachf_2048ch/sysgen/synth_model/roachf_2048ch.vhd sub05/vhpl541 1324332526
AR wgn_entity_34e4d5f785 structural /scratch/zaki/workspace/roachfengine/roachf_2048ch/sysgen/synth_model/roachf_2048ch.vhd sub05/vhpl539 1324332524
AR delay16_entity_ae22af2a7f structural /scratch/zaki/workspace/roachfengine/roachf_2048ch/sysgen/synth_model/roachf_2048ch.vhd sub04/vhpl441 1324332426
EN eq1_entity_90d6feae64 NULL /scratch/zaki/workspace/roachfengine/roachf_2048ch/sysgen/synth_model/roachf_2048ch.vhd sub04/vhpl422 1324332407
EN reinterpret_573890e1c0 NULL /scratch/zaki/workspace/roachfengine/roachf_2048ch/sysgen/synth_model/roachf_2048ch.vhd sub03/vhpl338 1324332323
EN mult_ce1935c401 NULL /scratch/zaki/workspace/roachfengine/roachf_2048ch/sysgen/synth_model/roachf_2048ch.vhd sub01/vhpl124 1324332109
AR barrel_switcher_entity_15309d9171 structural /scratch/zaki/workspace/roachfengine/roachf_2048ch/sysgen/synth_model/roachf_2048ch.vhd sub05/vhpl509 1324332494
AR sync_delay_en_entity_f168686ccc structural /scratch/zaki/workspace/roachfengine/roachf_2048ch/sysgen/synth_model/roachf_2048ch.vhd sub05/vhpl505 1324332490
EN bmg_33_4c2b84f72036519d NULL /scratch/zaki/workspace/roachfengine/roachf_2048ch/sysgen/synth_model/roachf_2048ch.vhd sub00/vhpl52 1324332037
EN synth_reg_w_init NULL /scratch/zaki/workspace/roachfengine/roachf_2048ch/sysgen/synth_model/roachf_2048ch.vhd sub00/vhpl74 1324332059
AR counter_0b5ddaeff2 behavior /scratch/zaki/workspace/roachfengine/roachf_2048ch/sysgen/synth_model/roachf_2048ch.vhd sub03/vhpl321 1324332306
EN relational_464c5d53fc NULL /scratch/zaki/workspace/roachfengine/roachf_2048ch/sysgen/synth_model/roachf_2048ch.vhd sub02/vhpl208 1324332193
AR mux_66e06093b2 behavior /scratch/zaki/workspace/roachfengine/roachf_2048ch/sysgen/synth_model/roachf_2048ch.vhd sub02/vhpl205 1324332190
AR reorder_entity_b57ba908cb structural /scratch/zaki/workspace/roachfengine/roachf_2048ch/sysgen/synth_model/roachf_2048ch.vhd sub05/vhpl507 1324332492
AR cntr_11_0_87d335e994d59139 cntr_11_0_87d335e994d59139_a /scratch/zaki/workspace/roachfengine/roachf_2048ch/sysgen/synth_model/roachf_2048ch.vhd sub00/vhpl19 1324332004
AR constant_963ed6358a behavior /scratch/zaki/workspace/roachfengine/roachf_2048ch/sysgen/synth_model/roachf_2048ch.vhd sub01/vhpl101 1324332086
EN constant_bdd7f47790 NULL /scratch/zaki/workspace/roachfengine/roachf_2048ch/sysgen/synth_model/roachf_2048ch.vhd sub01/vhpl150 1324332135
AR reinterpret_3fb4604c01 behavior /scratch/zaki/workspace/roachfengine/roachf_2048ch/sysgen/synth_model/roachf_2048ch.vhd sub02/vhpl225 1324332210
AR eq1_entity_90d6feae64 structural /scratch/zaki/workspace/roachfengine/roachf_2048ch/sysgen/synth_model/roachf_2048ch.vhd sub04/vhpl423 1324332408
EN mux_dc8b84fd59 NULL /scratch/zaki/workspace/roachfengine/roachf_2048ch/sysgen/synth_model/roachf_2048ch.vhd sub02/vhpl256 1324332241
AR concat_32afb77cd2 behavior /scratch/zaki/workspace/roachfengine/roachf_2048ch/sysgen/synth_model/roachf_2048ch.vhd sub01/vhpl113 1324332098
AR tt800_engine_entity_75f178c1cb structural /scratch/zaki/workspace/roachfengine/roachf_2048ch/sysgen/synth_model/roachf_2048ch.vhd sub05/vhpl523 1324332508
AR cntr_11_0_b77d302451b8d8f9 cntr_11_0_b77d302451b8d8f9_a /scratch/zaki/workspace/roachfengine/roachf_2048ch/sysgen/synth_model/roachf_2048ch.vhd sub00/vhpl55 1324332040
AR convert_entity_c1e8df0c72 structural /scratch/zaki/workspace/roachfengine/roachf_2048ch/sysgen/synth_model/roachf_2048ch.vhd sub04/vhpl467 1324332452
AR fifo_entity_a1400fd5ba structural /scratch/zaki/workspace/roachfengine/roachf_2048ch/sysgen/synth_model/roachf_2048ch.vhd sub04/vhpl447 1324332432
EN logical_aacf6e1b0e NULL /scratch/zaki/workspace/roachfengine/roachf_2048ch/sysgen/synth_model/roachf_2048ch.vhd sub01/vhpl174 1324332159
EN constant_a1c496ea88 NULL /scratch/zaki/workspace/roachfengine/roachf_2048ch/sysgen/synth_model/roachf_2048ch.vhd sub03/vhpl300 1324332285
EN preshift0_entity_8b881f3c82 NULL /scratch/zaki/workspace/roachfengine/roachf_2048ch/sysgen/synth_model/roachf_2048ch.vhd sub04/vhpl470 1324332455
AR inverter_e5b38cca3b behavior /scratch/zaki/workspace/roachfengine/roachf_2048ch/sysgen/synth_model/roachf_2048ch.vhd sub00/vhpl89 1324332074
AR status_entity_c8ecda6293 structural /scratch/zaki/workspace/roachfengine/roachf_2048ch/sysgen/synth_model/roachf_2048ch.vhd sub05/vhpl573 1324332558
AR edge2_entity_e8d0c540c2 structural /scratch/zaki/workspace/roachfengine/roachf_2048ch/sysgen/synth_model/roachf_2048ch.vhd sub04/vhpl479 1324332464
EN reinterpret_9306b5127f NULL /scratch/zaki/workspace/roachfengine/roachf_2048ch/sysgen/synth_model/roachf_2048ch.vhd sub01/vhpl132 1324332117
AR mux_9d682a1165 behavior /scratch/zaki/workspace/roachfengine/roachf_2048ch/sysgen/synth_model/roachf_2048ch.vhd sub03/vhpl307 1324332292
AR xldpram behavior /scratch/zaki/workspace/roachfengine/roachf_2048ch/sysgen/synth_model/roachf_2048ch.vhd sub01/vhpl143 1324332128
EN constant_418a7c3a16 NULL /scratch/zaki/workspace/roachfengine/roachf_2048ch/sysgen/synth_model/roachf_2048ch.vhd sub01/vhpl178 1324332163
EN mux_aa8aa9d15c NULL /scratch/zaki/workspace/roachfengine/roachf_2048ch/sysgen/synth_model/roachf_2048ch.vhd sub02/vhpl236 1324332221
AR logical_bbdaa33b63 behavior /scratch/zaki/workspace/roachfengine/roachf_2048ch/sysgen/synth_model/roachf_2048ch.vhd sub02/vhpl203 1324332188
EN counter_0b5ddaeff2 NULL /scratch/zaki/workspace/roachfengine/roachf_2048ch/sysgen/synth_model/roachf_2048ch.vhd sub03/vhpl320 1324332305
EN ctl_regs_entity_a72d477ea2 NULL /scratch/zaki/workspace/roachfengine/roachf_2048ch/sysgen/synth_model/roachf_2048ch.vhd sub05/vhpl544 1324332529
AR cntr_11_0_3e48e6bb94d6d577 cntr_11_0_3e48e6bb94d6d577_a /scratch/zaki/workspace/roachfengine/roachf_2048ch/sysgen/synth_model/roachf_2048ch.vhd sub00/vhpl13 1324331998
AR logical_a6d07705dd behavior /scratch/zaki/workspace/roachfengine/roachf_2048ch/sysgen/synth_model/roachf_2048ch.vhd sub01/vhpl149 1324332134
EN xlclockdriver NULL /scratch/zaki/workspace/roachfengine/roachf_2048ch/sysgen/synth_model/roachf_2048ch_cw.vhd sub05/vhpl576 1324332561
AR relational_367321bc0c behavior /scratch/zaki/workspace/roachfengine/roachf_2048ch/sysgen/synth_model/roachf_2048ch.vhd sub03/vhpl389 1324332374
AR cntr_11_0_a26a02e5fda52d58 cntr_11_0_a26a02e5fda52d58_a /scratch/zaki/workspace/roachfengine/roachf_2048ch/sysgen/synth_model/roachf_2048ch.vhd sub00/vhpl05 1324331990
AR addsub_542df25df6 behavior /scratch/zaki/workspace/roachfengine/roachf_2048ch/sysgen/synth_model/roachf_2048ch.vhd sub03/vhpl341 1324332326
AR xlcounter_free behavior /scratch/zaki/workspace/roachfengine/roachf_2048ch/sysgen/synth_model/roachf_2048ch.vhd sub01/vhpl141 1324332126
EN expr_c255d1cf74 NULL /scratch/zaki/workspace/roachfengine/roachf_2048ch/sysgen/synth_model/roachf_2048ch.vhd sub03/vhpl370 1324332355
AR constant_bdd7f47790 behavior /scratch/zaki/workspace/roachfengine/roachf_2048ch/sysgen/synth_model/roachf_2048ch.vhd sub01/vhpl151 1324332136
EN mux_d99e59b6d4 NULL /scratch/zaki/workspace/roachfengine/roachf_2048ch/sysgen/synth_model/roachf_2048ch.vhd sub02/vhpl206 1324332191
EN fifo_entity_a1400fd5ba NULL /scratch/zaki/workspace/roachfengine/roachf_2048ch/sysgen/synth_model/roachf_2048ch.vhd sub04/vhpl446 1324332431
EN shift_82822b2849 NULL /scratch/zaki/workspace/roachfengine/roachf_2048ch/sysgen/synth_model/roachf_2048ch.vhd sub03/vhpl368 1324332353
AR ctl_regs_entity_a72d477ea2 structural /scratch/zaki/workspace/roachfengine/roachf_2048ch/sysgen/synth_model/roachf_2048ch.vhd sub05/vhpl545 1324332530
EN constant_4c449dd556 NULL /scratch/zaki/workspace/roachfengine/roachf_2048ch/sysgen/synth_model/roachf_2048ch.vhd sub02/vhpl250 1324332235
EN negedge1_entity_482fc0ff88 NULL /scratch/zaki/workspace/roachfengine/roachf_2048ch/sysgen/synth_model/roachf_2048ch.vhd sub04/vhpl454 1324332439
AR constant_a1c496ea88 behavior /scratch/zaki/workspace/roachfengine/roachf_2048ch/sysgen/synth_model/roachf_2048ch.vhd sub03/vhpl301 1324332286
AR xlmult behavior /scratch/zaki/workspace/roachfengine/roachf_2048ch/sysgen/synth_model/roachf_2048ch.vhd sub01/vhpl105 1324332090
EN cntr_11_0_a26a02e5fda52d58 NULL /scratch/zaki/workspace/roachfengine/roachf_2048ch/sysgen/synth_model/roachf_2048ch.vhd sub00/vhpl04 1324331989
EN constant_0f59f02ba5 NULL /scratch/zaki/workspace/roachfengine/roachf_2048ch/sysgen/synth_model/roachf_2048ch.vhd sub03/vhpl304 1324332289
AR loopback_mux0_entity_a214b462fb structural /scratch/zaki/workspace/roachfengine/roachf_2048ch/sysgen/synth_model/roachf_2048ch.vhd sub04/vhpl461 1324332446
EN lfsr_49df07576f NULL /scratch/zaki/workspace/roachfengine/roachf_2048ch/sysgen/synth_model/roachf_2048ch.vhd sub03/vhpl374 1324332359
AR constant_9a2c97cce5 behavior /scratch/zaki/workspace/roachfengine/roachf_2048ch/sysgen/synth_model/roachf_2048ch.vhd sub02/vhpl229 1324332214
AR constant_6a1bb6dda6 behavior /scratch/zaki/workspace/roachfengine/roachf_2048ch/sysgen/synth_model/roachf_2048ch.vhd sub04/vhpl407 1324332392
AR logical_e82b2f8c26 behavior /scratch/zaki/workspace/roachfengine/roachf_2048ch/sysgen/synth_model/roachf_2048ch.vhd sub01/vhpl167 1324332152
EN concat_a1e126f11c NULL /scratch/zaki/workspace/roachfengine/roachf_2048ch/sysgen/synth_model/roachf_2048ch.vhd sub01/vhpl146 1324332131
AR reinterpret_6b1adb5d55 behavior /scratch/zaki/workspace/roachfengine/roachf_2048ch/sysgen/synth_model/roachf_2048ch.vhd sub03/vhpl345 1324332330
EN delay15_entity_1b3340233c NULL /scratch/zaki/workspace/roachfengine/roachf_2048ch/sysgen/synth_model/roachf_2048ch.vhd sub04/vhpl438 1324332423
AR logical_e77c53f8bd behavior /scratch/zaki/workspace/roachfengine/roachf_2048ch/sysgen/synth_model/roachf_2048ch.vhd sub01/vhpl169 1324332154
EN constant_3afb0a580d NULL /scratch/zaki/workspace/roachfengine/roachf_2048ch/sysgen/synth_model/roachf_2048ch.vhd sub02/vhpl260 1324332245
EN reinterpret_6b1adb5d55 NULL /scratch/zaki/workspace/roachfengine/roachf_2048ch/sysgen/synth_model/roachf_2048ch.vhd sub03/vhpl344 1324332329
AR mux_1bef4ba0e4 behavior /scratch/zaki/workspace/roachfengine/roachf_2048ch/sysgen/synth_model/roachf_2048ch.vhd sub02/vhpl263 1324332248
AR mux_52ae77d946 behavior /scratch/zaki/workspace/roachfengine/roachf_2048ch/sysgen/synth_model/roachf_2048ch.vhd sub03/vhpl335 1324332320
EN delay_15f5a81b1f NULL /scratch/zaki/workspace/roachfengine/roachf_2048ch/sysgen/synth_model/roachf_2048ch.vhd sub02/vhpl214 1324332199
AR relational_7a7af7b80d behavior /scratch/zaki/workspace/roachfengine/roachf_2048ch/sysgen/synth_model/roachf_2048ch.vhd sub02/vhpl285 1324332270
AR fifo_fg53_e06690cdbc1dc7ca fifo_fg53_e06690cdbc1dc7ca_a /scratch/zaki/workspace/roachfengine/roachf_2048ch/sysgen/synth_model/roachf_2048ch.vhd sub00/vhpl23 1324332008
AR relational_5fd910f16d behavior /scratch/zaki/workspace/roachfengine/roachf_2048ch/sysgen/synth_model/roachf_2048ch.vhd sub01/vhpl135 1324332120
EN logical_e82b2f8c26 NULL /scratch/zaki/workspace/roachfengine/roachf_2048ch/sysgen/synth_model/roachf_2048ch.vhd sub01/vhpl166 1324332151
EN delay_e2d047c154 NULL /scratch/zaki/workspace/roachfengine/roachf_2048ch/sysgen/synth_model/roachf_2048ch.vhd sub02/vhpl216 1324332201
AR leds_entity_6eba8e3f58 structural /scratch/zaki/workspace/roachfengine/roachf_2048ch/sysgen/synth_model/roachf_2048ch.vhd sub04/vhpl435 1324332420
AR wgns_entity_7bd51eacfd structural /scratch/zaki/workspace/roachfengine/roachf_2048ch/sysgen/synth_model/roachf_2048ch.vhd sub05/vhpl543 1324332528
EN synth_reg_reg NULL /scratch/zaki/workspace/roachfengine/roachf_2048ch/sysgen/synth_model/roachf_2048ch.vhd sub00/vhpl70 1324332055
EN asr_11_0_372caaa934b22d95 NULL /scratch/zaki/workspace/roachfengine/roachf_2048ch/sysgen/synth_model/roachf_2048ch.vhd sub00/vhpl40 1324332025
AR logical_799f62af22 behavior /scratch/zaki/workspace/roachfengine/roachf_2048ch/sysgen/synth_model/roachf_2048ch.vhd sub00/vhpl95 1324332080
EN constant_9a2c97cce5 NULL /scratch/zaki/workspace/roachfengine/roachf_2048ch/sysgen/synth_model/roachf_2048ch.vhd sub02/vhpl228 1324332213
AR synth_reg_reg behav /scratch/zaki/workspace/roachfengine/roachf_2048ch/sysgen/synth_model/roachf_2048ch.vhd sub00/vhpl71 1324332056
EN reinterpret_9a13f6a2a0 NULL /scratch/zaki/workspace/roachfengine/roachf_2048ch/sysgen/synth_model/roachf_2048ch.vhd sub01/vhpl164 1324332149
EN reorder_entity_b57ba908cb NULL /scratch/zaki/workspace/roachfengine/roachf_2048ch/sysgen/synth_model/roachf_2048ch.vhd sub05/vhpl506 1324332491
AR pfbs_entity_f76fcc13f8 structural /scratch/zaki/workspace/roachfengine/roachf_2048ch/sysgen/synth_model/roachf_2048ch.vhd sub04/vhpl475 1324332460
EN constant_3ee5f91fcf NULL /scratch/zaki/workspace/roachfengine/roachf_2048ch/sysgen/synth_model/roachf_2048ch.vhd sub01/vhpl114 1324332099
AR eq_coeff2_entity_526e4dfb61 structural /scratch/zaki/workspace/roachfengine/roachf_2048ch/sysgen/synth_model/roachf_2048ch.vhd sub05/vhpl553 1324332538
EN cntr_11_0_39c11ed0260a265a NULL /scratch/zaki/workspace/roachfengine/roachf_2048ch/sysgen/synth_model/roachf_2048ch.vhd sub00/vhpl10 1324331995
AR muxin0_entity_a2ce6681aa structural /scratch/zaki/workspace/roachfengine/roachf_2048ch/sysgen/synth_model/roachf_2048ch.vhd sub05/vhpl569 1324332554
EN loopback_entity_20081bd26d NULL /scratch/zaki/workspace/roachfengine/roachf_2048ch/sysgen/synth_model/roachf_2048ch.vhd sub04/vhpl464 1324332449
AR constant_822933f89b behavior /scratch/zaki/workspace/roachfengine/roachf_2048ch/sysgen/synth_model/roachf_2048ch.vhd sub02/vhpl299 1324332284
EN one_ant_a_time_entity_c184c2cce3 NULL /scratch/zaki/workspace/roachfengine/roachf_2048ch/sysgen/synth_model/roachf_2048ch.vhd sub05/vhpl512 1324332497
EN relational_d36fe12c1c NULL /scratch/zaki/workspace/roachfengine/roachf_2048ch/sysgen/synth_model/roachf_2048ch.vhd sub01/vhpl172 1324332157
AR cntr_11_0_4766397a2cb82e6c cntr_11_0_4766397a2cb82e6c_a /scratch/zaki/workspace/roachfengine/roachf_2048ch/sysgen/synth_model/roachf_2048ch.vhd sub00/vhpl59 1324332044
AR rollback_fifo_entity_603c345505 structural /scratch/zaki/workspace/roachfengine/roachf_2048ch/sysgen/synth_model/roachf_2048ch.vhd sub04/vhpl451 1324332436
EN default_clock_driver NULL /scratch/zaki/workspace/roachfengine/roachf_2048ch/sysgen/synth_model/roachf_2048ch_cw.vhd sub05/vhpl578 1324332563
AR xlslice behavior /scratch/zaki/workspace/roachfengine/roachf_2048ch/sysgen/synth_model/roachf_2048ch.vhd sub00/vhpl97 1324332082
EN fifo_fg53_e06690cdbc1dc7ca NULL /scratch/zaki/workspace/roachfengine/roachf_2048ch/sysgen/synth_model/roachf_2048ch.vhd sub00/vhpl22 1324332007
EN constant_c1bd3afa8c NULL /scratch/zaki/workspace/roachfengine/roachf_2048ch/sysgen/synth_model/roachf_2048ch.vhd sub02/vhpl258 1324332243
AR constant_c1bd3afa8c behavior /scratch/zaki/workspace/roachfengine/roachf_2048ch/sysgen/synth_model/roachf_2048ch.vhd sub02/vhpl259 1324332244
EN constant_f8d41441cb NULL /scratch/zaki/workspace/roachfengine/roachf_2048ch/sysgen/synth_model/roachf_2048ch.vhd sub03/vhpl352 1324332337
AR constant_b713aad2a7 behavior /scratch/zaki/workspace/roachfengine/roachf_2048ch/sysgen/synth_model/roachf_2048ch.vhd sub01/vhpl155 1324332140
EN u2n_entity_1c7835b1a8 NULL /scratch/zaki/workspace/roachfengine/roachf_2048ch/sysgen/synth_model/roachf_2048ch.vhd sub05/vhpl536 1324332521
EN mlt_11_2_fb712a1e6f4360e8 NULL /scratch/zaki/workspace/roachfengine/roachf_2048ch/sysgen/synth_model/roachf_2048ch.vhd sub00/vhpl62 1324332047
AR logical_3640e86e6c behavior /scratch/zaki/workspace/roachfengine/roachf_2048ch/sysgen/synth_model/roachf_2048ch.vhd sub02/vhpl201 1324332186
EN synth_reg NULL /scratch/zaki/workspace/roachfengine/roachf_2048ch/sysgen/synth_model/roachf_2048ch.vhd sub00/vhpl68 1324332053
EN constant_91ef1678ca NULL /scratch/zaki/workspace/roachfengine/roachf_2048ch/sysgen/synth_model/roachf_2048ch.vhd sub03/vhpl330 1324332315
AR constant_95b0f967bc behavior /scratch/zaki/workspace/roachfengine/roachf_2048ch/sysgen/synth_model/roachf_2048ch.vhd sub01/vhpl139 1324332124
EN addsb_11_0_a25ab30f6829c208 NULL /scratch/zaki/workspace/roachfengine/roachf_2048ch/sysgen/synth_model/roachf_2048ch.vhd sub00/vhpl46 1324332031
EN srl17e NULL /scratch/zaki/workspace/roachfengine/roachf_2048ch/sysgen/synth_model/roachf_2048ch.vhd sub00/vhpl66 1324332051
EN constant_190a6d2a1a NULL /scratch/zaki/workspace/roachfengine/roachf_2048ch/sysgen/synth_model/roachf_2048ch.vhd sub02/vhpl278 1324332263
AR reinterpret_d9988e3d87 behavior /scratch/zaki/workspace/roachfengine/roachf_2048ch/sysgen/synth_model/roachf_2048ch.vhd sub03/vhpl379 1324332364
AR reinterpret_9a0fa0f632 behavior /scratch/zaki/workspace/roachfengine/roachf_2048ch/sysgen/synth_model/roachf_2048ch.vhd sub01/vhpl129 1324332114
AR tt800_uprng_entity_5cb037c292 structural /scratch/zaki/workspace/roachfengine/roachf_2048ch/sysgen/synth_model/roachf_2048ch.vhd sub05/vhpl533 1324332518
AR delay_15f5a81b1f behavior /scratch/zaki/workspace/roachfengine/roachf_2048ch/sysgen/synth_model/roachf_2048ch.vhd sub02/vhpl215 1324332200
EN bitbasher_a85d9bdfd2 NULL /scratch/zaki/workspace/roachfengine/roachf_2048ch/sysgen/synth_model/roachf_2048ch.vhd sub03/vhpl382 1324332367
AR mux_2af8d8c05a behavior /scratch/zaki/workspace/roachfengine/roachf_2048ch/sysgen/synth_model/roachf_2048ch.vhd sub03/vhpl309 1324332294
AR xladdrsr behavior /scratch/zaki/workspace/roachfengine/roachf_2048ch/sysgen/synth_model/roachf_2048ch.vhd sub04/vhpl403 1324332388
EN x2gpu_entity_3a72aaf025 NULL /scratch/zaki/workspace/roachfengine/roachf_2048ch/sysgen/synth_model/roachf_2048ch.vhd sub04/vhpl412 1324332397
AR mlt_11_2_fb712a1e6f4360e8 mlt_11_2_fb712a1e6f4360e8_a /scratch/zaki/workspace/roachfengine/roachf_2048ch/sysgen/synth_model/roachf_2048ch.vhd sub00/vhpl63 1324332048
EN constant_b437b02512 NULL /scratch/zaki/workspace/roachfengine/roachf_2048ch/sysgen/synth_model/roachf_2048ch.vhd sub03/vhpl332 1324332317
EN leds_entity_6eba8e3f58 NULL /scratch/zaki/workspace/roachfengine/roachf_2048ch/sysgen/synth_model/roachf_2048ch.vhd sub04/vhpl434 1324332419
AR constant_b4ec9de7d1 behavior /scratch/zaki/workspace/roachfengine/roachf_2048ch/sysgen/synth_model/roachf_2048ch.vhd sub03/vhpl311 1324332296
EN constant_b4ec9de7d1 NULL /scratch/zaki/workspace/roachfengine/roachf_2048ch/sysgen/synth_model/roachf_2048ch.vhd sub03/vhpl310 1324332295
AR constant_37567836aa behavior /scratch/zaki/workspace/roachfengine/roachf_2048ch/sysgen/synth_model/roachf_2048ch.vhd sub03/vhpl361 1324332346
AR timebase_entity_3df436d1fe structural /scratch/zaki/workspace/roachfengine/roachf_2048ch/sysgen/synth_model/roachf_2048ch.vhd sub04/vhpl489 1324332474
AR delay_672d2b8d1e behavior /scratch/zaki/workspace/roachfengine/roachf_2048ch/sysgen/synth_model/roachf_2048ch.vhd sub02/vhpl253 1324332238
EN logical_bbdaa33b63 NULL /scratch/zaki/workspace/roachfengine/roachf_2048ch/sysgen/synth_model/roachf_2048ch.vhd sub02/vhpl202 1324332187
EN bmg_33_7de9efda5baafcf4 NULL /scratch/zaki/workspace/roachfengine/roachf_2048ch/sysgen/synth_model/roachf_2048ch.vhd sub00/vhpl60 1324332045
EN delay14_entity_aaea730e0a NULL /scratch/zaki/workspace/roachfengine/roachf_2048ch/sysgen/synth_model/roachf_2048ch.vhd sub04/vhpl436 1324332421
EN packetiser_entity_0516551d20 NULL /scratch/zaki/workspace/roachfengine/roachf_2048ch/sysgen/synth_model/roachf_2048ch.vhd sub04/vhpl480 1324332465
EN sync_delay1_entity_ca80a8dca7 NULL /scratch/zaki/workspace/roachfengine/roachf_2048ch/sysgen/synth_model/roachf_2048ch.vhd sub04/vhpl496 1324332481
EN reinterpret_df53fd8fe7 NULL /scratch/zaki/workspace/roachfengine/roachf_2048ch/sysgen/synth_model/roachf_2048ch.vhd sub01/vhpl130 1324332115
AR delay_9f02caa990 behavior /scratch/zaki/workspace/roachfengine/roachf_2048ch/sysgen/synth_model/roachf_2048ch.vhd sub01/vhpl193 1324332178
EN concat_f133931c1f NULL /scratch/zaki/workspace/roachfengine/roachf_2048ch/sysgen/synth_model/roachf_2048ch.vhd sub02/vhpl222 1324332207
EN cntr_11_0_dc314b8b6483eda0 NULL /scratch/zaki/workspace/roachfengine/roachf_2048ch/sysgen/synth_model/roachf_2048ch.vhd sub00/vhpl08 1324331993
AR xlspram behavior /scratch/zaki/workspace/roachfengine/roachf_2048ch/sysgen/synth_model/roachf_2048ch.vhd sub02/vhpl293 1324332278
AR constant_a7e2bb9e12 behavior /scratch/zaki/workspace/roachfengine/roachf_2048ch/sysgen/synth_model/roachf_2048ch.vhd sub01/vhpl189 1324332174
EN reinterpret_9a0fa0f632 NULL /scratch/zaki/workspace/roachfengine/roachf_2048ch/sysgen/synth_model/roachf_2048ch.vhd sub01/vhpl128 1324332113
EN bitbasher_1f3692b5e0 NULL /scratch/zaki/workspace/roachfengine/roachf_2048ch/sysgen/synth_model/roachf_2048ch.vhd sub03/vhpl384 1324332369
EN mlt_11_2_2e9321d80be8bb8a NULL /scratch/zaki/workspace/roachfengine/roachf_2048ch/sysgen/synth_model/roachf_2048ch.vhd sub00/vhpl00 1324331985
AR rd_pkt_gbe_entity_7eff7ba846 structural /scratch/zaki/workspace/roachfengine/roachf_2048ch/sysgen/synth_model/roachf_2048ch.vhd sub04/vhpl457 1324332442
AR delay15_entity_1b3340233c structural /scratch/zaki/workspace/roachfengine/roachf_2048ch/sysgen/synth_model/roachf_2048ch.vhd sub04/vhpl439 1324332424
AR cntr_11_0_9b19b69f1946892e cntr_11_0_9b19b69f1946892e_a /scratch/zaki/workspace/roachfengine/roachf_2048ch/sysgen/synth_model/roachf_2048ch.vhd sub00/vhpl03 1324331988
AR convert_entity_04484d0c91 structural /scratch/zaki/workspace/roachfengine/roachf_2048ch/sysgen/synth_model/roachf_2048ch.vhd sub05/vhpl519 1324332504
EN pulse_ext3_entity_abbc5087ad NULL /scratch/zaki/workspace/roachfengine/roachf_2048ch/sysgen/synth_model/roachf_2048ch.vhd sub04/vhpl432 1324332417
AR single_reg_w_init structural /scratch/zaki/workspace/roachfengine/roachf_2048ch/sysgen/synth_model/roachf_2048ch.vhd sub00/vhpl73 1324332058
AR delay_entity_3d34693509 structural /scratch/zaki/workspace/roachfengine/roachf_2048ch/sysgen/synth_model/roachf_2048ch.vhd sub05/vhpl547 1324332532
AR addsub_c13097e33e behavior /scratch/zaki/workspace/roachfengine/roachf_2048ch/sysgen/synth_model/roachf_2048ch.vhd sub02/vhpl271 1324332256
AR cntr_11_0_f02c881303926bfa cntr_11_0_f02c881303926bfa_a /scratch/zaki/workspace/roachfengine/roachf_2048ch/sysgen/synth_model/roachf_2048ch.vhd sub00/vhpl35 1324332020
EN constant_963ed6358a NULL /scratch/zaki/workspace/roachfengine/roachf_2048ch/sysgen/synth_model/roachf_2048ch.vhd sub01/vhpl100 1324332085
AR constant_75c298d4bc behavior /scratch/zaki/workspace/roachfengine/roachf_2048ch/sysgen/synth_model/roachf_2048ch.vhd sub01/vhpl103 1324332088
EN delay_c53de546ea NULL /scratch/zaki/workspace/roachfengine/roachf_2048ch/sysgen/synth_model/roachf_2048ch.vhd sub01/vhpl190 1324332175
EN input_mux_entity_e4124e5313 NULL /scratch/zaki/workspace/roachfengine/roachf_2048ch/sysgen/synth_model/roachf_2048ch.vhd sub05/vhpl570 1324332555
EN concat_1a070f1f35 NULL /scratch/zaki/workspace/roachfengine/roachf_2048ch/sysgen/synth_model/roachf_2048ch.vhd sub01/vhpl110 1324332095
AR relational_93c11c0f86 behavior /scratch/zaki/workspace/roachfengine/roachf_2048ch/sysgen/synth_model/roachf_2048ch.vhd sub01/vhpl107 1324332092
EN loopback_fifo0_entity_f997a30533 NULL /scratch/zaki/workspace/roachfengine/roachf_2048ch/sysgen/synth_model/roachf_2048ch.vhd sub04/vhpl452 1324332437
AR mux_86a34309e7 behavior /scratch/zaki/workspace/roachfengine/roachf_2048ch/sysgen/synth_model/roachf_2048ch.vhd sub03/vhpl365 1324332350
AR square_transposer1_entity_19803c4e55 structural /scratch/zaki/workspace/roachfengine/roachf_2048ch/sysgen/synth_model/roachf_2048ch.vhd sub05/vhpl511 1324332496
EN mux_7f6b7da686 NULL /scratch/zaki/workspace/roachfengine/roachf_2048ch/sysgen/synth_model/roachf_2048ch.vhd sub03/vhpl328 1324332313
AR mux_d99e59b6d4 behavior /scratch/zaki/workspace/roachfengine/roachf_2048ch/sysgen/synth_model/roachf_2048ch.vhd sub02/vhpl207 1324332192
EN bootstrap_entity_63cba6091d NULL /scratch/zaki/workspace/roachfengine/roachf_2048ch/sysgen/synth_model/roachf_2048ch.vhd sub05/vhpl524 1324332509
EN constant_e8ddc079e9 NULL /scratch/zaki/workspace/roachfengine/roachf_2048ch/sysgen/synth_model/roachf_2048ch.vhd sub03/vhpl390 1324332375
AR seed_entity_d236f6dbd6 structural /scratch/zaki/workspace/roachfengine/roachf_2048ch/sysgen/synth_model/roachf_2048ch.vhd sub05/vhpl565 1324332550
EN relational_5fd910f16d NULL /scratch/zaki/workspace/roachfengine/roachf_2048ch/sysgen/synth_model/roachf_2048ch.vhd sub01/vhpl134 1324332119
EN xlcounter_limit NULL /scratch/zaki/workspace/roachfengine/roachf_2048ch/sysgen/synth_model/roachf_2048ch.vhd sub02/vhpl212 1324332197
EN delay_bram_entity_1e14eed5d0 NULL /scratch/zaki/workspace/roachfengine/roachf_2048ch/sysgen/synth_model/roachf_2048ch.vhd sub05/vhpl500 1324332485
AR lfsr_49df07576f behavior /scratch/zaki/workspace/roachfengine/roachf_2048ch/sysgen/synth_model/roachf_2048ch.vhd sub03/vhpl375 1324332360
AR xlfifogen behavior /scratch/zaki/workspace/roachfengine/roachf_2048ch/sysgen/synth_model/roachf_2048ch.vhd sub00/vhpl87 1324332072
EN cntr_11_0_29076546cca80226 NULL /scratch/zaki/workspace/roachfengine/roachf_2048ch/sysgen/synth_model/roachf_2048ch.vhd sub00/vhpl30 1324332015
EN convert_func_call NULL /scratch/zaki/workspace/roachfengine/roachf_2048ch/sysgen/synth_model/roachf_2048ch.vhd sub00/vhpl76 1324332061
EN cntr_11_0_b77d302451b8d8f9 NULL /scratch/zaki/workspace/roachfengine/roachf_2048ch/sysgen/synth_model/roachf_2048ch.vhd sub00/vhpl54 1324332039
EN sync_gen_entity_d47ed84510 NULL /scratch/zaki/workspace/roachfengine/roachf_2048ch/sysgen/synth_model/roachf_2048ch.vhd sub04/vhpl486 1324332471
AR rx_pkt_fifo0_entity_060e97aac2 structural /scratch/zaki/workspace/roachfengine/roachf_2048ch/sysgen/synth_model/roachf_2048ch.vhd sub04/vhpl463 1324332448
AR reinterpret_f21e7f2ddf behavior /scratch/zaki/workspace/roachfengine/roachf_2048ch/sysgen/synth_model/roachf_2048ch.vhd sub02/vhpl245 1324332230
EN inverter_251f82b86b NULL /scratch/zaki/workspace/roachfengine/roachf_2048ch/sysgen/synth_model/roachf_2048ch.vhd sub02/vhpl268 1324332253
EN constant_a629aefb53 NULL /scratch/zaki/workspace/roachfengine/roachf_2048ch/sysgen/synth_model/roachf_2048ch.vhd sub01/vhpl120 1324332105
AR eq_coefs_entity_5847e7ecdc structural /scratch/zaki/workspace/roachfengine/roachf_2048ch/sysgen/synth_model/roachf_2048ch.vhd sub05/vhpl557 1324332542
AR pulse_ext2_entity_418120b57d structural /scratch/zaki/workspace/roachfengine/roachf_2048ch/sysgen/synth_model/roachf_2048ch.vhd sub04/vhpl431 1324332416
EN logical_a6d07705dd NULL /scratch/zaki/workspace/roachfengine/roachf_2048ch/sysgen/synth_model/roachf_2048ch.vhd sub01/vhpl148 1324332133
AR mux_7f6b7da686 behavior /scratch/zaki/workspace/roachfengine/roachf_2048ch/sysgen/synth_model/roachf_2048ch.vhd sub03/vhpl329 1324332314
AR pulse_ext3_entity_abbc5087ad structural /scratch/zaki/workspace/roachfengine/roachf_2048ch/sysgen/synth_model/roachf_2048ch.vhd sub04/vhpl433 1324332418
AR bmg_33_ea646125a4d80bcf bmg_33_ea646125a4d80bcf_a /scratch/zaki/workspace/roachfengine/roachf_2048ch/sysgen/synth_model/roachf_2048ch.vhd sub00/vhpl29 1324332014
AR scale_fb1609b028 behavior /scratch/zaki/workspace/roachfengine/roachf_2048ch/sysgen/synth_model/roachf_2048ch.vhd sub02/vhpl239 1324332224
AR relational_2147430058 behavior /scratch/zaki/workspace/roachfengine/roachf_2048ch/sysgen/synth_model/roachf_2048ch.vhd sub01/vhpl171 1324332156
AR logical_127a315f20 behavior /scratch/zaki/workspace/roachfengine/roachf_2048ch/sysgen/synth_model/roachf_2048ch.vhd sub01/vhpl123 1324332108
AR preshift1_entity_6253c6acf0 structural /scratch/zaki/workspace/roachfengine/roachf_2048ch/sysgen/synth_model/roachf_2048ch.vhd sub04/vhpl473 1324332458
AR fifo_fg53_d5c899ca81df0776 fifo_fg53_d5c899ca81df0776_a /scratch/zaki/workspace/roachfengine/roachf_2048ch/sysgen/synth_model/roachf_2048ch.vhd sub00/vhpl33 1324332018
EN logical_799f62af22 NULL /scratch/zaki/workspace/roachfengine/roachf_2048ch/sysgen/synth_model/roachf_2048ch.vhd sub00/vhpl94 1324332079
AR srl17e structural /scratch/zaki/workspace/roachfengine/roachf_2048ch/sysgen/synth_model/roachf_2048ch.vhd sub00/vhpl67 1324332052
EN relational_2147430058 NULL /scratch/zaki/workspace/roachfengine/roachf_2048ch/sysgen/synth_model/roachf_2048ch.vhd sub01/vhpl170 1324332155
AR constant_3ee5f91fcf behavior /scratch/zaki/workspace/roachfengine/roachf_2048ch/sysgen/synth_model/roachf_2048ch.vhd sub01/vhpl115 1324332100
EN tt800_engine_entity_75f178c1cb NULL /scratch/zaki/workspace/roachfengine/roachf_2048ch/sysgen/synth_model/roachf_2048ch.vhd sub05/vhpl522 1324332507
AR mux_087d0a62e6 behavior /scratch/zaki/workspace/roachfengine/roachf_2048ch/sysgen/synth_model/roachf_2048ch.vhd sub02/vhpl291 1324332276
EN constant_9f5572ba51 NULL /scratch/zaki/workspace/roachfengine/roachf_2048ch/sysgen/synth_model/roachf_2048ch.vhd sub02/vhpl280 1324332265
AR constant_4a391b9a0e behavior /scratch/zaki/workspace/roachfengine/roachf_2048ch/sysgen/synth_model/roachf_2048ch.vhd sub03/vhpl315 1324332300
EN cntr_11_0_8b305ccf84a90afe NULL /scratch/zaki/workspace/roachfengine/roachf_2048ch/sysgen/synth_model/roachf_2048ch.vhd sub00/vhpl20 1324332005
EN xlcounter_free NULL /scratch/zaki/workspace/roachfengine/roachf_2048ch/sysgen/synth_model/roachf_2048ch.vhd sub01/vhpl140 1324332125
EN preshift1_entity_6253c6acf0 NULL /scratch/zaki/workspace/roachfengine/roachf_2048ch/sysgen/synth_model/roachf_2048ch.vhd sub04/vhpl472 1324332457
AR fft2x_tvg_entity_c6501e0603 structural /scratch/zaki/workspace/roachfengine/roachf_2048ch/sysgen/synth_model/roachf_2048ch.vhd sub05/vhpl503 1324332488
EN constant_f334f9895c NULL /scratch/zaki/workspace/roachfengine/roachf_2048ch/sysgen/synth_model/roachf_2048ch.vhd sub02/vhpl282 1324332267
AR asr_11_0_372caaa934b22d95 asr_11_0_372caaa934b22d95_a /scratch/zaki/workspace/roachfengine/roachf_2048ch/sysgen/synth_model/roachf_2048ch.vhd sub00/vhpl41 1324332026
AR edge_detect_entity_67821eb11e structural /scratch/zaki/workspace/roachfengine/roachf_2048ch/sysgen/synth_model/roachf_2048ch.vhd sub05/vhpl561 1324332546
EN dmg_43_7b326199bbc0575c NULL /scratch/zaki/workspace/roachfengine/roachf_2048ch/sysgen/synth_model/roachf_2048ch.vhd sub00/vhpl14 1324331999
EN addsub_2969055f39 NULL /scratch/zaki/workspace/roachfengine/roachf_2048ch/sysgen/synth_model/roachf_2048ch.vhd sub02/vhpl226 1324332211
EN constant_79cd191324 NULL /scratch/zaki/workspace/roachfengine/roachf_2048ch/sysgen/synth_model/roachf_2048ch.vhd sub03/vhpl366 1324332351
EN cntr_11_0_8869969bd2303665 NULL /scratch/zaki/workspace/roachfengine/roachf_2048ch/sysgen/synth_model/roachf_2048ch.vhd sub00/vhpl48 1324332033
EN xlmult NULL /scratch/zaki/workspace/roachfengine/roachf_2048ch/sysgen/synth_model/roachf_2048ch.vhd sub01/vhpl104 1324332089
AR delay_d8eaaced1c behavior /scratch/zaki/workspace/roachfengine/roachf_2048ch/sysgen/synth_model/roachf_2048ch.vhd sub02/vhpl255 1324332240
AR constant_190a6d2a1a behavior /scratch/zaki/workspace/roachfengine/roachf_2048ch/sysgen/synth_model/roachf_2048ch.vhd sub02/vhpl279 1324332264
EN concat_ca389bcebb NULL /scratch/zaki/workspace/roachfengine/roachf_2048ch/sysgen/synth_model/roachf_2048ch.vhd sub02/vhpl296 1324332281
AR constant_6293007044 behavior /scratch/zaki/workspace/roachfengine/roachf_2048ch/sysgen/synth_model/roachf_2048ch.vhd sub00/vhpl99 1324332084
AR sram_tvg_entity_f462de9464 structural /scratch/zaki/workspace/roachfengine/roachf_2048ch/sysgen/synth_model/roachf_2048ch.vhd sub05/vhpl515 1324332500
AR concat_31382efd95 behavior /scratch/zaki/workspace/roachfengine/roachf_2048ch/sysgen/synth_model/roachf_2048ch.vhd sub04/vhpl405 1324332390
AR shared_bram_entity_738a1b8876 structural /scratch/zaki/workspace/roachfengine/roachf_2048ch/sysgen/synth_model/roachf_2048ch.vhd sub04/vhpl493 1324332478
AR relational_d36fe12c1c behavior /scratch/zaki/workspace/roachfengine/roachf_2048ch/sysgen/synth_model/roachf_2048ch.vhd sub01/vhpl173 1324332158
AR mux_286b77e019 behavior /scratch/zaki/workspace/roachfengine/roachf_2048ch/sysgen/synth_model/roachf_2048ch.vhd sub02/vhpl289 1324332274
AR sync_gen_entity_d47ed84510 structural /scratch/zaki/workspace/roachfengine/roachf_2048ch/sysgen/synth_model/roachf_2048ch.vhd sub04/vhpl487 1324332472
AR relational_6c3ee657fa behavior /scratch/zaki/workspace/roachfengine/roachf_2048ch/sysgen/synth_model/roachf_2048ch.vhd sub03/vhpl317 1324332302
AR eq_coeff3_entity_612df1250a structural /scratch/zaki/workspace/roachfengine/roachf_2048ch/sysgen/synth_model/roachf_2048ch.vhd sub05/vhpl555 1324332540
EN edge_detect_entity_67821eb11e NULL /scratch/zaki/workspace/roachfengine/roachf_2048ch/sysgen/synth_model/roachf_2048ch.vhd sub05/vhpl560 1324332545
AR fifo_fg53_e01c93fed44dafc4 fifo_fg53_e01c93fed44dafc4_a /scratch/zaki/workspace/roachfengine/roachf_2048ch/sysgen/synth_model/roachf_2048ch.vhd sub00/vhpl17 1324332002
AR logical_f1acd27428 behavior /scratch/zaki/workspace/roachfengine/roachf_2048ch/sysgen/synth_model/roachf_2048ch.vhd sub03/vhpl363 1324332348
AR delay_3f5b23b538 behavior /scratch/zaki/workspace/roachfengine/roachf_2048ch/sysgen/synth_model/roachf_2048ch.vhd sub01/vhpl195 1324332180
EN seed_entity_d236f6dbd6 NULL /scratch/zaki/workspace/roachfengine/roachf_2048ch/sysgen/synth_model/roachf_2048ch.vhd sub05/vhpl564 1324332549
AR relational_ec7072e854 behavior /scratch/zaki/workspace/roachfengine/roachf_2048ch/sysgen/synth_model/roachf_2048ch.vhd sub01/vhpl137 1324332122
EN cntr_11_0_ae406e50e98e0e45 NULL /scratch/zaki/workspace/roachfengine/roachf_2048ch/sysgen/synth_model/roachf_2048ch.vhd sub00/vhpl50 1324332035
EN cntr_11_0_f02c881303926bfa NULL /scratch/zaki/workspace/roachfengine/roachf_2048ch/sysgen/synth_model/roachf_2048ch.vhd sub00/vhpl34 1324332019
AR eq_coeff0_entity_f9f63337e4 structural /scratch/zaki/workspace/roachfengine/roachf_2048ch/sysgen/synth_model/roachf_2048ch.vhd sub05/vhpl549 1324332534
EN ip_generator_entity_af302315d5 NULL /scratch/zaki/workspace/roachfengine/roachf_2048ch/sysgen/synth_model/roachf_2048ch.vhd sub04/vhpl476 1324332461
EN noise0_entity_b1b8512dea NULL /scratch/zaki/workspace/roachfengine/roachf_2048ch/sysgen/synth_model/roachf_2048ch.vhd sub05/vhpl540 1324332525
EN logical_6cb8f0ce02 NULL /scratch/zaki/workspace/roachfengine/roachf_2048ch/sysgen/synth_model/roachf_2048ch.vhd sub01/vhpl196 1324332181
AR reinterpret_9306b5127f behavior /scratch/zaki/workspace/roachfengine/roachf_2048ch/sysgen/synth_model/roachf_2048ch.vhd sub01/vhpl133 1324332118
AR delay_423c6c1400 behavior /scratch/zaki/workspace/roachfengine/roachf_2048ch/sysgen/synth_model/roachf_2048ch.vhd sub03/vhpl325 1324332310
AR loopback_fifo0_entity_f997a30533 structural /scratch/zaki/workspace/roachfengine/roachf_2048ch/sysgen/synth_model/roachf_2048ch.vhd sub04/vhpl453 1324332438
EN reinterpret_3fb4604c01 NULL /scratch/zaki/workspace/roachfengine/roachf_2048ch/sysgen/synth_model/roachf_2048ch.vhd sub02/vhpl224 1324332209
EN calc_add_entity_0cbd79f346 NULL /scratch/zaki/workspace/roachfengine/roachf_2048ch/sysgen/synth_model/roachf_2048ch.vhd sub04/vhpl490 1324332475
EN round1_entity_99dae1512b NULL /scratch/zaki/workspace/roachfengine/roachf_2048ch/sysgen/synth_model/roachf_2048ch.vhd sub04/vhpl418 1324332403
EN rollback_fifo_entity_603c345505 NULL /scratch/zaki/workspace/roachfengine/roachf_2048ch/sysgen/synth_model/roachf_2048ch.vhd sub04/vhpl450 1324332435
AR concat_798afc5ec0 behavior /scratch/zaki/workspace/roachfengine/roachf_2048ch/sysgen/synth_model/roachf_2048ch.vhd sub02/vhpl273 1324332258
AR sync_delay_entity_4578d9610d structural /scratch/zaki/workspace/roachfengine/roachf_2048ch/sysgen/synth_model/roachf_2048ch.vhd sub04/vhpl485 1324332470
AR roachf_2048ch_cw structural /scratch/zaki/workspace/roachfengine/roachf_2048ch/sysgen/synth_model/roachf_2048ch_cw.vhd sub05/vhpl581 1324332566
EN constant_1f5cc32f1e NULL /scratch/zaki/workspace/roachfengine/roachf_2048ch/sysgen/synth_model/roachf_2048ch.vhd sub03/vhpl302 1324332287
EN relational_1ea7543d62 NULL /scratch/zaki/workspace/roachfengine/roachf_2048ch/sysgen/synth_model/roachf_2048ch.vhd sub02/vhpl264 1324332249
EN relational_ec7072e854 NULL /scratch/zaki/workspace/roachfengine/roachf_2048ch/sysgen/synth_model/roachf_2048ch.vhd sub01/vhpl136 1324332121
AR constant_f334f9895c behavior /scratch/zaki/workspace/roachfengine/roachf_2048ch/sysgen/synth_model/roachf_2048ch.vhd sub02/vhpl283 1324332268
EN mux_66e06093b2 NULL /scratch/zaki/workspace/roachfengine/roachf_2048ch/sysgen/synth_model/roachf_2048ch.vhd sub02/vhpl204 1324332189
EN relational_502d6cf7c0 NULL /scratch/zaki/workspace/roachfengine/roachf_2048ch/sysgen/synth_model/roachf_2048ch.vhd sub01/vhpl156 1324332141
EN relational_c203b1da99 NULL /scratch/zaki/workspace/roachfengine/roachf_2048ch/sysgen/synth_model/roachf_2048ch.vhd sub02/vhpl286 1324332271
EN delay_e18fb31a3d NULL /scratch/zaki/workspace/roachfengine/roachf_2048ch/sysgen/synth_model/roachf_2048ch.vhd sub01/vhpl158 1324332143
AR bitbasher_980b18e5c5 behavior /scratch/zaki/workspace/roachfengine/roachf_2048ch/sysgen/synth_model/roachf_2048ch.vhd sub03/vhpl397 1324332382
EN relational_78eac2928d NULL /scratch/zaki/workspace/roachfengine/roachf_2048ch/sysgen/synth_model/roachf_2048ch.vhd sub03/vhpl318 1324332303
AR delay_e2d047c154 behavior /scratch/zaki/workspace/roachfengine/roachf_2048ch/sysgen/synth_model/roachf_2048ch.vhd sub02/vhpl217 1324332202
AR concat_a369e00c6b behavior /scratch/zaki/workspace/roachfengine/roachf_2048ch/sysgen/synth_model/roachf_2048ch.vhd sub01/vhpl187 1324332172
AR mux_aa8aa9d15c behavior /scratch/zaki/workspace/roachfengine/roachf_2048ch/sysgen/synth_model/roachf_2048ch.vhd sub02/vhpl237 1324332222
AR cntr_11_0_8b305ccf84a90afe cntr_11_0_8b305ccf84a90afe_a /scratch/zaki/workspace/roachfengine/roachf_2048ch/sysgen/synth_model/roachf_2048ch.vhd sub00/vhpl21 1324332006
AR cntr_11_0_8869969bd2303665 cntr_11_0_8869969bd2303665_a /scratch/zaki/workspace/roachfengine/roachf_2048ch/sysgen/synth_model/roachf_2048ch.vhd sub00/vhpl49 1324332034
EN xladdrsr NULL /scratch/zaki/workspace/roachfengine/roachf_2048ch/sysgen/synth_model/roachf_2048ch.vhd sub04/vhpl402 1324332387
EN armed_trigger_entity_c050484b7b NULL /scratch/zaki/workspace/roachfengine/roachf_2048ch/sysgen/synth_model/roachf_2048ch.vhd sub05/vhpl562 1324332547
AR addrmaker_real_entity_9abd237bd6 structural /scratch/zaki/workspace/roachfengine/roachf_2048ch/sysgen/synth_model/roachf_2048ch.vhd sub04/vhpl495 1324332480
EN cntr_11_0_9b19b69f1946892e NULL /scratch/zaki/workspace/roachfengine/roachf_2048ch/sysgen/synth_model/roachf_2048ch.vhd sub00/vhpl02 1324331987
EN p24_extender_entity_d3d592de41 NULL /scratch/zaki/workspace/roachfengine/roachf_2048ch/sysgen/synth_model/roachf_2048ch.vhd sub05/vhpl526 1324332511
EN scale_fb1609b028 NULL /scratch/zaki/workspace/roachfengine/roachf_2048ch/sysgen/synth_model/roachf_2048ch.vhd sub02/vhpl238 1324332223
AR concat_39a9232e16 behavior /scratch/zaki/workspace/roachfengine/roachf_2048ch/sysgen/synth_model/roachf_2048ch.vhd sub01/vhpl161 1324332146
AR expr_c255d1cf74 behavior /scratch/zaki/workspace/roachfengine/roachf_2048ch/sysgen/synth_model/roachf_2048ch.vhd sub03/vhpl371 1324332356
AR logical_9d76333483 behavior /scratch/zaki/workspace/roachfengine/roachf_2048ch/sysgen/synth_model/roachf_2048ch.vhd sub03/vhpl347 1324332332
AR delay_bram_entity_1e14eed5d0 structural /scratch/zaki/workspace/roachfengine/roachf_2048ch/sysgen/synth_model/roachf_2048ch.vhd sub05/vhpl501 1324332486
AR relational_632978e9ce behavior /scratch/zaki/workspace/roachfengine/roachf_2048ch/sysgen/synth_model/roachf_2048ch.vhd sub02/vhpl211 1324332196
PH conv_pkg NULL /scratch/zaki/workspace/roachfengine/roachf_2048ch/sysgen/synth_model/roachf_2048ch.vhd sub00/vhpl64 1324332049
EN inverter_e5b38cca3b NULL /scratch/zaki/workspace/roachfengine/roachf_2048ch/sysgen/synth_model/roachf_2048ch.vhd sub00/vhpl88 1324332073
EN constant_3d1b04c74c NULL /scratch/zaki/workspace/roachfengine/roachf_2048ch/sysgen/synth_model/roachf_2048ch.vhd sub01/vhpl116 1324332101
AR adc_monitor_entity_35caae8101 structural /scratch/zaki/workspace/roachfengine/roachf_2048ch/sysgen/synth_model/roachf_2048ch.vhd sub04/vhpl417 1324332402
EN convert_entity_c1e8df0c72 NULL /scratch/zaki/workspace/roachfengine/roachf_2048ch/sysgen/synth_model/roachf_2048ch.vhd sub04/vhpl466 1324332451
EN fifo_fg53_d5c899ca81df0776 NULL /scratch/zaki/workspace/roachfengine/roachf_2048ch/sysgen/synth_model/roachf_2048ch.vhd sub00/vhpl32 1324332017
EN eq0_entity_ddb3a018ef NULL /scratch/zaki/workspace/roachfengine/roachf_2048ch/sysgen/synth_model/roachf_2048ch.vhd sub04/vhpl420 1324332405
EN cntr_11_0_05e2750227d8d748 NULL /scratch/zaki/workspace/roachfengine/roachf_2048ch/sysgen/synth_model/roachf_2048ch.vhd sub00/vhpl24 1324332009
EN cntr_11_0_3e48e6bb94d6d577 NULL /scratch/zaki/workspace/roachfengine/roachf_2048ch/sysgen/synth_model/roachf_2048ch.vhd sub00/vhpl12 1324331997
AR bmg_33_c09e2494d7a7b5a4 bmg_33_c09e2494d7a7b5a4_a /scratch/zaki/workspace/roachfengine/roachf_2048ch/sysgen/synth_model/roachf_2048ch.vhd sub00/vhpl37 1324332022
EN xladdsub NULL /scratch/zaki/workspace/roachfengine/roachf_2048ch/sysgen/synth_model/roachf_2048ch.vhd sub02/vhpl242 1324332227
EN bmg_33_e4cac21e8ed012aa NULL /scratch/zaki/workspace/roachfengine/roachf_2048ch/sysgen/synth_model/roachf_2048ch.vhd sub00/vhpl26 1324332011
AR constant_9f5572ba51 behavior /scratch/zaki/workspace/roachfengine/roachf_2048ch/sysgen/synth_model/roachf_2048ch.vhd sub02/vhpl281 1324332266
AR logical_0fa52c7c40 behavior /scratch/zaki/workspace/roachfengine/roachf_2048ch/sysgen/synth_model/roachf_2048ch.vhd sub03/vhpl351 1324332336
AR delay_e18fb31a3d behavior /scratch/zaki/workspace/roachfengine/roachf_2048ch/sysgen/synth_model/roachf_2048ch.vhd sub01/vhpl159 1324332144
EN reinterpret_d9988e3d87 NULL /scratch/zaki/workspace/roachfengine/roachf_2048ch/sysgen/synth_model/roachf_2048ch.vhd sub03/vhpl378 1324332363
EN concat_66f3e02bd3 NULL /scratch/zaki/workspace/roachfengine/roachf_2048ch/sysgen/synth_model/roachf_2048ch.vhd sub03/vhpl336 1324332321
EN constant_4a391b9a0e NULL /scratch/zaki/workspace/roachfengine/roachf_2048ch/sysgen/synth_model/roachf_2048ch.vhd sub03/vhpl314 1324332299
EN insel_entity_f24df7e05b NULL /scratch/zaki/workspace/roachfengine/roachf_2048ch/sysgen/synth_model/roachf_2048ch.vhd sub05/vhpl558 1324332543
EN muxin0_entity_a2ce6681aa NULL /scratch/zaki/workspace/roachfengine/roachf_2048ch/sysgen/synth_model/roachf_2048ch.vhd sub05/vhpl568 1324332553
AR synth_reg_w_init structural /scratch/zaki/workspace/roachfengine/roachf_2048ch/sysgen/synth_model/roachf_2048ch.vhd sub00/vhpl75 1324332060
AR constant_0604807f72 behavior /scratch/zaki/workspace/roachfengine/roachf_2048ch/sysgen/synth_model/roachf_2048ch.vhd sub01/vhpl181 1324332166
AR loopback_entity_20081bd26d structural /scratch/zaki/workspace/roachfengine/roachf_2048ch/sysgen/synth_model/roachf_2048ch.vhd sub04/vhpl465 1324332450
EN single_reg_w_init NULL /scratch/zaki/workspace/roachfengine/roachf_2048ch/sysgen/synth_model/roachf_2048ch.vhd sub00/vhpl72 1324332057
AR synth_reg structural /scratch/zaki/workspace/roachfengine/roachf_2048ch/sysgen/synth_model/roachf_2048ch.vhd sub00/vhpl69 1324332054
EN sincos_entity_06b178f3a8 NULL /scratch/zaki/workspace/roachfengine/roachf_2048ch/sysgen/synth_model/roachf_2048ch.vhd sub05/vhpl534 1324332519
EN concat_d90e7950ae NULL /scratch/zaki/workspace/roachfengine/roachf_2048ch/sysgen/synth_model/roachf_2048ch.vhd sub02/vhpl294 1324332279
AR relational_c203b1da99 behavior /scratch/zaki/workspace/roachfengine/roachf_2048ch/sysgen/synth_model/roachf_2048ch.vhd sub02/vhpl287 1324332272
AR concat_c148231f61 behavior /scratch/zaki/workspace/roachfengine/roachf_2048ch/sysgen/synth_model/roachf_2048ch.vhd sub02/vhpl247 1324332232
AR xlclockdriver behavior /scratch/zaki/workspace/roachfengine/roachf_2048ch/sysgen/synth_model/roachf_2048ch_cw.vhd sub05/vhpl577 1324332562
AR constant_a629aefb53 behavior /scratch/zaki/workspace/roachfengine/roachf_2048ch/sysgen/synth_model/roachf_2048ch.vhd sub01/vhpl121 1324332106
EN bmg_33_2ddf565839052280 NULL /scratch/zaki/workspace/roachfengine/roachf_2048ch/sysgen/synth_model/roachf_2048ch.vhd sub00/vhpl38 1324332023
AR concat_423465bf23 behavior /scratch/zaki/workspace/roachfengine/roachf_2048ch/sysgen/synth_model/roachf_2048ch.vhd sub02/vhpl277 1324332262
AR mux_9723c3381b behavior /scratch/zaki/workspace/roachfengine/roachf_2048ch/sysgen/synth_model/roachf_2048ch.vhd sub01/vhpl127 1324332112
AR concat_66f3e02bd3 behavior /scratch/zaki/workspace/roachfengine/roachf_2048ch/sysgen/synth_model/roachf_2048ch.vhd sub03/vhpl337 1324332322
EN loopback_mux0_entity_a214b462fb NULL /scratch/zaki/workspace/roachfengine/roachf_2048ch/sysgen/synth_model/roachf_2048ch.vhd sub04/vhpl460 1324332445
EN mux_e463a7ff8d NULL /scratch/zaki/workspace/roachfengine/roachf_2048ch/sysgen/synth_model/roachf_2048ch.vhd sub02/vhpl274 1324332259
EN sram_tvg_entity_f462de9464 NULL /scratch/zaki/workspace/roachfengine/roachf_2048ch/sysgen/synth_model/roachf_2048ch.vhd sub05/vhpl514 1324332499
EN bitbasher_5b1e76c782 NULL /scratch/zaki/workspace/roachfengine/roachf_2048ch/sysgen/synth_model/roachf_2048ch.vhd sub04/vhpl400 1324332385
AR logical_954ee29728 behavior /scratch/zaki/workspace/roachfengine/roachf_2048ch/sysgen/synth_model/roachf_2048ch.vhd sub00/vhpl93 1324332078
AR concat_54b15613a0 behavior /scratch/zaki/workspace/roachfengine/roachf_2048ch/sysgen/synth_model/roachf_2048ch.vhd sub00/vhpl81 1324332066
EN cntr_11_0_87d335e994d59139 NULL /scratch/zaki/workspace/roachfengine/roachf_2048ch/sysgen/synth_model/roachf_2048ch.vhd sub00/vhpl18 1324332003
AR logical_938d99ac11 behavior /scratch/zaki/workspace/roachfengine/roachf_2048ch/sysgen/synth_model/roachf_2048ch.vhd sub02/vhpl235 1324332220
EN relational_632978e9ce NULL /scratch/zaki/workspace/roachfengine/roachf_2048ch/sysgen/synth_model/roachf_2048ch.vhd sub02/vhpl210 1324332195
EN bitbasher_980b18e5c5 NULL /scratch/zaki/workspace/roachfengine/roachf_2048ch/sysgen/synth_model/roachf_2048ch.vhd sub03/vhpl396 1324332381
EN delay_23d71a76f2 NULL /scratch/zaki/workspace/roachfengine/roachf_2048ch/sysgen/synth_model/roachf_2048ch.vhd sub01/vhpl182 1324332167
EN wgns_entity_7bd51eacfd NULL /scratch/zaki/workspace/roachfengine/roachf_2048ch/sysgen/synth_model/roachf_2048ch.vhd sub05/vhpl542 1324332527
EN scale_b42effccbc NULL /scratch/zaki/workspace/roachfengine/roachf_2048ch/sysgen/synth_model/roachf_2048ch.vhd sub03/vhpl380 1324332365
AR relational_b4b277ae0f behavior /scratch/zaki/workspace/roachfengine/roachf_2048ch/sysgen/synth_model/roachf_2048ch.vhd sub01/vhpl185 1324332170
EN relational_367321bc0c NULL /scratch/zaki/workspace/roachfengine/roachf_2048ch/sysgen/synth_model/roachf_2048ch.vhd sub03/vhpl388 1324332373
AR rd_pkt_loop_entity_9849abb26b structural /scratch/zaki/workspace/roachfengine/roachf_2048ch/sysgen/synth_model/roachf_2048ch.vhd sub04/vhpl459 1324332444
AR cntr_11_0_ae406e50e98e0e45 cntr_11_0_ae406e50e98e0e45_a /scratch/zaki/workspace/roachfengine/roachf_2048ch/sysgen/synth_model/roachf_2048ch.vhd sub00/vhpl51 1324332036
EN led1_arm_entity_bfb1c8c0b9 NULL /scratch/zaki/workspace/roachfengine/roachf_2048ch/sysgen/synth_model/roachf_2048ch.vhd sub04/vhpl426 1324332411
EN status_entity_c8ecda6293 NULL /scratch/zaki/workspace/roachfengine/roachf_2048ch/sysgen/synth_model/roachf_2048ch.vhd sub05/vhpl572 1324332557
EN cntr_11_0_286e61d5bf87dbe2 NULL /scratch/zaki/workspace/roachfengine/roachf_2048ch/sysgen/synth_model/roachf_2048ch.vhd sub00/vhpl42 1324332027
EN constant_37567836aa NULL /scratch/zaki/workspace/roachfengine/roachf_2048ch/sysgen/synth_model/roachf_2048ch.vhd sub03/vhpl360 1324332345
EN logical_9d76333483 NULL /scratch/zaki/workspace/roachfengine/roachf_2048ch/sysgen/synth_model/roachf_2048ch.vhd sub03/vhpl346 1324332331
EN wgn_entity_34e4d5f785 NULL /scratch/zaki/workspace/roachfengine/roachf_2048ch/sysgen/synth_model/roachf_2048ch.vhd sub05/vhpl538 1324332523
EN concat_c148231f61 NULL /scratch/zaki/workspace/roachfengine/roachf_2048ch/sysgen/synth_model/roachf_2048ch.vhd sub02/vhpl246 1324332231
AR constant_b437b02512 behavior /scratch/zaki/workspace/roachfengine/roachf_2048ch/sysgen/synth_model/roachf_2048ch.vhd sub03/vhpl333 1324332318
AR scale_b42effccbc behavior /scratch/zaki/workspace/roachfengine/roachf_2048ch/sysgen/synth_model/roachf_2048ch.vhd sub03/vhpl381 1324332366
AR constant_7a5a41eeb1 behavior /scratch/zaki/workspace/roachfengine/roachf_2048ch/sysgen/synth_model/roachf_2048ch.vhd sub03/vhpl355 1324332340
AR subsystem12_entity_d73b4e9e36 structural /scratch/zaki/workspace/roachfengine/roachf_2048ch/sysgen/synth_model/roachf_2048ch.vhd sub04/vhpl443 1324332428
AR relational_1ea7543d62 behavior /scratch/zaki/workspace/roachfengine/roachf_2048ch/sysgen/synth_model/roachf_2048ch.vhd sub02/vhpl265 1324332250
AR sincos_entity_06b178f3a8 structural /scratch/zaki/workspace/roachfengine/roachf_2048ch/sysgen/synth_model/roachf_2048ch.vhd sub05/vhpl535 1324332520
EN eq_coefs_entity_5847e7ecdc NULL /scratch/zaki/workspace/roachfengine/roachf_2048ch/sysgen/synth_model/roachf_2048ch.vhd sub05/vhpl556 1324332541
