AR constant_ef0e2e5fc6 behavior /scratch/zaki/workspace/roachfengine/fft_1024ch_core/synth_model/fft_1024ch_core.vhd sub03/vhpl319 1337106426
EN mux_181e58d842 NULL /scratch/zaki/workspace/roachfengine/fft_1024ch_core/synth_model/fft_1024ch_core.vhd sub02/vhpl262 1337106369
EN delay_b_entity_2c0ffecd3f NULL /scratch/zaki/workspace/roachfengine/fft_1024ch_core/synth_model/fft_1024ch_core.vhd sub04/vhpl442 1337106549
EN sync_delay_entity_f0dbf3f546 NULL /scratch/zaki/workspace/roachfengine/fft_1024ch_core/synth_model/fft_1024ch_core.vhd sub04/vhpl418 1337106525
EN cntr_11_0_e9eaaa5672e4be4d NULL /scratch/zaki/workspace/roachfengine/fft_1024ch_core/synth_model/fft_1024ch_core.vhd sub00/vhpl42 1337106149
EN bmg_62_250528f931baf469 NULL /scratch/zaki/workspace/roachfengine/fft_1024ch_core/synth_model/fft_1024ch_core.vhd sub00/vhpl50 1337106157
AR constant_180df391de behavior /scratch/zaki/workspace/roachfengine/fft_1024ch_core/synth_model/fft_1024ch_core.vhd sub02/vhpl295 1337106402
AR bmg_62_51321cc7c8e9865c bmg_62_51321cc7c8e9865c_a /scratch/zaki/workspace/roachfengine/fft_1024ch_core/synth_model/fft_1024ch_core.vhd sub00/vhpl33 1337106140
EN logical_182ac6c51e NULL /scratch/zaki/workspace/roachfengine/fft_1024ch_core/synth_model/fft_1024ch_core.vhd sub02/vhpl222 1337106329
AR cntr_11_0_9adf5a9f785e3fb8 cntr_11_0_9adf5a9f785e3fb8_a /scratch/zaki/workspace/roachfengine/fft_1024ch_core/synth_model/fft_1024ch_core.vhd sub00/vhpl73 1337106180
PB conv_pkg conv_pkg /scratch/zaki/workspace/roachfengine/fft_1024ch_core/synth_model/fft_1024ch_core.vhd sub00/vhpl93 1337106200
AR cntr_11_0_e9eaaa5672e4be4d cntr_11_0_e9eaaa5672e4be4d_a /scratch/zaki/workspace/roachfengine/fft_1024ch_core/synth_model/fft_1024ch_core.vhd sub00/vhpl43 1337106150
AR cntr_11_0_35c81e3155ab2f6f cntr_11_0_35c81e3155ab2f6f_a /scratch/zaki/workspace/roachfengine/fft_1024ch_core/synth_model/fft_1024ch_core.vhd sub00/vhpl47 1337106154
EN concat_c615d93998 NULL /scratch/zaki/workspace/roachfengine/fft_1024ch_core/synth_model/fft_1024ch_core.vhd sub01/vhpl184 1337106291
AR bi_real_unscr_2x_entity_cf42a9c4ad structural /scratch/zaki/workspace/roachfengine/fft_1024ch_core/synth_model/fft_1024ch_core.vhd sub03/vhpl357 1337106464
EN convert_of0_entity_ec0c8b5c8e NULL /scratch/zaki/workspace/roachfengine/fft_1024ch_core/synth_model/fft_1024ch_core.vhd sub04/vhpl422 1337106529
AR reinterpret_299ca43e25 behavior /scratch/zaki/workspace/roachfengine/fft_1024ch_core/synth_model/fft_1024ch_core.vhd sub02/vhpl221 1337106328
EN delay_ae3f84524a NULL /scratch/zaki/workspace/roachfengine/fft_1024ch_core/synth_model/fft_1024ch_core.vhd sub02/vhpl250 1337106357
EN mult_f295e5f0f2 NULL /scratch/zaki/workspace/roachfengine/fft_1024ch_core/synth_model/fft_1024ch_core.vhd sub02/vhpl230 1337106337
EN sync_delay_entity_18a8dad1bf NULL /scratch/zaki/workspace/roachfengine/fft_1024ch_core/synth_model/fft_1024ch_core.vhd sub04/vhpl432 1337106539
EN logical_444d3f5046 NULL /scratch/zaki/workspace/roachfengine/fft_1024ch_core/synth_model/fft_1024ch_core.vhd sub02/vhpl208 1337106315
AR cntr_11_0_73d90f0f459a7002 cntr_11_0_73d90f0f459a7002_a /scratch/zaki/workspace/roachfengine/fft_1024ch_core/synth_model/fft_1024ch_core.vhd sub00/vhpl71 1337106178
AR cntr_11_0_511daee48ac62764 cntr_11_0_511daee48ac62764_a /scratch/zaki/workspace/roachfengine/fft_1024ch_core/synth_model/fft_1024ch_core.vhd sub00/vhpl17 1337106124
EN convert_of0_entity_8520f090ce NULL /scratch/zaki/workspace/roachfengine/fft_1024ch_core/synth_model/fft_1024ch_core.vhd sub03/vhpl362 1337106469
AR constant_8038205d89 behavior /scratch/zaki/workspace/roachfengine/fft_1024ch_core/synth_model/fft_1024ch_core.vhd sub01/vhpl135 1337106242
EN bmg_62_33b17ff3d27389a4 NULL /scratch/zaki/workspace/roachfengine/fft_1024ch_core/synth_model/fft_1024ch_core.vhd sub00/vhpl74 1337106181
AR relational_f6702ea2f7 behavior /scratch/zaki/workspace/roachfengine/fft_1024ch_core/synth_model/fft_1024ch_core.vhd sub02/vhpl271 1337106378
EN butterfly_direct_entity_7728dda2c8 NULL /scratch/zaki/workspace/roachfengine/fft_1024ch_core/synth_model/fft_1024ch_core.vhd sub04/vhpl428 1337106535
EN dmg_62_fcbc247e5bff391a NULL /scratch/zaki/workspace/roachfengine/fft_1024ch_core/synth_model/fft_1024ch_core.vhd sub00/vhpl28 1337106135
AR bmg_62_33b17ff3d27389a4 bmg_62_33b17ff3d27389a4_a /scratch/zaki/workspace/roachfengine/fft_1024ch_core/synth_model/fft_1024ch_core.vhd sub00/vhpl75 1337106182
EN sync_delay_entity_f73482297e NULL /scratch/zaki/workspace/roachfengine/fft_1024ch_core/synth_model/fft_1024ch_core.vhd sub05/vhpl504 1337106611
AR fft_stage_5_entity_47f5cf444b structural /scratch/zaki/workspace/roachfengine/fft_1024ch_core/synth_model/fft_1024ch_core.vhd sub04/vhpl459 1337106566
EN butterfly_direct_entity_db55f3a9ea NULL /scratch/zaki/workspace/roachfengine/fft_1024ch_core/synth_model/fft_1024ch_core.vhd sub04/vhpl440 1337106547
AR constant_4709ea49b5 behavior /scratch/zaki/workspace/roachfengine/fft_1024ch_core/synth_model/fft_1024ch_core.vhd sub01/vhpl191 1337106298
EN relational_b4b277ae0f NULL /scratch/zaki/workspace/roachfengine/fft_1024ch_core/synth_model/fft_1024ch_core.vhd sub01/vhpl164 1337106271
AR constant_145086465d behavior /scratch/zaki/workspace/roachfengine/fft_1024ch_core/synth_model/fft_1024ch_core.vhd sub03/vhpl327 1337106434
EN cadd_entity_0876d38971 NULL /scratch/zaki/workspace/roachfengine/fft_1024ch_core/synth_model/fft_1024ch_core.vhd sub03/vhpl358 1337106465
EN c_to_ri0_entity_6093a6f1c0 NULL /scratch/zaki/workspace/roachfengine/fft_1024ch_core/synth_model/fft_1024ch_core.vhd sub03/vhpl340 1337106447
AR xldelay behavior /scratch/zaki/workspace/roachfengine/fft_1024ch_core/synth_model/fft_1024ch_core.vhd sub01/vhpl173 1337106280
AR mux_f1f44b96f0 behavior /scratch/zaki/workspace/roachfengine/fft_1024ch_core/synth_model/fft_1024ch_core.vhd sub02/vhpl233 1337106340
AR xlconvert behavior /scratch/zaki/workspace/roachfengine/fft_1024ch_core/synth_model/fft_1024ch_core.vhd sub01/vhpl125 1337106232
EN constant_fd85eb7067 NULL /scratch/zaki/workspace/roachfengine/fft_1024ch_core/synth_model/fft_1024ch_core.vhd sub02/vhpl276 1337106383
EN constant_a7e2bb9e12 NULL /scratch/zaki/workspace/roachfengine/fft_1024ch_core/synth_model/fft_1024ch_core.vhd sub02/vhpl236 1337106343
AR convert_entity_58e9e8dce9 structural /scratch/zaki/workspace/roachfengine/fft_1024ch_core/synth_model/fft_1024ch_core.vhd sub03/vhpl379 1337106486
EN delay_b_entity_f5e13c2a4d NULL /scratch/zaki/workspace/roachfengine/fft_1024ch_core/synth_model/fft_1024ch_core.vhd sub05/vhpl502 1337106609
AR cntr_11_0_18c024ef1595096b cntr_11_0_18c024ef1595096b_a /scratch/zaki/workspace/roachfengine/fft_1024ch_core/synth_model/fft_1024ch_core.vhd sub00/vhpl07 1337106114
AR fft_stage_9_entity_30f5b66e54 structural /scratch/zaki/workspace/roachfengine/fft_1024ch_core/synth_model/fft_1024ch_core.vhd sub05/vhpl507 1337106614
EN constant_a3923dd146 NULL /scratch/zaki/workspace/roachfengine/fft_1024ch_core/synth_model/fft_1024ch_core.vhd sub01/vhpl148 1337106255
EN mux_f1f44b96f0 NULL /scratch/zaki/workspace/roachfengine/fft_1024ch_core/synth_model/fft_1024ch_core.vhd sub02/vhpl232 1337106339
EN xldelay NULL /scratch/zaki/workspace/roachfengine/fft_1024ch_core/synth_model/fft_1024ch_core.vhd sub01/vhpl172 1337106279
AR default_clock_driver structural /scratch/zaki/workspace/roachfengine/fft_1024ch_core/synth_model/fft_1024ch_core_cw.vhd sub05/vhpl517 1337106624
EN xlsprom_dist NULL /scratch/zaki/workspace/roachfengine/fft_1024ch_core/synth_model/fft_1024ch_core.vhd sub02/vhpl272 1337106379
EN constant_f1ac4bddff NULL /scratch/zaki/workspace/roachfengine/fft_1024ch_core/synth_model/fft_1024ch_core.vhd sub02/vhpl266 1337106373
AR coeff_gen_entity_e9d8c088fa structural /scratch/zaki/workspace/roachfengine/fft_1024ch_core/synth_model/fft_1024ch_core.vhd sub04/vhpl437 1337106544
AR sync_delay_entity_1e7ab04d67 structural /scratch/zaki/workspace/roachfengine/fft_1024ch_core/synth_model/fft_1024ch_core.vhd sub04/vhpl481 1337106588
EN constant_cda50df78a NULL /scratch/zaki/workspace/roachfengine/fft_1024ch_core/synth_model/fft_1024ch_core.vhd sub02/vhpl238 1337106345
EN bmg_62_66e53735c699b53b NULL /scratch/zaki/workspace/roachfengine/fft_1024ch_core/synth_model/fft_1024ch_core.vhd sub00/vhpl22 1337106129
AR delay_b_entity_2c0ffecd3f structural /scratch/zaki/workspace/roachfengine/fft_1024ch_core/synth_model/fft_1024ch_core.vhd sub04/vhpl443 1337106550
AR bmg_62_92fa6367e92d9ee0 bmg_62_92fa6367e92d9ee0_a /scratch/zaki/workspace/roachfengine/fft_1024ch_core/synth_model/fft_1024ch_core.vhd sub00/vhpl39 1337106146
AR csub_entity_a05e98b01f structural /scratch/zaki/workspace/roachfengine/fft_1024ch_core/synth_model/fft_1024ch_core.vhd sub03/vhpl345 1337106452
AR reinterpret_4a8cbc85ce behavior /scratch/zaki/workspace/roachfengine/fft_1024ch_core/synth_model/fft_1024ch_core.vhd sub01/vhpl187 1337106294
AR csub_entity_46bf4f188a structural /scratch/zaki/workspace/roachfengine/fft_1024ch_core/synth_model/fft_1024ch_core.vhd sub03/vhpl365 1337106472
EN delay_2f744cdafb NULL /scratch/zaki/workspace/roachfengine/fft_1024ch_core/synth_model/fft_1024ch_core.vhd sub02/vhpl254 1337106361
AR coeff_gen_entity_12d397242a structural /scratch/zaki/workspace/roachfengine/fft_1024ch_core/synth_model/fft_1024ch_core.vhd sub04/vhpl425 1337106532
EN delay_cbdfa55dc3 NULL /scratch/zaki/workspace/roachfengine/fft_1024ch_core/synth_model/fft_1024ch_core.vhd sub02/vhpl256 1337106363
AR constant_a3923dd146 behavior /scratch/zaki/workspace/roachfengine/fft_1024ch_core/synth_model/fft_1024ch_core.vhd sub01/vhpl149 1337106256
AR cntr_11_0_7ca694f8efe8d963 cntr_11_0_7ca694f8efe8d963_a /scratch/zaki/workspace/roachfengine/fft_1024ch_core/synth_model/fft_1024ch_core.vhd sub00/vhpl69 1337106176
AR reinterpret_60ea556961 behavior /scratch/zaki/workspace/roachfengine/fft_1024ch_core/synth_model/fft_1024ch_core.vhd sub02/vhpl219 1337106326
AR twiddle_general_4mult_entity_5314b8011b structural /scratch/zaki/workspace/roachfengine/fft_1024ch_core/synth_model/fft_1024ch_core.vhd sub04/vhpl403 1337106510
AR convert_of0_entity_ec0c8b5c8e structural /scratch/zaki/workspace/roachfengine/fft_1024ch_core/synth_model/fft_1024ch_core.vhd sub04/vhpl423 1337106530
AR constant_91ef1678ca behavior /scratch/zaki/workspace/roachfengine/fft_1024ch_core/synth_model/fft_1024ch_core.vhd sub02/vhpl287 1337106394
EN constant_961b61f8a1 NULL /scratch/zaki/workspace/roachfengine/fft_1024ch_core/synth_model/fft_1024ch_core.vhd sub03/vhpl308 1337106415
AR concat_c615d93998 behavior /scratch/zaki/workspace/roachfengine/fft_1024ch_core/synth_model/fft_1024ch_core.vhd sub01/vhpl185 1337106292
AR logical_182ac6c51e behavior /scratch/zaki/workspace/roachfengine/fft_1024ch_core/synth_model/fft_1024ch_core.vhd sub02/vhpl223 1337106330
AR addsub_2969055f39 behavior /scratch/zaki/workspace/roachfengine/fft_1024ch_core/synth_model/fft_1024ch_core.vhd sub02/vhpl215 1337106322
AR butterfly_direct_entity_3dda9f7958 structural /scratch/zaki/workspace/roachfengine/fft_1024ch_core/synth_model/fft_1024ch_core.vhd sub03/vhpl393 1337106500
AR twiddle_general_4mult_entity_b60354a90e structural /scratch/zaki/workspace/roachfengine/fft_1024ch_core/synth_model/fft_1024ch_core.vhd sub04/vhpl451 1337106558
AR concat_b57c4be2de behavior /scratch/zaki/workspace/roachfengine/fft_1024ch_core/synth_model/fft_1024ch_core.vhd sub01/vhpl127 1337106234
AR sync_delay_entity_18a8dad1bf structural /scratch/zaki/workspace/roachfengine/fft_1024ch_core/synth_model/fft_1024ch_core.vhd sub04/vhpl433 1337106540
AR dmg_62_f0d8e22702089fe9 dmg_62_f0d8e22702089fe9_a /scratch/zaki/workspace/roachfengine/fft_1024ch_core/synth_model/fft_1024ch_core.vhd sub00/vhpl87 1337106194
EN logical_938d99ac11 NULL /scratch/zaki/workspace/roachfengine/fft_1024ch_core/synth_model/fft_1024ch_core.vhd sub01/vhpl196 1337106303
AR fft_1024ch_core_cw structural /scratch/zaki/workspace/roachfengine/fft_1024ch_core/synth_model/fft_1024ch_core_cw.vhd sub05/vhpl519 1337106626
AR delay_cbdfa55dc3 behavior /scratch/zaki/workspace/roachfengine/fft_1024ch_core/synth_model/fft_1024ch_core.vhd sub02/vhpl257 1337106364
AR xlcounter_limit behavior /scratch/zaki/workspace/roachfengine/fft_1024ch_core/synth_model/fft_1024ch_core.vhd sub01/vhpl167 1337106274
EN reinterpret_299ca43e25 NULL /scratch/zaki/workspace/roachfengine/fft_1024ch_core/synth_model/fft_1024ch_core.vhd sub02/vhpl220 1337106327
EN logical_80f90b97d0 NULL /scratch/zaki/workspace/roachfengine/fft_1024ch_core/synth_model/fft_1024ch_core.vhd sub01/vhpl158 1337106265
EN sync_delay_entity_1e7ab04d67 NULL /scratch/zaki/workspace/roachfengine/fft_1024ch_core/synth_model/fft_1024ch_core.vhd sub04/vhpl480 1337106587
EN bmg_62_721e2d25fd18b8a2 NULL /scratch/zaki/workspace/roachfengine/fft_1024ch_core/synth_model/fft_1024ch_core.vhd sub00/vhpl44 1337106151
AR coeff_gen_entity_ac97b0964d structural /scratch/zaki/workspace/roachfengine/fft_1024ch_core/synth_model/fft_1024ch_core.vhd sub03/vhpl389 1337106496
EN delay_38898c80c0 NULL /scratch/zaki/workspace/roachfengine/fft_1024ch_core/synth_model/fft_1024ch_core.vhd sub02/vhpl228 1337106335
EN bmg_62_7061fc74b87e2931 NULL /scratch/zaki/workspace/roachfengine/fft_1024ch_core/synth_model/fft_1024ch_core.vhd sub00/vhpl08 1337106115
AR concat_f133931c1f behavior /scratch/zaki/workspace/roachfengine/fft_1024ch_core/synth_model/fft_1024ch_core.vhd sub02/vhpl213 1337106320
EN fft_biplex_real_2x_entity_a05e7a283b NULL /scratch/zaki/workspace/roachfengine/fft_1024ch_core/synth_model/fft_1024ch_core.vhd sub05/vhpl510 1337106617
EN sync_delay_entity_350fc3568b NULL /scratch/zaki/workspace/roachfengine/fft_1024ch_core/synth_model/fft_1024ch_core.vhd sub03/vhpl372 1337106479
EN fft_stage_2_entity_c642f0c1ce NULL /scratch/zaki/workspace/roachfengine/fft_1024ch_core/synth_model/fft_1024ch_core.vhd sub04/vhpl420 1337106527
AR constant_fd85eb7067 behavior /scratch/zaki/workspace/roachfengine/fft_1024ch_core/synth_model/fft_1024ch_core.vhd sub02/vhpl277 1337106384
EN twiddle_general_4mult_entity_7d233d93d8 NULL /scratch/zaki/workspace/roachfengine/fft_1024ch_core/synth_model/fft_1024ch_core.vhd sub04/vhpl426 1337106533
AR cntr_11_0_e0d381bcdb78c3cc cntr_11_0_e0d381bcdb78c3cc_a /scratch/zaki/workspace/roachfengine/fft_1024ch_core/synth_model/fft_1024ch_core.vhd sub00/vhpl21 1337106128
EN cntr_11_0_df2bb90b8fe02ecf NULL /scratch/zaki/workspace/roachfengine/fft_1024ch_core/synth_model/fft_1024ch_core.vhd sub00/vhpl12 1337106119
EN relational_9ece3c8c4e NULL /scratch/zaki/workspace/roachfengine/fft_1024ch_core/synth_model/fft_1024ch_core.vhd sub03/vhpl320 1337106427
EN coeff_gen_entity_b389a0c542 NULL /scratch/zaki/workspace/roachfengine/fft_1024ch_core/synth_model/fft_1024ch_core.vhd sub04/vhpl448 1337106555
EN xlconvert NULL /scratch/zaki/workspace/roachfengine/fft_1024ch_core/synth_model/fft_1024ch_core.vhd sub01/vhpl124 1337106231
EN constant_6293007044 NULL /scratch/zaki/workspace/roachfengine/fft_1024ch_core/synth_model/fft_1024ch_core.vhd sub01/vhpl152 1337106259
EN coeff_gen_entity_12d397242a NULL /scratch/zaki/workspace/roachfengine/fft_1024ch_core/synth_model/fft_1024ch_core.vhd sub04/vhpl424 1337106531
AR constant_7244cd602b behavior /scratch/zaki/workspace/roachfengine/fft_1024ch_core/synth_model/fft_1024ch_core.vhd sub02/vhpl297 1337106404
AR twiddle_general_4mult_entity_57ed09d25a structural /scratch/zaki/workspace/roachfengine/fft_1024ch_core/synth_model/fft_1024ch_core.vhd sub04/vhpl439 1337106546
AR reinterpret_4bf1ad328a behavior /scratch/zaki/workspace/roachfengine/fft_1024ch_core/synth_model/fft_1024ch_core.vhd sub01/vhpl133 1337106240
AR constant_cda50df78a behavior /scratch/zaki/workspace/roachfengine/fft_1024ch_core/synth_model/fft_1024ch_core.vhd sub02/vhpl239 1337106346
AR mult_f295e5f0f2 behavior /scratch/zaki/workspace/roachfengine/fft_1024ch_core/synth_model/fft_1024ch_core.vhd sub02/vhpl231 1337106338
EN delay_b_entity_8f7d5701ce NULL /scratch/zaki/workspace/roachfengine/fft_1024ch_core/synth_model/fft_1024ch_core.vhd sub04/vhpl490 1337106597
EN sync_delay_en_entity_71c59eb398 NULL /scratch/zaki/workspace/roachfengine/fft_1024ch_core/synth_model/fft_1024ch_core.vhd sub03/vhpl350 1337106457
EN relational_0ffd72e037 NULL /scratch/zaki/workspace/roachfengine/fft_1024ch_core/synth_model/fft_1024ch_core.vhd sub01/vhpl182 1337106289
EN delay_b_entity_caa586227f NULL /scratch/zaki/workspace/roachfengine/fft_1024ch_core/synth_model/fft_1024ch_core.vhd sub04/vhpl416 1337106523
AR relational_dc5bc996c9 behavior /scratch/zaki/workspace/roachfengine/fft_1024ch_core/synth_model/fft_1024ch_core.vhd sub03/vhpl323 1337106430
AR constant_fe72737ca0 behavior /scratch/zaki/workspace/roachfengine/fft_1024ch_core/synth_model/fft_1024ch_core.vhd sub03/vhpl317 1337106424
EN csub_entity_9672345524 NULL /scratch/zaki/workspace/roachfengine/fft_1024ch_core/synth_model/fft_1024ch_core.vhd sub03/vhpl382 1337106489
EN twiddle_general_4mult_entity_b20a5f234c NULL /scratch/zaki/workspace/roachfengine/fft_1024ch_core/synth_model/fft_1024ch_core.vhd sub04/vhpl498 1337106605
EN convert_of0_entity_1384f2b443 NULL /scratch/zaki/workspace/roachfengine/fft_1024ch_core/synth_model/fft_1024ch_core.vhd sub03/vhpl380 1337106487
EN delay_b_entity_480abaa61d NULL /scratch/zaki/workspace/roachfengine/fft_1024ch_core/synth_model/fft_1024ch_core.vhd sub03/vhpl370 1337106477
EN constant_822933f89b NULL /scratch/zaki/workspace/roachfengine/fft_1024ch_core/synth_model/fft_1024ch_core.vhd sub01/vhpl120 1337106227
EN cntr_11_0_c2e89722de712678 NULL /scratch/zaki/workspace/roachfengine/fft_1024ch_core/synth_model/fft_1024ch_core.vhd sub00/vhpl36 1337106143
AR relational_78eac2928d behavior /scratch/zaki/workspace/roachfengine/fft_1024ch_core/synth_model/fft_1024ch_core.vhd sub02/vhpl283 1337106390
EN sync_delay_entity_fb0847d8bf NULL /scratch/zaki/workspace/roachfengine/fft_1024ch_core/synth_model/fft_1024ch_core.vhd sub04/vhpl492 1337106599
AR butterfly_direct_entity_6d0f3e0aba structural /scratch/zaki/workspace/roachfengine/fft_1024ch_core/synth_model/fft_1024ch_core.vhd sub04/vhpl465 1337106572
EN cadd_entity_6cf0f5325f NULL /scratch/zaki/workspace/roachfengine/fft_1024ch_core/synth_model/fft_1024ch_core.vhd sub03/vhpl376 1337106483
EN constant_fbc2f0cce1 NULL /scratch/zaki/workspace/roachfengine/fft_1024ch_core/synth_model/fft_1024ch_core.vhd sub02/vhpl268 1337106375
EN counter_61242a554d NULL /scratch/zaki/workspace/roachfengine/fft_1024ch_core/synth_model/fft_1024ch_core.vhd sub02/vhpl248 1337106355
AR fft_stage_11_entity_26ba983bc7 structural /scratch/zaki/workspace/roachfengine/fft_1024ch_core/synth_model/fft_1024ch_core.vhd sub04/vhpl411 1337106518
AR delay_b_entity_480abaa61d structural /scratch/zaki/workspace/roachfengine/fft_1024ch_core/synth_model/fft_1024ch_core.vhd sub03/vhpl371 1337106478
EN twiddle_general_4mult_entity_22ac7211f0 NULL /scratch/zaki/workspace/roachfengine/fft_1024ch_core/synth_model/fft_1024ch_core.vhd sub04/vhpl486 1337106593
EN fft_1024ch_core NULL /scratch/zaki/workspace/roachfengine/fft_1024ch_core/synth_model/fft_1024ch_core.vhd sub05/vhpl512 1337106619
AR mux_181e58d842 behavior /scratch/zaki/workspace/roachfengine/fft_1024ch_core/synth_model/fft_1024ch_core.vhd sub02/vhpl263 1337106370
AR fft_1024ch_core structural /scratch/zaki/workspace/roachfengine/fft_1024ch_core/synth_model/fft_1024ch_core.vhd sub05/vhpl513 1337106620
AR relational_23065a6aa3 behavior /scratch/zaki/workspace/roachfengine/fft_1024ch_core/synth_model/fft_1024ch_core.vhd sub03/vhpl303 1337106410
AR sync_delay_entity_d54408a058 structural /scratch/zaki/workspace/roachfengine/fft_1024ch_core/synth_model/fft_1024ch_core.vhd sub04/vhpl469 1337106576
EN delay_848c26f47b NULL /scratch/zaki/workspace/roachfengine/fft_1024ch_core/synth_model/fft_1024ch_core.vhd sub02/vhpl252 1337106359
EN constant_270746ab47 NULL /scratch/zaki/workspace/roachfengine/fft_1024ch_core/synth_model/fft_1024ch_core.vhd sub01/vhpl128 1337106235
AR reinterpret_eb03bc3377 behavior /scratch/zaki/workspace/roachfengine/fft_1024ch_core/synth_model/fft_1024ch_core.vhd sub01/vhpl113 1337106220
EN constant_4709ea49b5 NULL /scratch/zaki/workspace/roachfengine/fft_1024ch_core/synth_model/fft_1024ch_core.vhd sub01/vhpl190 1337106297
AR logical_80f90b97d0 behavior /scratch/zaki/workspace/roachfengine/fft_1024ch_core/synth_model/fft_1024ch_core.vhd sub01/vhpl159 1337106266
EN scale_9f61027ba4 NULL /scratch/zaki/workspace/roachfengine/fft_1024ch_core/synth_model/fft_1024ch_core.vhd sub01/vhpl144 1337106251
EN xlspram NULL /scratch/zaki/workspace/roachfengine/fft_1024ch_core/synth_model/fft_1024ch_core.vhd sub01/vhpl170 1337106277
AR constant_f1ac4bddff behavior /scratch/zaki/workspace/roachfengine/fft_1024ch_core/synth_model/fft_1024ch_core.vhd sub02/vhpl267 1337106374
EN constant_a267c870be NULL /scratch/zaki/workspace/roachfengine/fft_1024ch_core/synth_model/fft_1024ch_core.vhd sub03/vhpl304 1337106411
EN fft_stage_4_entity_171e508cf3 NULL /scratch/zaki/workspace/roachfengine/fft_1024ch_core/synth_model/fft_1024ch_core.vhd sub04/vhpl446 1337106553
EN fft_stage_8_entity_2810ce8864 NULL /scratch/zaki/workspace/roachfengine/fft_1024ch_core/synth_model/fft_1024ch_core.vhd sub04/vhpl494 1337106601
EN fft_stage_1_entity_d61c5478a5 NULL /scratch/zaki/workspace/roachfengine/fft_1024ch_core/synth_model/fft_1024ch_core.vhd sub03/vhpl374 1337106481
EN fft_stage_7_entity_5a026dd4c1 NULL /scratch/zaki/workspace/roachfengine/fft_1024ch_core/synth_model/fft_1024ch_core.vhd sub04/vhpl482 1337106589
EN bmg_62_aae57d00ceec7456 NULL /scratch/zaki/workspace/roachfengine/fft_1024ch_core/synth_model/fft_1024ch_core.vhd sub00/vhpl00 1337106107
EN relational_fe487ce1c7 NULL /scratch/zaki/workspace/roachfengine/fft_1024ch_core/synth_model/fft_1024ch_core.vhd sub03/vhpl312 1337106419
AR constant_e8ddc079e9 behavior /scratch/zaki/workspace/roachfengine/fft_1024ch_core/synth_model/fft_1024ch_core.vhd sub02/vhpl241 1337106348
AR dmg_62_598fcf326e540b6a dmg_62_598fcf326e540b6a_a /scratch/zaki/workspace/roachfengine/fft_1024ch_core/synth_model/fft_1024ch_core.vhd sub00/vhpl85 1337106192
EN reorder_odd_entity_702b0c4cee NULL /scratch/zaki/workspace/roachfengine/fft_1024ch_core/synth_model/fft_1024ch_core.vhd sub03/vhpl354 1337106461
AR relational_f9928864ea behavior /scratch/zaki/workspace/roachfengine/fft_1024ch_core/synth_model/fft_1024ch_core.vhd sub02/vhpl245 1337106352
AR bmg_62_aae57d00ceec7456 bmg_62_aae57d00ceec7456_a /scratch/zaki/workspace/roachfengine/fft_1024ch_core/synth_model/fft_1024ch_core.vhd sub00/vhpl01 1337106108
AR logical_aacf6e1b0e behavior /scratch/zaki/workspace/roachfengine/fft_1024ch_core/synth_model/fft_1024ch_core.vhd sub01/vhpl157 1337106264
EN counter_223a0f3237 NULL /scratch/zaki/workspace/roachfengine/fft_1024ch_core/synth_model/fft_1024ch_core.vhd sub02/vhpl246 1337106353
EN bmg_62_dd882f44239ec05c NULL /scratch/zaki/workspace/roachfengine/fft_1024ch_core/synth_model/fft_1024ch_core.vhd sub00/vhpl56 1337106163
AR constant_582a3706dd behavior /scratch/zaki/workspace/roachfengine/fft_1024ch_core/synth_model/fft_1024ch_core.vhd sub03/vhpl315 1337106422
EN bmg_62_6ea787275fdc24d6 NULL /scratch/zaki/workspace/roachfengine/fft_1024ch_core/synth_model/fft_1024ch_core.vhd sub00/vhpl80 1337106187
AR fft_biplex_real_2x_entity_a05e7a283b structural /scratch/zaki/workspace/roachfengine/fft_1024ch_core/synth_model/fft_1024ch_core.vhd sub05/vhpl511 1337106618
AR twiddle_general_4mult_entity_b20a5f234c structural /scratch/zaki/workspace/roachfengine/fft_1024ch_core/synth_model/fft_1024ch_core.vhd sub04/vhpl499 1337106606
AR bmg_62_83efd1fdf9477a72 bmg_62_83efd1fdf9477a72_a /scratch/zaki/workspace/roachfengine/fft_1024ch_core/synth_model/fft_1024ch_core.vhd sub00/vhpl05 1337106112
EN relational_23065a6aa3 NULL /scratch/zaki/workspace/roachfengine/fft_1024ch_core/synth_model/fft_1024ch_core.vhd sub03/vhpl302 1337106409
EN butterfly_direct_entity_e7c2f36804 NULL /scratch/zaki/workspace/roachfengine/fft_1024ch_core/synth_model/fft_1024ch_core.vhd sub04/vhpl488 1337106595
AR relational_0ffd72e037 behavior /scratch/zaki/workspace/roachfengine/fft_1024ch_core/synth_model/fft_1024ch_core.vhd sub01/vhpl183 1337106290
EN fft_stage_11_entity_26ba983bc7 NULL /scratch/zaki/workspace/roachfengine/fft_1024ch_core/synth_model/fft_1024ch_core.vhd sub04/vhpl410 1337106517
EN cntr_11_0_e0d381bcdb78c3cc NULL /scratch/zaki/workspace/roachfengine/fft_1024ch_core/synth_model/fft_1024ch_core.vhd sub00/vhpl20 1337106127
EN constant_fe72737ca0 NULL /scratch/zaki/workspace/roachfengine/fft_1024ch_core/synth_model/fft_1024ch_core.vhd sub03/vhpl316 1337106423
EN bmg_62_51321cc7c8e9865c NULL /scratch/zaki/workspace/roachfengine/fft_1024ch_core/synth_model/fft_1024ch_core.vhd sub00/vhpl32 1337106139
EN bmg_62_daa5a8eb8c5c2eed NULL /scratch/zaki/workspace/roachfengine/fft_1024ch_core/synth_model/fft_1024ch_core.vhd sub00/vhpl30 1337106137
AR delay_b_entity_41e5e338ab structural /scratch/zaki/workspace/roachfengine/fft_1024ch_core/synth_model/fft_1024ch_core.vhd sub04/vhpl467 1337106574
EN xlslice NULL /scratch/zaki/workspace/roachfengine/fft_1024ch_core/synth_model/fft_1024ch_core.vhd sub01/vhpl106 1337106213
AR convert_pipeline behavior /scratch/zaki/workspace/roachfengine/fft_1024ch_core/synth_model/fft_1024ch_core.vhd sub01/vhpl141 1337106248
EN negate_e1a9d1ade1 NULL /scratch/zaki/workspace/roachfengine/fft_1024ch_core/synth_model/fft_1024ch_core.vhd sub02/vhpl264 1337106371
EN reinterpret_60ea556961 NULL /scratch/zaki/workspace/roachfengine/fft_1024ch_core/synth_model/fft_1024ch_core.vhd sub02/vhpl218 1337106325
EN csub_entity_a05e98b01f NULL /scratch/zaki/workspace/roachfengine/fft_1024ch_core/synth_model/fft_1024ch_core.vhd sub03/vhpl344 1337106451
EN twiddle_general_4mult_entity_c73fb03ecd NULL /scratch/zaki/workspace/roachfengine/fft_1024ch_core/synth_model/fft_1024ch_core.vhd sub04/vhpl474 1337106581
AR cntr_11_0_c2e89722de712678 cntr_11_0_c2e89722de712678_a /scratch/zaki/workspace/roachfengine/fft_1024ch_core/synth_model/fft_1024ch_core.vhd sub00/vhpl37 1337106144
EN constant_e8aae5d3bb NULL /scratch/zaki/workspace/roachfengine/fft_1024ch_core/synth_model/fft_1024ch_core.vhd sub02/vhpl288 1337106395
EN mux_1bef4ba0e4 NULL /scratch/zaki/workspace/roachfengine/fft_1024ch_core/synth_model/fft_1024ch_core.vhd sub01/vhpl160 1337106267
AR fft_stage_6_entity_3379c864c6 structural /scratch/zaki/workspace/roachfengine/fft_1024ch_core/synth_model/fft_1024ch_core.vhd sub04/vhpl471 1337106578
EN cntr_11_0_9f5113eef58d42f3 NULL /scratch/zaki/workspace/roachfengine/fft_1024ch_core/synth_model/fft_1024ch_core.vhd sub00/vhpl14 1337106121
EN bmg_62_89660d475f29ded2 NULL /scratch/zaki/workspace/roachfengine/fft_1024ch_core/synth_model/fft_1024ch_core.vhd sub00/vhpl24 1337106131
EN relational_6c3ee657fa NULL /scratch/zaki/workspace/roachfengine/fft_1024ch_core/synth_model/fft_1024ch_core.vhd sub02/vhpl280 1337106387
AR logical_e9e6541380 behavior /scratch/zaki/workspace/roachfengine/fft_1024ch_core/synth_model/fft_1024ch_core.vhd sub01/vhpl199 1337106306
AR sync_delay_entity_a5f0fe964f structural /scratch/zaki/workspace/roachfengine/fft_1024ch_core/synth_model/fft_1024ch_core.vhd sub03/vhpl397 1337106504
EN scale_e5d0b4a1ec NULL /scratch/zaki/workspace/roachfengine/fft_1024ch_core/synth_model/fft_1024ch_core.vhd sub02/vhpl234 1337106341
AR convert_func_call behavior /scratch/zaki/workspace/roachfengine/fft_1024ch_core/synth_model/fft_1024ch_core.vhd sub01/vhpl123 1337106230
EN xlsprom NULL /scratch/zaki/workspace/roachfengine/fft_1024ch_core/synth_model/fft_1024ch_core.vhd sub01/vhpl176 1337106283
EN addsub_8ce31f90bc NULL /scratch/zaki/workspace/roachfengine/fft_1024ch_core/synth_model/fft_1024ch_core.vhd sub02/vhpl226 1337106333
EN relational_dc5bc996c9 NULL /scratch/zaki/workspace/roachfengine/fft_1024ch_core/synth_model/fft_1024ch_core.vhd sub03/vhpl322 1337106429
AR generatepowerefficientenable structural /scratch/zaki/workspace/roachfengine/fft_1024ch_core/synth_model/fft_1024ch_core.vhd sub01/vhpl109 1337106216
AR constant_fbc2f0cce1 behavior /scratch/zaki/workspace/roachfengine/fft_1024ch_core/synth_model/fft_1024ch_core.vhd sub02/vhpl269 1337106376
AR cntr_11_0_df2bb90b8fe02ecf cntr_11_0_df2bb90b8fe02ecf_a /scratch/zaki/workspace/roachfengine/fft_1024ch_core/synth_model/fft_1024ch_core.vhd sub00/vhpl13 1337106120
EN convert_pipeline NULL /scratch/zaki/workspace/roachfengine/fft_1024ch_core/synth_model/fft_1024ch_core.vhd sub01/vhpl140 1337106247
AR constant_4c449dd556 behavior /scratch/zaki/workspace/roachfengine/fft_1024ch_core/synth_model/fft_1024ch_core.vhd sub01/vhpl117 1337106224
AR bmg_62_250528f931baf469 bmg_62_250528f931baf469_a /scratch/zaki/workspace/roachfengine/fft_1024ch_core/synth_model/fft_1024ch_core.vhd sub00/vhpl51 1337106158
AR mux_bdc1db9d7e behavior /scratch/zaki/workspace/roachfengine/fft_1024ch_core/synth_model/fft_1024ch_core.vhd sub01/vhpl169 1337106276
EN cntr_11_0_18c024ef1595096b NULL /scratch/zaki/workspace/roachfengine/fft_1024ch_core/synth_model/fft_1024ch_core.vhd sub00/vhpl06 1337106113
AR xlsprom behavior /scratch/zaki/workspace/roachfengine/fft_1024ch_core/synth_model/fft_1024ch_core.vhd sub01/vhpl177 1337106284
EN constant_67ad97ca70 NULL /scratch/zaki/workspace/roachfengine/fft_1024ch_core/synth_model/fft_1024ch_core.vhd sub03/vhpl324 1337106431
AR delay_b_entity_eb383ccef8 structural /scratch/zaki/workspace/roachfengine/fft_1024ch_core/synth_model/fft_1024ch_core.vhd sub03/vhpl395 1337106502
EN constant_0604807f72 NULL /scratch/zaki/workspace/roachfengine/fft_1024ch_core/synth_model/fft_1024ch_core.vhd sub01/vhpl150 1337106257
AR xlsprom_dist behavior /scratch/zaki/workspace/roachfengine/fft_1024ch_core/synth_model/fft_1024ch_core.vhd sub02/vhpl273 1337106380
AR butterfly_direct_entity_fd702b3dc4 structural /scratch/zaki/workspace/roachfengine/fft_1024ch_core/synth_model/fft_1024ch_core.vhd sub04/vhpl453 1337106560
EN sync_delay_entity_a5f0fe964f NULL /scratch/zaki/workspace/roachfengine/fft_1024ch_core/synth_model/fft_1024ch_core.vhd sub03/vhpl396 1337106503
AR butterfly_direct_entity_db55f3a9ea structural /scratch/zaki/workspace/roachfengine/fft_1024ch_core/synth_model/fft_1024ch_core.vhd sub04/vhpl441 1337106548
AR cntr_11_0_b2e26777d24cb38d cntr_11_0_b2e26777d24cb38d_a /scratch/zaki/workspace/roachfengine/fft_1024ch_core/synth_model/fft_1024ch_core.vhd sub00/vhpl59 1337106166
AR twiddle_general_4mult_entity_51343022cf structural /scratch/zaki/workspace/roachfengine/fft_1024ch_core/synth_model/fft_1024ch_core.vhd sub03/vhpl391 1337106498
AR fft_stage_3_entity_273a1cd05b structural /scratch/zaki/workspace/roachfengine/fft_1024ch_core/synth_model/fft_1024ch_core.vhd sub04/vhpl435 1337106542
AR bmg_62_df2046baee47f05f bmg_62_df2046baee47f05f_a /scratch/zaki/workspace/roachfengine/fft_1024ch_core/synth_model/fft_1024ch_core.vhd sub00/vhpl61 1337106168
AR fft_stage_7_entity_5a026dd4c1 structural /scratch/zaki/workspace/roachfengine/fft_1024ch_core/synth_model/fft_1024ch_core.vhd sub04/vhpl483 1337106590
AR delay_0f6b6badfe behavior /scratch/zaki/workspace/roachfengine/fft_1024ch_core/synth_model/fft_1024ch_core.vhd sub01/vhpl175 1337106282
EN reinterpret_d357e69fa3 NULL /scratch/zaki/workspace/roachfengine/fft_1024ch_core/synth_model/fft_1024ch_core.vhd sub01/vhpl192 1337106299
AR relational_4d3cfceaf4 behavior /scratch/zaki/workspace/roachfengine/fft_1024ch_core/synth_model/fft_1024ch_core.vhd sub03/vhpl329 1337106436
AR addsub_6db2f9c02b behavior /scratch/zaki/workspace/roachfengine/fft_1024ch_core/synth_model/fft_1024ch_core.vhd sub02/vhpl225 1337106332
AR cntr_11_0_b9730cea34623a8b cntr_11_0_b9730cea34623a8b_a /scratch/zaki/workspace/roachfengine/fft_1024ch_core/synth_model/fft_1024ch_core.vhd sub00/vhpl49 1337106156
AR relational_8fc7f5539b behavior /scratch/zaki/workspace/roachfengine/fft_1024ch_core/synth_model/fft_1024ch_core.vhd sub03/vhpl337 1337106444
AR bmg_62_16e54f007b53b02e bmg_62_16e54f007b53b02e_a /scratch/zaki/workspace/roachfengine/fft_1024ch_core/synth_model/fft_1024ch_core.vhd sub00/vhpl19 1337106126
AR biplex_core_entity_28c4ebd84d structural /scratch/zaki/workspace/roachfengine/fft_1024ch_core/synth_model/fft_1024ch_core.vhd sub05/vhpl509 1337106616
EN coeff_gen_entity_b4d8270762 NULL /scratch/zaki/workspace/roachfengine/fft_1024ch_core/synth_model/fft_1024ch_core.vhd sub04/vhpl484 1337106591
EN concat_b198bd62b0 NULL /scratch/zaki/workspace/roachfengine/fft_1024ch_core/synth_model/fft_1024ch_core.vhd sub01/vhpl136 1337106243
EN csub_entity_46bf4f188a NULL /scratch/zaki/workspace/roachfengine/fft_1024ch_core/synth_model/fft_1024ch_core.vhd sub03/vhpl364 1337106471
EN cntr_11_0_9adf5a9f785e3fb8 NULL /scratch/zaki/workspace/roachfengine/fft_1024ch_core/synth_model/fft_1024ch_core.vhd sub00/vhpl72 1337106179
EN twiddle_general_4mult_entity_5314b8011b NULL /scratch/zaki/workspace/roachfengine/fft_1024ch_core/synth_model/fft_1024ch_core.vhd sub04/vhpl402 1337106509
EN synth_reg_w_init NULL /scratch/zaki/workspace/roachfengine/fft_1024ch_core/synth_model/fft_1024ch_core.vhd sub01/vhpl102 1337106209
EN bi_real_unscr_2x_entity_cf42a9c4ad NULL /scratch/zaki/workspace/roachfengine/fft_1024ch_core/synth_model/fft_1024ch_core.vhd sub03/vhpl356 1337106463
AR fft_stage_8_entity_2810ce8864 structural /scratch/zaki/workspace/roachfengine/fft_1024ch_core/synth_model/fft_1024ch_core.vhd sub04/vhpl495 1337106602
AR hilbert_dsp48e_entity_f6c0959339 structural /scratch/zaki/workspace/roachfengine/fft_1024ch_core/synth_model/fft_1024ch_core.vhd sub03/vhpl349 1337106456
EN butterfly_direct_entity_6d0f3e0aba NULL /scratch/zaki/workspace/roachfengine/fft_1024ch_core/synth_model/fft_1024ch_core.vhd sub04/vhpl464 1337106571
AR bmg_62_c6cafe6c47d0544c bmg_62_c6cafe6c47d0544c_a /scratch/zaki/workspace/roachfengine/fft_1024ch_core/synth_model/fft_1024ch_core.vhd sub00/vhpl03 1337106110
AR reinterpret_d357e69fa3 behavior /scratch/zaki/workspace/roachfengine/fft_1024ch_core/synth_model/fft_1024ch_core.vhd sub01/vhpl193 1337106300
AR relational_d930162434 behavior /scratch/zaki/workspace/roachfengine/fft_1024ch_core/synth_model/fft_1024ch_core.vhd sub03/vhpl331 1337106438
AR constant_963ed6358a behavior /scratch/zaki/workspace/roachfengine/fft_1024ch_core/synth_model/fft_1024ch_core.vhd sub01/vhpl119 1337106226
AR delay_b_entity_1c18062005 structural /scratch/zaki/workspace/roachfengine/fft_1024ch_core/synth_model/fft_1024ch_core.vhd sub04/vhpl431 1337106538
AR twiddle_pass_through_entity_63f368faa2 structural /scratch/zaki/workspace/roachfengine/fft_1024ch_core/synth_model/fft_1024ch_core.vhd sub03/vhpl367 1337106474
EN reinterpret_7ea107432a NULL /scratch/zaki/workspace/roachfengine/fft_1024ch_core/synth_model/fft_1024ch_core.vhd sub01/vhpl114 1337106221
AR reinterpret_3fb4604c01 behavior /scratch/zaki/workspace/roachfengine/fft_1024ch_core/synth_model/fft_1024ch_core.vhd sub01/vhpl131 1337106238
AR constant_7ea0f2fff7 behavior /scratch/zaki/workspace/roachfengine/fft_1024ch_core/synth_model/fft_1024ch_core.vhd sub03/vhpl307 1337106414
EN bmg_62_83efd1fdf9477a72 NULL /scratch/zaki/workspace/roachfengine/fft_1024ch_core/synth_model/fft_1024ch_core.vhd sub00/vhpl04 1337106111
AR addsub_27fae134d1 behavior /scratch/zaki/workspace/roachfengine/fft_1024ch_core/synth_model/fft_1024ch_core.vhd sub01/vhpl189 1337106296
AR bmg_62_721e2d25fd18b8a2 bmg_62_721e2d25fd18b8a2_a /scratch/zaki/workspace/roachfengine/fft_1024ch_core/synth_model/fft_1024ch_core.vhd sub00/vhpl45 1337106152
EN logical_aacf6e1b0e NULL /scratch/zaki/workspace/roachfengine/fft_1024ch_core/synth_model/fft_1024ch_core.vhd sub01/vhpl156 1337106263
AR counter_223a0f3237 behavior /scratch/zaki/workspace/roachfengine/fft_1024ch_core/synth_model/fft_1024ch_core.vhd sub02/vhpl247 1337106354
EN constant_a1c496ea88 NULL /scratch/zaki/workspace/roachfengine/fft_1024ch_core/synth_model/fft_1024ch_core.vhd sub03/vhpl332 1337106439
AR coeff_gen_entity_b389a0c542 structural /scratch/zaki/workspace/roachfengine/fft_1024ch_core/synth_model/fft_1024ch_core.vhd sub04/vhpl449 1337106556
EN bmg_62_f1ca57bbf79f0673 NULL /scratch/zaki/workspace/roachfengine/fft_1024ch_core/synth_model/fft_1024ch_core.vhd sub00/vhpl40 1337106147
AR logical_444d3f5046 behavior /scratch/zaki/workspace/roachfengine/fft_1024ch_core/synth_model/fft_1024ch_core.vhd sub02/vhpl209 1337106316
AR inverter_e5b38cca3b behavior /scratch/zaki/workspace/roachfengine/fft_1024ch_core/synth_model/fft_1024ch_core.vhd sub02/vhpl201 1337106308
AR butterfly_direct_entity_7c1bf05bb7 structural /scratch/zaki/workspace/roachfengine/fft_1024ch_core/synth_model/fft_1024ch_core.vhd sub03/vhpl369 1337106476
EN delay_0f6b6badfe NULL /scratch/zaki/workspace/roachfengine/fft_1024ch_core/synth_model/fft_1024ch_core.vhd sub01/vhpl174 1337106281
AR sync_delay_en_entity_71c59eb398 structural /scratch/zaki/workspace/roachfengine/fft_1024ch_core/synth_model/fft_1024ch_core.vhd sub03/vhpl351 1337106458
AR negate_e1a9d1ade1 behavior /scratch/zaki/workspace/roachfengine/fft_1024ch_core/synth_model/fft_1024ch_core.vhd sub02/vhpl265 1337106372
AR butterfly_direct_entity_42e2cc91bd structural /scratch/zaki/workspace/roachfengine/fft_1024ch_core/synth_model/fft_1024ch_core.vhd sub05/vhpl501 1337106608
EN constant_8038205d89 NULL /scratch/zaki/workspace/roachfengine/fft_1024ch_core/synth_model/fft_1024ch_core.vhd sub01/vhpl134 1337106241
EN convert_entity_58e9e8dce9 NULL /scratch/zaki/workspace/roachfengine/fft_1024ch_core/synth_model/fft_1024ch_core.vhd sub03/vhpl378 1337106485
EN constant_7b07120b87 NULL /scratch/zaki/workspace/roachfengine/fft_1024ch_core/synth_model/fft_1024ch_core.vhd sub02/vhpl298 1337106405
EN reinterpret_580feec131 NULL /scratch/zaki/workspace/roachfengine/fft_1024ch_core/synth_model/fft_1024ch_core.vhd sub01/vhpl138 1337106245
AR logical_a6d07705dd behavior /scratch/zaki/workspace/roachfengine/fft_1024ch_core/synth_model/fft_1024ch_core.vhd sub02/vhpl203 1337106310
EN xlclockdriver NULL /scratch/zaki/workspace/roachfengine/fft_1024ch_core/synth_model/fft_1024ch_core_cw.vhd sub05/vhpl514 1337106621
AR coeff_gen_entity_1db13b6ef2 structural /scratch/zaki/workspace/roachfengine/fft_1024ch_core/synth_model/fft_1024ch_core.vhd sub04/vhpl497 1337106604
AR butterfly_direct_entity_7728dda2c8 structural /scratch/zaki/workspace/roachfengine/fft_1024ch_core/synth_model/fft_1024ch_core.vhd sub04/vhpl429 1337106536
AR xlcounter_free behavior /scratch/zaki/workspace/roachfengine/fft_1024ch_core/synth_model/fft_1024ch_core.vhd sub01/vhpl155 1337106262
AR bmg_62_dd882f44239ec05c bmg_62_dd882f44239ec05c_a /scratch/zaki/workspace/roachfengine/fft_1024ch_core/synth_model/fft_1024ch_core.vhd sub00/vhpl57 1337106164
AR bmg_62_a6f6b809007e69f9 bmg_62_a6f6b809007e69f9_a /scratch/zaki/workspace/roachfengine/fft_1024ch_core/synth_model/fft_1024ch_core.vhd sub00/vhpl11 1337106118
AR cntr_11_0_c84d65465c59fb07 cntr_11_0_c84d65465c59fb07_a /scratch/zaki/workspace/roachfengine/fft_1024ch_core/synth_model/fft_1024ch_core.vhd sub00/vhpl53 1337106160
EN dmg_62_598fcf326e540b6a NULL /scratch/zaki/workspace/roachfengine/fft_1024ch_core/synth_model/fft_1024ch_core.vhd sub00/vhpl84 1337106191
AR csub_entity_9672345524 structural /scratch/zaki/workspace/roachfengine/fft_1024ch_core/synth_model/fft_1024ch_core.vhd sub03/vhpl383 1337106490
AR twiddle_stage_2_entity_950cc35a79 structural /scratch/zaki/workspace/roachfengine/fft_1024ch_core/synth_model/fft_1024ch_core.vhd sub04/vhpl413 1337106520
EN constant_4c449dd556 NULL /scratch/zaki/workspace/roachfengine/fft_1024ch_core/synth_model/fft_1024ch_core.vhd sub01/vhpl116 1337106223
AR constant_a1c496ea88 behavior /scratch/zaki/workspace/roachfengine/fft_1024ch_core/synth_model/fft_1024ch_core.vhd sub03/vhpl333 1337106440
AR mux_28159dbdb9 behavior /scratch/zaki/workspace/roachfengine/fft_1024ch_core/synth_model/fft_1024ch_core.vhd sub02/vhpl205 1337106312
AR bmg_62_6ea787275fdc24d6 bmg_62_6ea787275fdc24d6_a /scratch/zaki/workspace/roachfengine/fft_1024ch_core/synth_model/fft_1024ch_core.vhd sub00/vhpl81 1337106188
EN cntr_11_0_c84d65465c59fb07 NULL /scratch/zaki/workspace/roachfengine/fft_1024ch_core/synth_model/fft_1024ch_core.vhd sub00/vhpl52 1337106159
EN relational_f9928864ea NULL /scratch/zaki/workspace/roachfengine/fft_1024ch_core/synth_model/fft_1024ch_core.vhd sub02/vhpl244 1337106351
AR constant_9a2c97cce5 behavior /scratch/zaki/workspace/roachfengine/fft_1024ch_core/synth_model/fft_1024ch_core.vhd sub02/vhpl217 1337106324
AR delay_b_entity_8f7d5701ce structural /scratch/zaki/workspace/roachfengine/fft_1024ch_core/synth_model/fft_1024ch_core.vhd sub04/vhpl491 1337106598
EN relational_8fc7f5539b NULL /scratch/zaki/workspace/roachfengine/fft_1024ch_core/synth_model/fft_1024ch_core.vhd sub03/vhpl336 1337106443
AR reorder_even_entity_46cdc9fc47 structural /scratch/zaki/workspace/roachfengine/fft_1024ch_core/synth_model/fft_1024ch_core.vhd sub03/vhpl353 1337106460
EN mux_b75bc1e5be NULL /scratch/zaki/workspace/roachfengine/fft_1024ch_core/synth_model/fft_1024ch_core.vhd sub01/vhpl180 1337106287
AR constant_7b07120b87 behavior /scratch/zaki/workspace/roachfengine/fft_1024ch_core/synth_model/fft_1024ch_core.vhd sub02/vhpl299 1337106406
AR sync_delay_entity_8ff8cf1723 structural /scratch/zaki/workspace/roachfengine/fft_1024ch_core/synth_model/fft_1024ch_core.vhd sub04/vhpl457 1337106564
AR cadd_entity_0876d38971 structural /scratch/zaki/workspace/roachfengine/fft_1024ch_core/synth_model/fft_1024ch_core.vhd sub03/vhpl359 1337106466
EN ri_to_c_entity_6ca6cf7bb1 NULL /scratch/zaki/workspace/roachfengine/fft_1024ch_core/synth_model/fft_1024ch_core.vhd sub03/vhpl386 1337106493
AR bmg_62_f1ca57bbf79f0673 bmg_62_f1ca57bbf79f0673_a /scratch/zaki/workspace/roachfengine/fft_1024ch_core/synth_model/fft_1024ch_core.vhd sub00/vhpl41 1337106148
EN xlconvert_pipeline NULL /scratch/zaki/workspace/roachfengine/fft_1024ch_core/synth_model/fft_1024ch_core.vhd sub01/vhpl142 1337106249
AR cntr_11_0_05042eb8e8f7781c cntr_11_0_05042eb8e8f7781c_a /scratch/zaki/workspace/roachfengine/fft_1024ch_core/synth_model/fft_1024ch_core.vhd sub00/vhpl89 1337106196
AR mux_1bef4ba0e4 behavior /scratch/zaki/workspace/roachfengine/fft_1024ch_core/synth_model/fft_1024ch_core.vhd sub01/vhpl161 1337106268
AR cadd_entity_6cf0f5325f structural /scratch/zaki/workspace/roachfengine/fft_1024ch_core/synth_model/fft_1024ch_core.vhd sub03/vhpl377 1337106484
EN addsub_27fae134d1 NULL /scratch/zaki/workspace/roachfengine/fft_1024ch_core/synth_model/fft_1024ch_core.vhd sub01/vhpl188 1337106295
EN twiddle_general_4mult_entity_57ed09d25a NULL /scratch/zaki/workspace/roachfengine/fft_1024ch_core/synth_model/fft_1024ch_core.vhd sub04/vhpl438 1337106545
AR constant_a267c870be behavior /scratch/zaki/workspace/roachfengine/fft_1024ch_core/synth_model/fft_1024ch_core.vhd sub03/vhpl305 1337106412
EN relational_16235eb2bf NULL /scratch/zaki/workspace/roachfengine/fft_1024ch_core/synth_model/fft_1024ch_core.vhd sub02/vhpl292 1337106399
EN synth_reg_reg NULL /scratch/zaki/workspace/roachfengine/fft_1024ch_core/synth_model/fft_1024ch_core.vhd sub00/vhpl98 1337106205
EN coeff_gen_entity_36efec2b27 NULL /scratch/zaki/workspace/roachfengine/fft_1024ch_core/synth_model/fft_1024ch_core.vhd sub04/vhpl400 1337106507
EN fft_stage_6_entity_3379c864c6 NULL /scratch/zaki/workspace/roachfengine/fft_1024ch_core/synth_model/fft_1024ch_core.vhd sub04/vhpl470 1337106577
EN constant_9a2c97cce5 NULL /scratch/zaki/workspace/roachfengine/fft_1024ch_core/synth_model/fft_1024ch_core.vhd sub02/vhpl216 1337106323
AR synth_reg_reg behav /scratch/zaki/workspace/roachfengine/fft_1024ch_core/synth_model/fft_1024ch_core.vhd sub00/vhpl99 1337106206
AR delay_ae3f84524a behavior /scratch/zaki/workspace/roachfengine/fft_1024ch_core/synth_model/fft_1024ch_core.vhd sub02/vhpl251 1337106358
AR convert_entity_cb90012123 structural /scratch/zaki/workspace/roachfengine/fft_1024ch_core/synth_model/fft_1024ch_core.vhd sub03/vhpl361 1337106468
AR butterfly_direct_entity_e7c2f36804 structural /scratch/zaki/workspace/roachfengine/fft_1024ch_core/synth_model/fft_1024ch_core.vhd sub04/vhpl489 1337106596
EN relational_d930162434 NULL /scratch/zaki/workspace/roachfengine/fft_1024ch_core/synth_model/fft_1024ch_core.vhd sub03/vhpl330 1337106437
EN butterfly_direct_entity_7c1bf05bb7 NULL /scratch/zaki/workspace/roachfengine/fft_1024ch_core/synth_model/fft_1024ch_core.vhd sub03/vhpl368 1337106475
AR delay_2f744cdafb behavior /scratch/zaki/workspace/roachfengine/fft_1024ch_core/synth_model/fft_1024ch_core.vhd sub02/vhpl255 1337106362
EN reinterpret_4bf1ad328a NULL /scratch/zaki/workspace/roachfengine/fft_1024ch_core/synth_model/fft_1024ch_core.vhd sub01/vhpl132 1337106239
EN cntr_11_0_73d90f0f459a7002 NULL /scratch/zaki/workspace/roachfengine/fft_1024ch_core/synth_model/fft_1024ch_core.vhd sub00/vhpl70 1337106177
AR constant_822933f89b behavior /scratch/zaki/workspace/roachfengine/fft_1024ch_core/synth_model/fft_1024ch_core.vhd sub01/vhpl121 1337106228
AR relational_fe487ce1c7 behavior /scratch/zaki/workspace/roachfengine/fft_1024ch_core/synth_model/fft_1024ch_core.vhd sub03/vhpl313 1337106420
EN reinterpret_d2180c9169 NULL /scratch/zaki/workspace/roachfengine/fft_1024ch_core/synth_model/fft_1024ch_core.vhd sub01/vhpl194 1337106301
AR cntr_11_0_c53e3b0687343f7a cntr_11_0_c53e3b0687343f7a_a /scratch/zaki/workspace/roachfengine/fft_1024ch_core/synth_model/fft_1024ch_core.vhd sub00/vhpl65 1337106172
EN delay_b_entity_41e5e338ab NULL /scratch/zaki/workspace/roachfengine/fft_1024ch_core/synth_model/fft_1024ch_core.vhd sub04/vhpl466 1337106573
AR delay_a14e3dd1bd behavior /scratch/zaki/workspace/roachfengine/fft_1024ch_core/synth_model/fft_1024ch_core.vhd sub02/vhpl207 1337106314
EN default_clock_driver NULL /scratch/zaki/workspace/roachfengine/fft_1024ch_core/synth_model/fft_1024ch_core_cw.vhd sub05/vhpl516 1337106623
AR xlslice behavior /scratch/zaki/workspace/roachfengine/fft_1024ch_core/synth_model/fft_1024ch_core.vhd sub01/vhpl107 1337106214
AR cntr_11_0_9f5113eef58d42f3 cntr_11_0_9f5113eef58d42f3_a /scratch/zaki/workspace/roachfengine/fft_1024ch_core/synth_model/fft_1024ch_core.vhd sub00/vhpl15 1337106122
EN relational_9a3978c602 NULL /scratch/zaki/workspace/roachfengine/fft_1024ch_core/synth_model/fft_1024ch_core.vhd sub03/vhpl300 1337106407
EN mux_bdc1db9d7e NULL /scratch/zaki/workspace/roachfengine/fft_1024ch_core/synth_model/fft_1024ch_core.vhd sub01/vhpl168 1337106275
EN relational_47b317dab6 NULL /scratch/zaki/workspace/roachfengine/fft_1024ch_core/synth_model/fft_1024ch_core.vhd sub03/vhpl338 1337106445
AR counter_61242a554d behavior /scratch/zaki/workspace/roachfengine/fft_1024ch_core/synth_model/fft_1024ch_core.vhd sub02/vhpl249 1337106356
EN delay_b_entity_c5c8113636 NULL /scratch/zaki/workspace/roachfengine/fft_1024ch_core/synth_model/fft_1024ch_core.vhd sub04/vhpl454 1337106561
AR sync_delay_entity_f73482297e structural /scratch/zaki/workspace/roachfengine/fft_1024ch_core/synth_model/fft_1024ch_core.vhd sub05/vhpl505 1337106612
EN twiddle_general_4mult_entity_b60354a90e NULL /scratch/zaki/workspace/roachfengine/fft_1024ch_core/synth_model/fft_1024ch_core.vhd sub04/vhpl450 1337106557
EN twiddle_general_4mult_entity_bbcb5a43d0 NULL /scratch/zaki/workspace/roachfengine/fft_1024ch_core/synth_model/fft_1024ch_core.vhd sub04/vhpl462 1337106569
EN synth_reg NULL /scratch/zaki/workspace/roachfengine/fft_1024ch_core/synth_model/fft_1024ch_core.vhd sub00/vhpl96 1337106203
EN constant_91ef1678ca NULL /scratch/zaki/workspace/roachfengine/fft_1024ch_core/synth_model/fft_1024ch_core.vhd sub02/vhpl286 1337106393
EN constant_498bc68c14 NULL /scratch/zaki/workspace/roachfengine/fft_1024ch_core/synth_model/fft_1024ch_core.vhd sub01/vhpl178 1337106285
EN srl17e NULL /scratch/zaki/workspace/roachfengine/fft_1024ch_core/synth_model/fft_1024ch_core.vhd sub00/vhpl94 1337106201
EN bmg_62_df2046baee47f05f NULL /scratch/zaki/workspace/roachfengine/fft_1024ch_core/synth_model/fft_1024ch_core.vhd sub00/vhpl60 1337106167
AR reinterpret_9a0fa0f632 behavior /scratch/zaki/workspace/roachfengine/fft_1024ch_core/synth_model/fft_1024ch_core.vhd sub01/vhpl105 1337106212
EN logical_e9e6541380 NULL /scratch/zaki/workspace/roachfengine/fft_1024ch_core/synth_model/fft_1024ch_core.vhd sub01/vhpl198 1337106305
EN dmg_62_252dff5223562ed1 NULL /scratch/zaki/workspace/roachfengine/fft_1024ch_core/synth_model/fft_1024ch_core.vhd sub00/vhpl90 1337106197
AR twiddle_general_4mult_entity_22ac7211f0 structural /scratch/zaki/workspace/roachfengine/fft_1024ch_core/synth_model/fft_1024ch_core.vhd sub04/vhpl487 1337106594
EN constant_b437b02512 NULL /scratch/zaki/workspace/roachfengine/fft_1024ch_core/synth_model/fft_1024ch_core.vhd sub02/vhpl284 1337106391
AR constant_b4ec9de7d1 behavior /scratch/zaki/workspace/roachfengine/fft_1024ch_core/synth_model/fft_1024ch_core.vhd sub02/vhpl275 1337106382
EN constant_b4ec9de7d1 NULL /scratch/zaki/workspace/roachfengine/fft_1024ch_core/synth_model/fft_1024ch_core.vhd sub02/vhpl274 1337106381
EN delay_b_entity_eb383ccef8 NULL /scratch/zaki/workspace/roachfengine/fft_1024ch_core/synth_model/fft_1024ch_core.vhd sub03/vhpl394 1337106501
AR reinterpret_7ea107432a behavior /scratch/zaki/workspace/roachfengine/fft_1024ch_core/synth_model/fft_1024ch_core.vhd sub01/vhpl115 1337106222
EN cntr_11_0_05042eb8e8f7781c NULL /scratch/zaki/workspace/roachfengine/fft_1024ch_core/synth_model/fft_1024ch_core.vhd sub00/vhpl88 1337106195
AR sync_delay_entity_b7f63eaf1b structural /scratch/zaki/workspace/roachfengine/fft_1024ch_core/synth_model/fft_1024ch_core.vhd sub04/vhpl409 1337106516
AR convert_of0_entity_1384f2b443 structural /scratch/zaki/workspace/roachfengine/fft_1024ch_core/synth_model/fft_1024ch_core.vhd sub03/vhpl381 1337106488
EN concat_f133931c1f NULL /scratch/zaki/workspace/roachfengine/fft_1024ch_core/synth_model/fft_1024ch_core.vhd sub02/vhpl212 1337106319
EN constant_ef0e2e5fc6 NULL /scratch/zaki/workspace/roachfengine/fft_1024ch_core/synth_model/fft_1024ch_core.vhd sub03/vhpl318 1337106425
AR bmg_62_89660d475f29ded2 bmg_62_89660d475f29ded2_a /scratch/zaki/workspace/roachfengine/fft_1024ch_core/synth_model/fft_1024ch_core.vhd sub00/vhpl25 1337106132
AR scale_9f61027ba4 behavior /scratch/zaki/workspace/roachfengine/fft_1024ch_core/synth_model/fft_1024ch_core.vhd sub01/vhpl145 1337106252
AR xlspram behavior /scratch/zaki/workspace/roachfengine/fft_1024ch_core/synth_model/fft_1024ch_core.vhd sub01/vhpl171 1337106278
EN bmg_62_3a48054ca3a8deec NULL /scratch/zaki/workspace/roachfengine/fft_1024ch_core/synth_model/fft_1024ch_core.vhd sub00/vhpl54 1337106161
AR constant_a7e2bb9e12 behavior /scratch/zaki/workspace/roachfengine/fft_1024ch_core/synth_model/fft_1024ch_core.vhd sub02/vhpl237 1337106344
EN reinterpret_9a0fa0f632 NULL /scratch/zaki/workspace/roachfengine/fft_1024ch_core/synth_model/fft_1024ch_core.vhd sub01/vhpl104 1337106211
AR sync_delay_entity_fb0847d8bf structural /scratch/zaki/workspace/roachfengine/fft_1024ch_core/synth_model/fft_1024ch_core.vhd sub04/vhpl493 1337106600
AR fft_stage_4_entity_171e508cf3 structural /scratch/zaki/workspace/roachfengine/fft_1024ch_core/synth_model/fft_1024ch_core.vhd sub04/vhpl447 1337106554
AR coeff_gen_entity_a0a7c9af6e structural /scratch/zaki/workspace/roachfengine/fft_1024ch_core/synth_model/fft_1024ch_core.vhd sub04/vhpl461 1337106568
EN butterfly_direct_entity_589b1ae42b NULL /scratch/zaki/workspace/roachfengine/fft_1024ch_core/synth_model/fft_1024ch_core.vhd sub04/vhpl404 1337106511
AR reinterpret_d2180c9169 behavior /scratch/zaki/workspace/roachfengine/fft_1024ch_core/synth_model/fft_1024ch_core.vhd sub01/vhpl195 1337106302
AR cntr_11_0_38c9cb0851a20d91 cntr_11_0_38c9cb0851a20d91_a /scratch/zaki/workspace/roachfengine/fft_1024ch_core/synth_model/fft_1024ch_core.vhd sub00/vhpl79 1337106186
AR ri_to_c_entity_6ca6cf7bb1 structural /scratch/zaki/workspace/roachfengine/fft_1024ch_core/synth_model/fft_1024ch_core.vhd sub03/vhpl387 1337106494
AR fft_stage_10_entity_608db23e86 structural /scratch/zaki/workspace/roachfengine/fft_1024ch_core/synth_model/fft_1024ch_core.vhd sub03/vhpl399 1337106506
EN sync_delay_entity_8ff8cf1723 NULL /scratch/zaki/workspace/roachfengine/fft_1024ch_core/synth_model/fft_1024ch_core.vhd sub04/vhpl456 1337106563
AR single_reg_w_init structural /scratch/zaki/workspace/roachfengine/fft_1024ch_core/synth_model/fft_1024ch_core.vhd sub01/vhpl101 1337106208
AR cntr_11_0_20f60aed18821bec cntr_11_0_20f60aed18821bec_a /scratch/zaki/workspace/roachfengine/fft_1024ch_core/synth_model/fft_1024ch_core.vhd sub00/vhpl27 1337106134
EN ri_to_c0_entity_6d1b5a34aa NULL /scratch/zaki/workspace/roachfengine/fft_1024ch_core/synth_model/fft_1024ch_core.vhd sub03/vhpl346 1337106453
EN constant_963ed6358a NULL /scratch/zaki/workspace/roachfengine/fft_1024ch_core/synth_model/fft_1024ch_core.vhd sub01/vhpl118 1337106225
EN relational_5f1eb17108 NULL /scratch/zaki/workspace/roachfengine/fft_1024ch_core/synth_model/fft_1024ch_core.vhd sub02/vhpl242 1337106349
EN mux_4bb6f691f7 NULL /scratch/zaki/workspace/roachfengine/fft_1024ch_core/synth_model/fft_1024ch_core.vhd sub02/vhpl210 1337106317
EN reorder_even_entity_46cdc9fc47 NULL /scratch/zaki/workspace/roachfengine/fft_1024ch_core/synth_model/fft_1024ch_core.vhd sub03/vhpl352 1337106459
AR convert_of0_entity_8520f090ce structural /scratch/zaki/workspace/roachfengine/fft_1024ch_core/synth_model/fft_1024ch_core.vhd sub03/vhpl363 1337106470
EN coeff_gen_entity_1db13b6ef2 NULL /scratch/zaki/workspace/roachfengine/fft_1024ch_core/synth_model/fft_1024ch_core.vhd sub04/vhpl496 1337106603
AR sync_delay_entity_f0dbf3f546 structural /scratch/zaki/workspace/roachfengine/fft_1024ch_core/synth_model/fft_1024ch_core.vhd sub04/vhpl419 1337106526
AR c_to_ri0_entity_6093a6f1c0 structural /scratch/zaki/workspace/roachfengine/fft_1024ch_core/synth_model/fft_1024ch_core.vhd sub03/vhpl341 1337106448
EN reinterpret_4a8cbc85ce NULL /scratch/zaki/workspace/roachfengine/fft_1024ch_core/synth_model/fft_1024ch_core.vhd sub01/vhpl186 1337106293
EN constant_e8ddc079e9 NULL /scratch/zaki/workspace/roachfengine/fft_1024ch_core/synth_model/fft_1024ch_core.vhd sub02/vhpl240 1337106347
EN generatepowerefficientenable NULL /scratch/zaki/workspace/roachfengine/fft_1024ch_core/synth_model/fft_1024ch_core.vhd sub01/vhpl108 1337106215
AR delay_848c26f47b behavior /scratch/zaki/workspace/roachfengine/fft_1024ch_core/synth_model/fft_1024ch_core.vhd sub02/vhpl253 1337106360
AR relational_16235eb2bf behavior /scratch/zaki/workspace/roachfengine/fft_1024ch_core/synth_model/fft_1024ch_core.vhd sub02/vhpl293 1337106400
EN fft_stage_10_entity_608db23e86 NULL /scratch/zaki/workspace/roachfengine/fft_1024ch_core/synth_model/fft_1024ch_core.vhd sub03/vhpl398 1337106505
EN sync_delay_entity_d54408a058 NULL /scratch/zaki/workspace/roachfengine/fft_1024ch_core/synth_model/fft_1024ch_core.vhd sub04/vhpl468 1337106575
EN xlcounter_limit NULL /scratch/zaki/workspace/roachfengine/fft_1024ch_core/synth_model/fft_1024ch_core.vhd sub01/vhpl166 1337106273
AR delay_38898c80c0 behavior /scratch/zaki/workspace/roachfengine/fft_1024ch_core/synth_model/fft_1024ch_core.vhd sub02/vhpl229 1337106336
AR bmg_62_7061fc74b87e2931 bmg_62_7061fc74b87e2931_a /scratch/zaki/workspace/roachfengine/fft_1024ch_core/synth_model/fft_1024ch_core.vhd sub00/vhpl09 1337106116
AR dmg_62_fcbc247e5bff391a dmg_62_fcbc247e5bff391a_a /scratch/zaki/workspace/roachfengine/fft_1024ch_core/synth_model/fft_1024ch_core.vhd sub00/vhpl29 1337106136
EN bmg_62_665c019c1c5f5676 NULL /scratch/zaki/workspace/roachfengine/fft_1024ch_core/synth_model/fft_1024ch_core.vhd sub00/vhpl62 1337106169
AR addsub_8ce31f90bc behavior /scratch/zaki/workspace/roachfengine/fft_1024ch_core/synth_model/fft_1024ch_core.vhd sub02/vhpl227 1337106334
EN convert_func_call NULL /scratch/zaki/workspace/roachfengine/fft_1024ch_core/synth_model/fft_1024ch_core.vhd sub01/vhpl122 1337106229
EN fft_stage_3_entity_273a1cd05b NULL /scratch/zaki/workspace/roachfengine/fft_1024ch_core/synth_model/fft_1024ch_core.vhd sub04/vhpl434 1337106541
EN butterfly_direct_entity_42e2cc91bd NULL /scratch/zaki/workspace/roachfengine/fft_1024ch_core/synth_model/fft_1024ch_core.vhd sub05/vhpl500 1337106607
EN sync_delay_entity_538cd35793 NULL /scratch/zaki/workspace/roachfengine/fft_1024ch_core/synth_model/fft_1024ch_core.vhd sub04/vhpl444 1337106551
AR dmg_62_252dff5223562ed1 dmg_62_252dff5223562ed1_a /scratch/zaki/workspace/roachfengine/fft_1024ch_core/synth_model/fft_1024ch_core.vhd sub00/vhpl91 1337106198
EN delay_a14e3dd1bd NULL /scratch/zaki/workspace/roachfengine/fft_1024ch_core/synth_model/fft_1024ch_core.vhd sub02/vhpl206 1337106313
EN bmg_62_c6cafe6c47d0544c NULL /scratch/zaki/workspace/roachfengine/fft_1024ch_core/synth_model/fft_1024ch_core.vhd sub00/vhpl02 1337106109
AR delay_b_entity_f5e13c2a4d structural /scratch/zaki/workspace/roachfengine/fft_1024ch_core/synth_model/fft_1024ch_core.vhd sub05/vhpl503 1337106610
EN delay_b_entity_1c18062005 NULL /scratch/zaki/workspace/roachfengine/fft_1024ch_core/synth_model/fft_1024ch_core.vhd sub04/vhpl430 1337106537
EN logical_a6d07705dd NULL /scratch/zaki/workspace/roachfengine/fft_1024ch_core/synth_model/fft_1024ch_core.vhd sub02/vhpl202 1337106309
AR constant_469094441c behavior /scratch/zaki/workspace/roachfengine/fft_1024ch_core/synth_model/fft_1024ch_core.vhd sub03/vhpl335 1337106442
EN mux_69e3090cc7 NULL /scratch/zaki/workspace/roachfengine/fft_1024ch_core/synth_model/fft_1024ch_core.vhd sub02/vhpl260 1337106367
AR relational_9a3978c602 behavior /scratch/zaki/workspace/roachfengine/fft_1024ch_core/synth_model/fft_1024ch_core.vhd sub03/vhpl301 1337106408
EN twiddle_stage_2_entity_950cc35a79 NULL /scratch/zaki/workspace/roachfengine/fft_1024ch_core/synth_model/fft_1024ch_core.vhd sub04/vhpl412 1337106519
AR bmg_62_665c019c1c5f5676 bmg_62_665c019c1c5f5676_a /scratch/zaki/workspace/roachfengine/fft_1024ch_core/synth_model/fft_1024ch_core.vhd sub00/vhpl63 1337106170
AR butterfly_direct_entity_589b1ae42b structural /scratch/zaki/workspace/roachfengine/fft_1024ch_core/synth_model/fft_1024ch_core.vhd sub04/vhpl405 1337106512
AR relational_2147430058 behavior /scratch/zaki/workspace/roachfengine/fft_1024ch_core/synth_model/fft_1024ch_core.vhd sub01/vhpl163 1337106270
AR coeff_gen_entity_b4d8270762 structural /scratch/zaki/workspace/roachfengine/fft_1024ch_core/synth_model/fft_1024ch_core.vhd sub04/vhpl485 1337106592
AR sync_delay_entity_538cd35793 structural /scratch/zaki/workspace/roachfengine/fft_1024ch_core/synth_model/fft_1024ch_core.vhd sub04/vhpl445 1337106552
EN constant_180df391de NULL /scratch/zaki/workspace/roachfengine/fft_1024ch_core/synth_model/fft_1024ch_core.vhd sub02/vhpl294 1337106401
AR constant_118598964d behavior /scratch/zaki/workspace/roachfengine/fft_1024ch_core/synth_model/fft_1024ch_core.vhd sub01/vhpl147 1337106254
AR srl17e structural /scratch/zaki/workspace/roachfengine/fft_1024ch_core/synth_model/fft_1024ch_core.vhd sub00/vhpl95 1337106202
EN relational_2147430058 NULL /scratch/zaki/workspace/roachfengine/fft_1024ch_core/synth_model/fft_1024ch_core.vhd sub01/vhpl162 1337106269
EN relational_4d3cfceaf4 NULL /scratch/zaki/workspace/roachfengine/fft_1024ch_core/synth_model/fft_1024ch_core.vhd sub03/vhpl328 1337106435
EN coeff_gen_entity_2727609715 NULL /scratch/zaki/workspace/roachfengine/fft_1024ch_core/synth_model/fft_1024ch_core.vhd sub04/vhpl472 1337106579
AR constant_4a391b9a0e behavior /scratch/zaki/workspace/roachfengine/fft_1024ch_core/synth_model/fft_1024ch_core.vhd sub02/vhpl279 1337106386
AR relational_54048c8b02 behavior /scratch/zaki/workspace/roachfengine/fft_1024ch_core/synth_model/fft_1024ch_core.vhd sub02/vhpl291 1337106398
AR cntr_11_0_92cf1c8e61537910 cntr_11_0_92cf1c8e61537910_a /scratch/zaki/workspace/roachfengine/fft_1024ch_core/synth_model/fft_1024ch_core.vhd sub00/vhpl67 1337106174
EN butterfly_direct_entity_1478a1d18a NULL /scratch/zaki/workspace/roachfengine/fft_1024ch_core/synth_model/fft_1024ch_core.vhd sub04/vhpl476 1337106583
EN xlcounter_free NULL /scratch/zaki/workspace/roachfengine/fft_1024ch_core/synth_model/fft_1024ch_core.vhd sub01/vhpl154 1337106261
EN constant_7244cd602b NULL /scratch/zaki/workspace/roachfengine/fft_1024ch_core/synth_model/fft_1024ch_core.vhd sub02/vhpl296 1337106403
AR constant_270746ab47 behavior /scratch/zaki/workspace/roachfengine/fft_1024ch_core/synth_model/fft_1024ch_core.vhd sub01/vhpl129 1337106236
AR fft_stage_2_entity_c642f0c1ce structural /scratch/zaki/workspace/roachfengine/fft_1024ch_core/synth_model/fft_1024ch_core.vhd sub04/vhpl421 1337106528
EN addsub_2969055f39 NULL /scratch/zaki/workspace/roachfengine/fft_1024ch_core/synth_model/fft_1024ch_core.vhd sub02/vhpl214 1337106321
EN bmg_62_92fa6367e92d9ee0 NULL /scratch/zaki/workspace/roachfengine/fft_1024ch_core/synth_model/fft_1024ch_core.vhd sub00/vhpl38 1337106145
EN constant_7ea0f2fff7 NULL /scratch/zaki/workspace/roachfengine/fft_1024ch_core/synth_model/fft_1024ch_core.vhd sub03/vhpl306 1337106413
AR reorder_odd_entity_702b0c4cee structural /scratch/zaki/workspace/roachfengine/fft_1024ch_core/synth_model/fft_1024ch_core.vhd sub03/vhpl355 1337106462
EN xldsp48e NULL /scratch/zaki/workspace/roachfengine/fft_1024ch_core/synth_model/fft_1024ch_core.vhd sub01/vhpl110 1337106217
AR cadd_entity_d903f2a2c7 structural /scratch/zaki/workspace/roachfengine/fft_1024ch_core/synth_model/fft_1024ch_core.vhd sub03/vhpl343 1337106450
EN cntr_11_0_d4d70c5a247867e8 NULL /scratch/zaki/workspace/roachfengine/fft_1024ch_core/synth_model/fft_1024ch_core.vhd sub00/vhpl34 1337106141
AR twiddle_general_4mult_entity_7d233d93d8 structural /scratch/zaki/workspace/roachfengine/fft_1024ch_core/synth_model/fft_1024ch_core.vhd sub04/vhpl427 1337106534
AR constant_6293007044 behavior /scratch/zaki/workspace/roachfengine/fft_1024ch_core/synth_model/fft_1024ch_core.vhd sub01/vhpl153 1337106260
AR delay_b_entity_caa586227f structural /scratch/zaki/workspace/roachfengine/fft_1024ch_core/synth_model/fft_1024ch_core.vhd sub04/vhpl417 1337106524
EN cntr_11_0_511daee48ac62764 NULL /scratch/zaki/workspace/roachfengine/fft_1024ch_core/synth_model/fft_1024ch_core.vhd sub00/vhpl16 1337106123
EN bmg_62_37f844592d213796 NULL /scratch/zaki/workspace/roachfengine/fft_1024ch_core/synth_model/fft_1024ch_core.vhd sub00/vhpl82 1337106189
AR relational_6c3ee657fa behavior /scratch/zaki/workspace/roachfengine/fft_1024ch_core/synth_model/fft_1024ch_core.vhd sub02/vhpl281 1337106388
EN biplex_core_entity_28c4ebd84d NULL /scratch/zaki/workspace/roachfengine/fft_1024ch_core/synth_model/fft_1024ch_core.vhd sub05/vhpl508 1337106615
AR fft_stage_1_entity_d61c5478a5 structural /scratch/zaki/workspace/roachfengine/fft_1024ch_core/synth_model/fft_1024ch_core.vhd sub03/vhpl375 1337106482
AR xlconvert_pipeline behavior /scratch/zaki/workspace/roachfengine/fft_1024ch_core/synth_model/fft_1024ch_core.vhd sub01/vhpl143 1337106250
AR butterfly_direct_entity_1478a1d18a structural /scratch/zaki/workspace/roachfengine/fft_1024ch_core/synth_model/fft_1024ch_core.vhd sub04/vhpl477 1337106584
EN convert_entity_cb90012123 NULL /scratch/zaki/workspace/roachfengine/fft_1024ch_core/synth_model/fft_1024ch_core.vhd sub03/vhpl360 1337106467
EN constant_118598964d NULL /scratch/zaki/workspace/roachfengine/fft_1024ch_core/synth_model/fft_1024ch_core.vhd sub01/vhpl146 1337106253
EN reinterpret_eb03bc3377 NULL /scratch/zaki/workspace/roachfengine/fft_1024ch_core/synth_model/fft_1024ch_core.vhd sub01/vhpl112 1337106219
AR relational_9ece3c8c4e behavior /scratch/zaki/workspace/roachfengine/fft_1024ch_core/synth_model/fft_1024ch_core.vhd sub03/vhpl321 1337106428
EN c_to_ri2_entity_f8c56280c8 NULL /scratch/zaki/workspace/roachfengine/fft_1024ch_core/synth_model/fft_1024ch_core.vhd sub03/vhpl384 1337106491
AR ri_to_c0_entity_6d1b5a34aa structural /scratch/zaki/workspace/roachfengine/fft_1024ch_core/synth_model/fft_1024ch_core.vhd sub03/vhpl347 1337106454
AR mux_69e3090cc7 behavior /scratch/zaki/workspace/roachfengine/fft_1024ch_core/synth_model/fft_1024ch_core.vhd sub02/vhpl261 1337106368
AR bmg_62_66e53735c699b53b bmg_62_66e53735c699b53b_a /scratch/zaki/workspace/roachfengine/fft_1024ch_core/synth_model/fft_1024ch_core.vhd sub00/vhpl23 1337106130
AR sync_delay_entity_350fc3568b structural /scratch/zaki/workspace/roachfengine/fft_1024ch_core/synth_model/fft_1024ch_core.vhd sub03/vhpl373 1337106480
AR concat_b198bd62b0 behavior /scratch/zaki/workspace/roachfengine/fft_1024ch_core/synth_model/fft_1024ch_core.vhd sub01/vhpl137 1337106244
EN reinterpret_3fb4604c01 NULL /scratch/zaki/workspace/roachfengine/fft_1024ch_core/synth_model/fft_1024ch_core.vhd sub01/vhpl130 1337106237
EN sync_delay_entity_b7f63eaf1b NULL /scratch/zaki/workspace/roachfengine/fft_1024ch_core/synth_model/fft_1024ch_core.vhd sub04/vhpl408 1337106515
EN cntr_11_0_92cf1c8e61537910 NULL /scratch/zaki/workspace/roachfengine/fft_1024ch_core/synth_model/fft_1024ch_core.vhd sub00/vhpl66 1337106173
EN constant_145086465d NULL /scratch/zaki/workspace/roachfengine/fft_1024ch_core/synth_model/fft_1024ch_core.vhd sub03/vhpl326 1337106433
AR reinterpret_580feec131 behavior /scratch/zaki/workspace/roachfengine/fft_1024ch_core/synth_model/fft_1024ch_core.vhd sub01/vhpl139 1337106246
AR mux_b75bc1e5be behavior /scratch/zaki/workspace/roachfengine/fft_1024ch_core/synth_model/fft_1024ch_core.vhd sub01/vhpl181 1337106288
EN coeff_gen_entity_e9d8c088fa NULL /scratch/zaki/workspace/roachfengine/fft_1024ch_core/synth_model/fft_1024ch_core.vhd sub04/vhpl436 1337106543
EN cadd_entity_d903f2a2c7 NULL /scratch/zaki/workspace/roachfengine/fft_1024ch_core/synth_model/fft_1024ch_core.vhd sub03/vhpl342 1337106449
AR mux_4bb6f691f7 behavior /scratch/zaki/workspace/roachfengine/fft_1024ch_core/synth_model/fft_1024ch_core.vhd sub02/vhpl211 1337106318
EN delay_e18fb31a3d NULL /scratch/zaki/workspace/roachfengine/fft_1024ch_core/synth_model/fft_1024ch_core.vhd sub02/vhpl258 1337106365
EN bmg_62_16e54f007b53b02e NULL /scratch/zaki/workspace/roachfengine/fft_1024ch_core/synth_model/fft_1024ch_core.vhd sub00/vhpl18 1337106125
AR xldsp48e behavior /scratch/zaki/workspace/roachfengine/fft_1024ch_core/synth_model/fft_1024ch_core.vhd sub01/vhpl111 1337106218
EN relational_78eac2928d NULL /scratch/zaki/workspace/roachfengine/fft_1024ch_core/synth_model/fft_1024ch_core.vhd sub02/vhpl282 1337106389
EN relational_f6702ea2f7 NULL /scratch/zaki/workspace/roachfengine/fft_1024ch_core/synth_model/fft_1024ch_core.vhd sub02/vhpl270 1337106377
EN cntr_11_0_b9730cea34623a8b NULL /scratch/zaki/workspace/roachfengine/fft_1024ch_core/synth_model/fft_1024ch_core.vhd sub00/vhpl48 1337106155
EN twiddle_general_4mult_entity_51343022cf NULL /scratch/zaki/workspace/roachfengine/fft_1024ch_core/synth_model/fft_1024ch_core.vhd sub03/vhpl390 1337106497
AR relational_47b317dab6 behavior /scratch/zaki/workspace/roachfengine/fft_1024ch_core/synth_model/fft_1024ch_core.vhd sub03/vhpl339 1337106446
AR delay_b_entity_c5c8113636 structural /scratch/zaki/workspace/roachfengine/fft_1024ch_core/synth_model/fft_1024ch_core.vhd sub04/vhpl455 1337106562
AR relational_5f1eb17108 behavior /scratch/zaki/workspace/roachfengine/fft_1024ch_core/synth_model/fft_1024ch_core.vhd sub02/vhpl243 1337106350
EN butterfly_direct_entity_3dda9f7958 NULL /scratch/zaki/workspace/roachfengine/fft_1024ch_core/synth_model/fft_1024ch_core.vhd sub03/vhpl392 1337106499
AR bmg_62_2d23f33d919b4b99 bmg_62_2d23f33d919b4b99_a /scratch/zaki/workspace/roachfengine/fft_1024ch_core/synth_model/fft_1024ch_core.vhd sub00/vhpl77 1337106184
EN addsub_6db2f9c02b NULL /scratch/zaki/workspace/roachfengine/fft_1024ch_core/synth_model/fft_1024ch_core.vhd sub02/vhpl224 1337106331
PH conv_pkg NULL /scratch/zaki/workspace/roachfengine/fft_1024ch_core/synth_model/fft_1024ch_core.vhd sub00/vhpl92 1337106199
EN inverter_e5b38cca3b NULL /scratch/zaki/workspace/roachfengine/fft_1024ch_core/synth_model/fft_1024ch_core.vhd sub02/vhpl200 1337106307
AR delay_b_entity_2eb241a2dc structural /scratch/zaki/workspace/roachfengine/fft_1024ch_core/synth_model/fft_1024ch_core.vhd sub04/vhpl479 1337106586
AR scale_e5d0b4a1ec behavior /scratch/zaki/workspace/roachfengine/fft_1024ch_core/synth_model/fft_1024ch_core.vhd sub02/vhpl235 1337106342
EN butterfly_direct_entity_cdabae6b59 NULL /scratch/zaki/workspace/roachfengine/fft_1024ch_core/synth_model/fft_1024ch_core.vhd sub04/vhpl414 1337106521
AR bmg_62_daa5a8eb8c5c2eed bmg_62_daa5a8eb8c5c2eed_a /scratch/zaki/workspace/roachfengine/fft_1024ch_core/synth_model/fft_1024ch_core.vhd sub00/vhpl31 1337106138
AR delay_e18fb31a3d behavior /scratch/zaki/workspace/roachfengine/fft_1024ch_core/synth_model/fft_1024ch_core.vhd sub02/vhpl259 1337106366
EN cntr_11_0_38c9cb0851a20d91 NULL /scratch/zaki/workspace/roachfengine/fft_1024ch_core/synth_model/fft_1024ch_core.vhd sub00/vhpl78 1337106185
AR cntr_11_0_d4d70c5a247867e8 cntr_11_0_d4d70c5a247867e8_a /scratch/zaki/workspace/roachfengine/fft_1024ch_core/synth_model/fft_1024ch_core.vhd sub00/vhpl35 1337106142
EN cntr_11_0_35c81e3155ab2f6f NULL /scratch/zaki/workspace/roachfengine/fft_1024ch_core/synth_model/fft_1024ch_core.vhd sub00/vhpl46 1337106153
EN constant_4a391b9a0e NULL /scratch/zaki/workspace/roachfengine/fft_1024ch_core/synth_model/fft_1024ch_core.vhd sub02/vhpl278 1337106385
EN delay_b_entity_997f5eab8a NULL /scratch/zaki/workspace/roachfengine/fft_1024ch_core/synth_model/fft_1024ch_core.vhd sub04/vhpl406 1337106513
AR twiddle_general_4mult_entity_c73fb03ecd structural /scratch/zaki/workspace/roachfengine/fft_1024ch_core/synth_model/fft_1024ch_core.vhd sub04/vhpl475 1337106582
EN bmg_62_2d23f33d919b4b99 NULL /scratch/zaki/workspace/roachfengine/fft_1024ch_core/synth_model/fft_1024ch_core.vhd sub00/vhpl76 1337106183
AR synth_reg_w_init structural /scratch/zaki/workspace/roachfengine/fft_1024ch_core/synth_model/fft_1024ch_core.vhd sub01/vhpl103 1337106210
AR c_to_ri2_entity_f8c56280c8 structural /scratch/zaki/workspace/roachfengine/fft_1024ch_core/synth_model/fft_1024ch_core.vhd sub03/vhpl385 1337106492
AR constant_0604807f72 behavior /scratch/zaki/workspace/roachfengine/fft_1024ch_core/synth_model/fft_1024ch_core.vhd sub01/vhpl151 1337106258
AR constant_67ad97ca70 behavior /scratch/zaki/workspace/roachfengine/fft_1024ch_core/synth_model/fft_1024ch_core.vhd sub03/vhpl325 1337106432
EN single_reg_w_init NULL /scratch/zaki/workspace/roachfengine/fft_1024ch_core/synth_model/fft_1024ch_core.vhd sub01/vhpl100 1337106207
AR synth_reg structural /scratch/zaki/workspace/roachfengine/fft_1024ch_core/synth_model/fft_1024ch_core.vhd sub00/vhpl97 1337106204
AR relational_931d61fb72 behavior /scratch/zaki/workspace/roachfengine/fft_1024ch_core/synth_model/fft_1024ch_core.vhd sub03/vhpl311 1337106418
AR butterfly_direct_entity_cdabae6b59 structural /scratch/zaki/workspace/roachfengine/fft_1024ch_core/synth_model/fft_1024ch_core.vhd sub04/vhpl415 1337106522
EN delay_b_entity_2eb241a2dc NULL /scratch/zaki/workspace/roachfengine/fft_1024ch_core/synth_model/fft_1024ch_core.vhd sub04/vhpl478 1337106585
EN fft_1024ch_core_cw NULL /scratch/zaki/workspace/roachfengine/fft_1024ch_core/synth_model/fft_1024ch_core_cw.vhd sub05/vhpl518 1337106625
EN relational_931d61fb72 NULL /scratch/zaki/workspace/roachfengine/fft_1024ch_core/synth_model/fft_1024ch_core.vhd sub03/vhpl310 1337106417
EN coeff_gen_entity_a0a7c9af6e NULL /scratch/zaki/workspace/roachfengine/fft_1024ch_core/synth_model/fft_1024ch_core.vhd sub04/vhpl460 1337106567
AR xlclockdriver behavior /scratch/zaki/workspace/roachfengine/fft_1024ch_core/synth_model/fft_1024ch_core_cw.vhd sub05/vhpl515 1337106622
AR constant_e8aae5d3bb behavior /scratch/zaki/workspace/roachfengine/fft_1024ch_core/synth_model/fft_1024ch_core.vhd sub02/vhpl289 1337106396
AR delay_b_entity_997f5eab8a structural /scratch/zaki/workspace/roachfengine/fft_1024ch_core/synth_model/fft_1024ch_core.vhd sub04/vhpl407 1337106514
EN fft_stage_5_entity_47f5cf444b NULL /scratch/zaki/workspace/roachfengine/fft_1024ch_core/synth_model/fft_1024ch_core.vhd sub04/vhpl458 1337106565
EN twiddle_pass_through_entity_63f368faa2 NULL /scratch/zaki/workspace/roachfengine/fft_1024ch_core/synth_model/fft_1024ch_core.vhd sub03/vhpl366 1337106473
EN concat_b57c4be2de NULL /scratch/zaki/workspace/roachfengine/fft_1024ch_core/synth_model/fft_1024ch_core.vhd sub01/vhpl126 1337106233
EN relational_54048c8b02 NULL /scratch/zaki/workspace/roachfengine/fft_1024ch_core/synth_model/fft_1024ch_core.vhd sub02/vhpl290 1337106397
AR bmg_62_37f844592d213796 bmg_62_37f844592d213796_a /scratch/zaki/workspace/roachfengine/fft_1024ch_core/synth_model/fft_1024ch_core.vhd sub00/vhpl83 1337106190
AR bmg_62_3a48054ca3a8deec bmg_62_3a48054ca3a8deec_a /scratch/zaki/workspace/roachfengine/fft_1024ch_core/synth_model/fft_1024ch_core.vhd sub00/vhpl55 1337106162
EN fft_stage_9_entity_30f5b66e54 NULL /scratch/zaki/workspace/roachfengine/fft_1024ch_core/synth_model/fft_1024ch_core.vhd sub05/vhpl506 1337106613
AR logical_938d99ac11 behavior /scratch/zaki/workspace/roachfengine/fft_1024ch_core/synth_model/fft_1024ch_core.vhd sub01/vhpl197 1337106304
EN cntr_11_0_20f60aed18821bec NULL /scratch/zaki/workspace/roachfengine/fft_1024ch_core/synth_model/fft_1024ch_core.vhd sub00/vhpl26 1337106133
EN constant_469094441c NULL /scratch/zaki/workspace/roachfengine/fft_1024ch_core/synth_model/fft_1024ch_core.vhd sub03/vhpl334 1337106441
EN mux_28159dbdb9 NULL /scratch/zaki/workspace/roachfengine/fft_1024ch_core/synth_model/fft_1024ch_core.vhd sub02/vhpl204 1337106311
AR relational_b4b277ae0f behavior /scratch/zaki/workspace/roachfengine/fft_1024ch_core/synth_model/fft_1024ch_core.vhd sub01/vhpl165 1337106272
AR constant_498bc68c14 behavior /scratch/zaki/workspace/roachfengine/fft_1024ch_core/synth_model/fft_1024ch_core.vhd sub01/vhpl179 1337106286
EN coeff_gen_entity_ac97b0964d NULL /scratch/zaki/workspace/roachfengine/fft_1024ch_core/synth_model/fft_1024ch_core.vhd sub03/vhpl388 1337106495
EN bmg_62_a6f6b809007e69f9 NULL /scratch/zaki/workspace/roachfengine/fft_1024ch_core/synth_model/fft_1024ch_core.vhd sub00/vhpl10 1337106117
EN cntr_11_0_c53e3b0687343f7a NULL /scratch/zaki/workspace/roachfengine/fft_1024ch_core/synth_model/fft_1024ch_core.vhd sub00/vhpl64 1337106171
EN butterfly_direct_entity_fd702b3dc4 NULL /scratch/zaki/workspace/roachfengine/fft_1024ch_core/synth_model/fft_1024ch_core.vhd sub04/vhpl452 1337106559
EN constant_582a3706dd NULL /scratch/zaki/workspace/roachfengine/fft_1024ch_core/synth_model/fft_1024ch_core.vhd sub03/vhpl314 1337106421
AR coeff_gen_entity_36efec2b27 structural /scratch/zaki/workspace/roachfengine/fft_1024ch_core/synth_model/fft_1024ch_core.vhd sub04/vhpl401 1337106508
EN dmg_62_f0d8e22702089fe9 NULL /scratch/zaki/workspace/roachfengine/fft_1024ch_core/synth_model/fft_1024ch_core.vhd sub00/vhpl86 1337106193
AR twiddle_general_4mult_entity_bbcb5a43d0 structural /scratch/zaki/workspace/roachfengine/fft_1024ch_core/synth_model/fft_1024ch_core.vhd sub04/vhpl463 1337106570
AR constant_b437b02512 behavior /scratch/zaki/workspace/roachfengine/fft_1024ch_core/synth_model/fft_1024ch_core.vhd sub02/vhpl285 1337106392
EN cntr_11_0_b2e26777d24cb38d NULL /scratch/zaki/workspace/roachfengine/fft_1024ch_core/synth_model/fft_1024ch_core.vhd sub00/vhpl58 1337106165
EN hilbert_dsp48e_entity_f6c0959339 NULL /scratch/zaki/workspace/roachfengine/fft_1024ch_core/synth_model/fft_1024ch_core.vhd sub03/vhpl348 1337106455
AR coeff_gen_entity_2727609715 structural /scratch/zaki/workspace/roachfengine/fft_1024ch_core/synth_model/fft_1024ch_core.vhd sub04/vhpl473 1337106580
AR constant_961b61f8a1 behavior /scratch/zaki/workspace/roachfengine/fft_1024ch_core/synth_model/fft_1024ch_core.vhd sub03/vhpl309 1337106416
EN cntr_11_0_7ca694f8efe8d963 NULL /scratch/zaki/workspace/roachfengine/fft_1024ch_core/synth_model/fft_1024ch_core.vhd sub00/vhpl68 1337106175
